Oct 23 18:01:24 tnc-w1.net.ohio-state.edu dhcpdwrap[4005]: <202541> <DBUG> <tnc-w1.net.ohio-state.edu 128.146.188.165> |dhcp| Received DHCP packet from Datpath, sos msg hdr flags 0x42 opcode 0x5a ingress 0x10001 vlan 3201 egress 0xc81 src mac e0:b5:2d:2d:89:a0
Oct 23 18:01:24 tnc-w5.net.ohio-state.edu authmgr[3966]: <522008> <NOTI> <tnc-w5.net.ohio-state.edu 128.146.188.169>  User Authentication Successful: username=liu.3992 MAC=e0:b5:2d:2d:89:a0 IP=128.146.63.190 role=osu-employee-mobile VLAN=3201 AP=bvmahoning505-1-2 SSID=osuwireless AAA profile=osuwireless-tnc-a auth method=802.1x auth server=cppm-socc4
Oct 23 18:01:24 tnc-w5.net.ohio-state.edu authmgr[3966]: <522008> <NOTI> <tnc-w5.net.ohio-state.edu 128.146.188.169>  User Authentication Successful: username=liu.3992 MAC=e0:b5:2d:2d:89:a0 IP=fe80::87b:c89:bf40:9941 role=osu-employee-mobile VLAN=3201 AP=bvmahoning505-1-2 SSID=osuwireless AAA profile=osuwireless-tnc-a auth method=802.1x auth server=cppm-socc4
Oct 23 18:01:23 tnc-w5.net.ohio-state.edu stm[3998]: <501100> <NOTI> <tnc-w5.net.ohio-state.edu 128.146.188.169>  Assoc success @ 18:01:23.817302: e0:b5:2d:2d:89:a0: AP 172.29.52.21-d8:c7:c8:a0:c9:f0-bvmahoning505-1-2
Oct 23 18:01:23 172.29.52.21 stm[842]: <501100> <NOTI> |AP bvmahoning505-1-2@172.29.52.21 stm|  Assoc success @ 18:01:23.811190: e0:b5:2d:2d:89:a0: AP 172.29.52.21-d8:c7:c8:a0:c9:f0-bvmahoning505-1-2
Oct 23 18:01:23 172.29.52.21 stm[842]: <501095> <NOTI> |AP bvmahoning505-1-2@172.29.52.21 stm|  Assoc request @ 18:01:23.809959: e0:b5:2d:2d:89:a0 (SN 3844): AP 172.29.52.21-d8:c7:c8:a0:c9:f0-bvmahoning505-1-2
Oct 23 18:01:23 172.29.52.21 stm[842]: <501093> <NOTI> |AP bvmahoning505-1-2@172.29.52.21 stm|  Auth success: e0:b5:2d:2d:89:a0: AP 172.29.52.21-d8:c7:c8:a0:c9:f0-bvmahoning505-1-2
Oct 23 18:01:23 172.29.52.21 stm[842]: <501109> <NOTI> |AP bvmahoning505-1-2@172.29.52.21 stm|  Auth request: e0:b5:2d:2d:89:a0: AP 172.29.52.21-d8:c7:c8:a0:c9:f0-bvmahoning505-1-2 auth_alg 0
Oct 23 17:59:19 172.29.52.21 stm[842]: <501102> <NOTI> |AP bvmahoning505-1-2@172.29.52.21 stm|  Disassoc from sta: e0:b5:2d:2d:89:a0: AP 172.29.52.21-d8:c7:c8:a0:c9:f0-bvmahoning505-1-2 Reason STA has left and is disassociated
Oct 23 17:56:45 socc-w3.net.ohio-state.edu authmgr[3995]: <522008> <NOTI> <socc-w3.net.ohio-state.edu 128.146.188.135>  User Authentication Successful: username=tummala.10 MAC=d8:5d:e2:99:a0:a1 IP=140.254.179.173 role=osu-employee VLAN=3014 AP=dreese-2-7 SSID=osuwireless AAA profile=osuwireless-socc-a auth method=802.1x auth server=cppm-kc2
Oct 23 17:56:45 socc-w3.net.ohio-state.edu authmgr[3995]: <522008> <NOTI> <socc-w3.net.ohio-state.edu 128.146.188.135>  User Authentication Successful: username=tummala.10 MAC=d8:5d:e2:99:a0:a1 IP=fe80::f978:5ff4:90ef:8ffe role=osu-employee VLAN=3014 AP=dreese-2-7 SSID=osuwireless AAA profile=osuwireless-socc-a auth method=802.1x auth server=cppm-kc2
Oct 23 17:56:45 172.29.4.7 stm[2021]: <501105> <NOTI> |AP dreese-2-22@172.29.4.7 stm|  Deauth from sta: d8:5d:e2:99:a0:a1: AP 172.29.4.7-94:b4:0f:03:cb:80-dreese-2-22 Reason STA has roamed to another AP
Oct 23 17:56:45 socc-w3.net.ohio-state.edu stm[4027]: <501100> <NOTI> <socc-w3.net.ohio-state.edu 128.146.188.135>  Assoc success @ 17:56:45.674130: d8:5d:e2:99:a0:a1: AP 172.29.6.14-94:b4:0f:ad:ee:60-dreese-2-7
Oct 23 17:56:45 172.29.6.14 stm[2007]: <501100> <NOTI> |AP dreese-2-7@172.29.6.14 stm|  Assoc success @ 17:56:45.670647: d8:5d:e2:99:a0:a1: AP 172.29.6.14-94:b4:0f:ad:ee:60-dreese-2-7
Oct 23 17:56:45 socc-w3.net.ohio-state.edu stm[4027]: <501080> <NOTI> <socc-w3.net.ohio-state.edu 128.146.188.135>  Deauth to sta: d8:5d:e2:99:a0:a1: Ageout AP 172.29.4.7-94:b4:0f:03:cb:80-dreese-2-22 STA has roamed to another AP
Oct 23 17:56:45 172.29.6.14 stm[2007]: <501095> <NOTI> |AP dreese-2-7@172.29.6.14 stm|  Assoc request @ 17:56:45.669411: d8:5d:e2:99:a0:a1 (SN 1321): AP 172.29.6.14-94:b4:0f:ad:ee:60-dreese-2-7
Oct 23 17:56:45 172.29.6.14 stm[2007]: <501093> <NOTI> |AP dreese-2-7@172.29.6.14 stm|  Auth success: d8:5d:e2:99:a0:a1: AP 172.29.6.14-94:b4:0f:ad:ee:60-dreese-2-7
Oct 23 17:56:08 cppm-tc3 2016-10-23 17:56:08,248 140.254.20.28 CPPM_Session_Detail 2933757545 1 0 id=12826845570,session_id=R03b9871b-11-580d318d,type=INTERNAL_IN,attr_name=Connection:Client-Mac-Address-Colon,attr_value=e0:b5:2d:2d:89:a0,timestamp=2016-10-23 17:54:22.079237-04
Oct 23 17:55:00 cppm-socc4 2016-10-23 17:55:00,483 128.146.178.145 CPPM_Session_Detail 4064478066 1 0 id=4073886325,session_id=R00662a82-16-580d318a,type=INTERNAL_IN,attr_name=Connection:Client-Mac-Address-Colon,attr_value=e0:b5:2d:2d:89:a0,timestamp=2016-10-23 17:54:19.892167-04
Oct 23 17:54:18 tnc-w1.net.ohio-state.edu dhcpdwrap[4005]: <202536> <DBUG> <tnc-w1.net.ohio-state.edu 128.146.188.165> |dhcp| Datapath vlan3201: REQUEST e0:b5:2d:2d:89:a0 Transaction ID:0xb79693dc reqIP=128.146.63.190 Options 37:017903060f77fc 39:05dc 3d:01e0b52d2d89a0 33:0076a700 0c:4a69617368616e67736950686f6e65
Oct 23 17:54:18 tnc-w1.net.ohio-state.edu dhcpdwrap[4005]: <202541> <DBUG> <tnc-w1.net.ohio-state.edu 128.146.188.165> |dhcp| Received DHCP packet from Datpath, sos msg hdr flags 0x42 opcode 0x5a ingress 0x10001 vlan 3201 egress 0xc81 src mac e0:b5:2d:2d:89:a0
Oct 23 17:54:18 tnc-w5.net.ohio-state.edu stm[3998]: <501100> <NOTI> <tnc-w5.net.ohio-state.edu 128.146.188.169>  Assoc success @ 17:54:18.153519: e0:b5:2d:2d:89:a0: AP 172.29.52.21-d8:c7:c8:a0:c9:f0-bvmahoning505-1-2
Oct 23 17:54:18 172.29.52.21 stm[842]: <501100> <NOTI> |AP bvmahoning505-1-2@172.29.52.21 stm|  Assoc success @ 17:54:18.142693: e0:b5:2d:2d:89:a0: AP 172.29.52.21-d8:c7:c8:a0:c9:f0-bvmahoning505-1-2
Oct 23 17:54:18 172.29.52.21 stm[842]: <501095> <NOTI> |AP bvmahoning505-1-2@172.29.52.21 stm|  Assoc request @ 17:54:18.141426: e0:b5:2d:2d:89:a0 (SN 3476): AP 172.29.52.21-d8:c7:c8:a0:c9:f0-bvmahoning505-1-2
Oct 23 17:54:18 172.29.52.21 stm[842]: <501109> <NOTI> |AP bvmahoning505-1-2@172.29.52.21 stm|  Auth request: e0:b5:2d:2d:89:a0: AP 172.29.52.21-d8:c7:c8:a0:c9:f0-bvmahoning505-1-2 auth_alg 0
Oct 23 17:53:48 cppm-tc3 2016-10-23 17:53:48,348 140.254.20.28 CPPM_Session_Detail 2933706546 1 0 id=12826794574,session_id=R03b9816a-11-580d3115,type=INTERNAL_IN,attr_name=Connection:Client-Mac-Address-Colon,attr_value=e0:b5:2d:2d:89:a0,timestamp=2016-10-23 17:52:22.996601-04
Oct 23 17:53:38 socc-w3.net.ohio-state.edu stm[4027]: <501100> <NOTI> <socc-w3.net.ohio-state.edu 128.146.188.135>  Assoc success @ 17:53:38.061350: d8:5d:e2:99:a0:a1: AP 172.29.4.7-94:b4:0f:03:cb:80-dreese-2-22
Oct 23 17:53:38 172.29.4.7 stm[2021]: <501100> <NOTI> |AP dreese-2-22@172.29.4.7 stm|  Assoc success @ 17:53:38.058280: d8:5d:e2:99:a0:a1: AP 172.29.4.7-94:b4:0f:03:cb:80-dreese-2-22
Oct 23 17:53:38 172.29.4.7 stm[2021]: <501095> <NOTI> |AP dreese-2-22@172.29.4.7 stm|  Assoc request @ 17:53:38.057055: d8:5d:e2:99:a0:a1 (SN 553): AP 172.29.4.7-94:b4:0f:03:cb:80-dreese-2-22
Oct 23 17:53:38 172.29.4.7 stm[2021]: <501093> <NOTI> |AP dreese-2-22@172.29.4.7 stm|  Auth success: d8:5d:e2:99:a0:a1: AP 172.29.4.7-94:b4:0f:03:cb:80-dreese-2-22
Oct 23 17:47:17 172.29.52.21 stm[842]: <501102> <NOTI> |AP bvmahoning505-1-2@172.29.52.21 stm|  Disassoc from sta: e0:b5:2d:2d:89:a0: AP 172.29.52.21-d8:c7:c8:a0:c9:f0-bvmahoning505-1-2 Reason STA has left and is disassociated
Oct 23 17:39:44 cppm-tc4 2016-10-23 17:39:44,223 128.146.67.199 CPPM_Session_Detail 4015102474 1 0 id=4024083379,session_id=R00639a18-15-580d2e0a,type=INTERNAL_IN,attr_name=Connection:Client-Mac-Address-Colon,attr_value=e0:b5:2d:2d:89:a0,timestamp=2016-10-23 17:39:22.685081-04
Oct 23 17:39:22 tnc-w1.net.ohio-state.edu dhcpdwrap[4005]: <202536> <DBUG> <tnc-w1.net.ohio-state.edu 128.146.188.165> |dhcp| Datapath vlan3201: REQUEST e0:b5:2d:2d:89:a0 Transaction ID:0xb79693d8 reqIP=128.146.63.190 Options 37:017903060f77fc 39:05dc 3d:01e0b52d2d89a0 33:0076a700 0c:4a69617368616e67736950686f6e65
Oct 23 17:39:22 tnc-w1.net.ohio-state.edu dhcpdwrap[4005]: <202541> <DBUG> <tnc-w1.net.ohio-state.edu 128.146.188.165> |dhcp| Received DHCP packet from Datpath, sos msg hdr flags 0x42 opcode 0x5a ingress 0x10001 vlan 3201 egress 0xc81 src mac e0:b5:2d:2d:89:a0
Oct 23 17:39:22 tnc-w5.net.ohio-state.edu stm[3998]: <501100> <NOTI> <tnc-w5.net.ohio-state.edu 128.146.188.169>  Assoc success @ 17:39:22.027635: e0:b5:2d:2d:89:a0: AP 172.29.52.21-d8:c7:c8:a0:c9:f0-bvmahoning505-1-2
Oct 23 17:39:22 172.29.52.21 stm[842]: <501100> <NOTI> |AP bvmahoning505-1-2@172.29.52.21 stm|  Assoc success @ 17:39:22.023361: e0:b5:2d:2d:89:a0: AP 172.29.52.21-d8:c7:c8:a0:c9:f0-bvmahoning505-1-2
Oct 23 17:39:22 172.29.52.21 stm[842]: <501095> <NOTI> |AP bvmahoning505-1-2@172.29.52.21 stm|  Assoc request @ 17:39:22.022104: e0:b5:2d:2d:89:a0 (SN 3286): AP 172.29.52.21-d8:c7:c8:a0:c9:f0-bvmahoning505-1-2
Oct 23 17:39:22 172.29.52.21 stm[842]: <501093> <NOTI> |AP bvmahoning505-1-2@172.29.52.21 stm|  Auth success: e0:b5:2d:2d:89:a0: AP 172.29.52.21-d8:c7:c8:a0:c9:f0-bvmahoning505-1-2
Oct 23 17:39:22 172.29.52.21 stm[842]: <501109> <NOTI> |AP bvmahoning505-1-2@172.29.52.21 stm|  Auth request: e0:b5:2d:2d:89:a0: AP 172.29.52.21-d8:c7:c8:a0:c9:f0-bvmahoning505-1-2 auth_alg 0
Oct 23 17:36:40 172.29.52.21 stm[842]: <501102> <NOTI> |AP bvmahoning505-1-2@172.29.52.21 stm|  Disassoc from sta: e0:b5:2d:2d:89:a0: AP 172.29.52.21-d8:c7:c8:a0:c9:f0-bvmahoning505-1-2 Reason STA has left and is disassociated
Oct 23 17:32:07 tnc-w0 wms[3846]: <126053> <WARN> <tnc-w0 128.146.188.164> |ids| AP(00:0b:86:7d:cd:e0@bvmahoning513-2-1): 802.11n 40MHZ Intolerance: An AP detected an HT 40MHZ Intolerance setting from a station (6c:40:08:9b:db:0e) on CHANNEL 1. SNR is 41 and FrameType is ASSOC_REQ. Additional Info: Src-MAC:6c:40:08:9b:db:0e; Dst-MAC:d8:15:0d:2a:ba:ce; BSSID:d8:15:0d:2a:ba:ce. Associated WVE ID(s): WVE-2008-0004.
Oct 23 17:23:15 172.29.6.14 stm[2007]: <501100> <NOTI> |AP dreese-2-7@172.29.6.14 stm|  Assoc success @ 17:23:15.651759: bc:cf:cc:ca:b8:f5: AP 172.29.6.14-94:b4:0f:ad:ee:70-dreese-2-7
Oct 23 17:23:15 socc-w3.net.ohio-state.edu stm[4027]: <501100> <NOTI> <socc-w3.net.ohio-state.edu 128.146.188.135>  Assoc success @ 17:23:15.654189: bc:cf:cc:ca:b8:f5: AP 172.29.6.14-94:b4:0f:ad:ee:70-dreese-2-7
Oct 23 17:23:15 172.29.6.14 stm[2007]: <501095> <NOTI> |AP dreese-2-7@172.29.6.14 stm|  Assoc request @ 17:23:15.650363: bc:cf:cc:ca:b8:f5 (SN 3322): AP 172.29.6.14-94:b4:0f:ad:ee:70-dreese-2-7
Oct 23 17:23:15 172.29.6.14 stm[2007]: <501093> <NOTI> |AP dreese-2-7@172.29.6.14 stm|  Auth success: bc:cf:cc:ca:b8:f5: AP 172.29.6.14-94:b4:0f:ad:ee:70-dreese-2-7
Oct 23 17:20:16 172.29.11.16 stm[2007]: <501080> <NOTI> |AP koffoltlab-1-3@172.29.11.16 stm|  Deauth to sta: bc:cf:cc:ca:b8:f5: Ageout AP 172.29.11.16-94:b4:0f:ab:b4:80-koffoltlab-1-3 Sapcp Ageout (internal ageout) 
Oct 23 17:20:16 172.29.11.16 stm[2007]: <501106> <NOTI> |AP koffoltlab-1-3@172.29.11.16 stm|  Deauth to sta: bc:cf:cc:ca:b8:f5: Ageout AP 172.29.11.16-94:b4:0f:ab:b4:80-koffoltlab-1-3 handle_sapcp
Oct 23 17:17:03 172.29.9.85 stm[2015]: <501080> <NOTI> |AP caldwell-1-8@172.29.9.85 stm|  Deauth to sta: bc:cf:cc:ca:b8:f5: Ageout AP 172.29.9.85-94:b4:0f:aa:e2:a0-caldwell-1-8 Sapcp Ageout (internal ageout) 
Oct 23 17:17:03 172.29.9.85 stm[2015]: <501106> <NOTI> |AP caldwell-1-8@172.29.9.85 stm|  Deauth to sta: bc:cf:cc:ca:b8:f5: Ageout AP 172.29.9.85-94:b4:0f:aa:e2:a0-caldwell-1-8 handle_sapcp
Oct 23 17:12:02 172.29.4.7 stm[2021]: <501080> <NOTI> |AP dreese-2-22@172.29.4.7 stm|  Deauth to sta: d8:5d:e2:99:a0:a1: Ageout AP 172.29.4.7-94:b4:0f:03:cb:80-dreese-2-22 Sapcp Ageout (internal ageout) 
Oct 23 17:12:02 172.29.4.7 stm[2021]: <501106> <NOTI> |AP dreese-2-22@172.29.4.7 stm|  Deauth to sta: d8:5d:e2:99:a0:a1: Ageout AP 172.29.4.7-94:b4:0f:03:cb:80-dreese-2-22 handle_sapcp
Oct 23 17:11:25 172.29.4.7 stm[2021]: <501102> <NOTI> |AP dreese-2-22@172.29.4.7 stm|  Disassoc from sta: d8:5d:e2:99:a0:a1: AP 172.29.4.7-94:b4:0f:03:cb:80-dreese-2-22 Reason STA has left and is disassociated
Oct 23 17:03:53 cppm-tc1 2016-10-23 17:03:53,937 140.254.20.26 CPPM_Session_Detail 1925687334 1 0 id=21339125242,session_id=R01e2dd70-09-580d2549,type=INTERNAL_IN,attr_name=Connection:Client-Mac-Address-Colon,attr_value=bc:cf:cc:ca:b8:f5,timestamp=2016-10-23 17:02:49.44703-04
Oct 23 17:03:35 socc-w0 wms[3844]: <126063> <WARN> <socc-w0 128.146.188.132> |ids| AP(6c:f3:7f:52:7c:20@macquigg-1-12): Node Rate Anomaly: An AP detected frames of type PROBE_RESP transmitted or received by a station bc:cf:cc:ca:b8:f5, which exceed the configured IDS rate threshold for this frame type. SNR for station is 18. Additional Info: PktCount:536; Interval(sec):10.
Oct 23 17:03:32 172.29.14.210 stm[2334]: <501105> <NOTI> |AP smithlab-4-3@172.29.14.210 stm|  Deauth from sta: bc:cf:cc:ca:b8:f5: AP 172.29.14.210-94:b4:0f:a9:d3:60-smithlab-4-3 Reason APAE Disconnect
Oct 23 17:03:32 socc-w4.net.ohio-state.edu stm[3995]: <501080> <NOTI> <socc-w4.net.ohio-state.edu 128.146.188.136>  Deauth to sta: bc:cf:cc:ca:b8:f5: Ageout AP 172.29.14.210-94:b4:0f:a9:d3:60-smithlab-4-3 APAE Disconnect
Oct 23 17:03:32 socc-w4.net.ohio-state.edu stm[3995]: <501106> <NOTI> <socc-w4.net.ohio-state.edu 128.146.188.136>  Deauth to sta: bc:cf:cc:ca:b8:f5: Ageout AP 172.29.14.210-94:b4:0f:a9:d3:60-smithlab-4-3 wifi_deauth_sta
Oct 23 17:03:32 socc-w4.net.ohio-state.edu authmgr[3972]: <132197> <ERRS> <socc-w4.net.ohio-state.edu 128.146.188.136>  Maximum number of retries was attempted for station  bc:cf:cc:ca:b8:f5 94:b4:0f:a9:d3:60, deauthenticating the station
Oct 23 17:02:55 172.29.9.212 stm[2007]: <501105> <NOTI> |AP koffoltlab-2-7@172.29.9.212 stm|  Deauth from sta: bc:cf:cc:ca:b8:f5: AP 172.29.9.212-94:b4:0f:ab:c2:a0-koffoltlab-2-7 Reason STA has roamed to another AP
Oct 23 17:02:55 socc-w5.net.ohio-state.edu authmgr[3966]: <522008> <NOTI> <socc-w5.net.ohio-state.edu 128.146.188.137>  User Authentication Successful: username=das.167 MAC=bc:cf:cc:ca:b8:f5 IP=fe80::bc39:50fa:7d07:12ba role=osu-employee-mobile VLAN=3034 AP=koffoltlab-1-3 SSID=osuwireless AAA profile=osuwireless-socc-b auth method=802.1x auth server=cppm-tc4
Oct 23 17:02:55 socc-w5.net.ohio-state.edu stm[3998]: <501100> <NOTI> <socc-w5.net.ohio-state.edu 128.146.188.137>  Assoc success @ 17:02:55.777882: bc:cf:cc:ca:b8:f5: AP 172.29.11.16-94:b4:0f:ab:b4:80-koffoltlab-1-3
Oct 23 17:02:55 socc-w5.net.ohio-state.edu stm[3998]: <501080> <NOTI> <socc-w5.net.ohio-state.edu 128.146.188.137>  Deauth to sta: bc:cf:cc:ca:b8:f5: Ageout AP 172.29.9.212-94:b4:0f:ab:c2:a0-koffoltlab-2-7 STA has roamed to another AP
Oct 23 17:02:55 172.29.11.16 stm[2007]: <501100> <NOTI> |AP koffoltlab-1-3@172.29.11.16 stm|  Assoc success @ 17:02:55.770724: bc:cf:cc:ca:b8:f5: AP 172.29.11.16-94:b4:0f:ab:b4:80-koffoltlab-1-3
Oct 23 17:02:55 172.29.11.16 stm[2007]: <501095> <NOTI> |AP koffoltlab-1-3@172.29.11.16 stm|  Assoc request @ 17:02:55.769866: bc:cf:cc:ca:b8:f5 (SN 3203): AP 172.29.11.16-94:b4:0f:ab:b4:80-koffoltlab-1-3
Oct 23 17:02:55 172.29.11.16 stm[2007]: <501093> <NOTI> |AP koffoltlab-1-3@172.29.11.16 stm|  Auth success: bc:cf:cc:ca:b8:f5: AP 172.29.11.16-94:b4:0f:ab:b4:80-koffoltlab-1-3
Oct 23 17:02:54 172.29.53.125 stm[838]: <501105> <NOTI> |AP bvmahoning515-1-1@172.29.53.125 stm|  Deauth from sta: e0:b5:2d:2d:89:a0: AP 172.29.53.125-d8:c7:c8:e2:db:f0-bvmahoning515-1-1 Reason STA has roamed to another AP
Oct 23 17:02:54 tnc-w5.net.ohio-state.edu authmgr[3966]: <522008> <NOTI> <tnc-w5.net.ohio-state.edu 128.146.188.169>  User Authentication Successful: username=liu.3992 MAC=e0:b5:2d:2d:89:a0 IP=128.146.63.190 role=osu-employee-mobile VLAN=3201 AP=bvmahoning505-1-2 SSID=osuwireless AAA profile=osuwireless-tnc-a auth method=802.1x auth server=cppm-tc4
Oct 23 17:02:54 tnc-w5.net.ohio-state.edu authmgr[3966]: <522008> <NOTI> <tnc-w5.net.ohio-state.edu 128.146.188.169>  User Authentication Successful: username=liu.3992 MAC=e0:b5:2d:2d:89:a0 IP=fe80::87b:c89:bf40:9941 role=osu-employee-mobile VLAN=3201 AP=bvmahoning505-1-2 SSID=osuwireless AAA profile=osuwireless-tnc-a auth method=802.1x auth server=cppm-tc4
Oct 23 17:02:54 tnc-w5.net.ohio-state.edu stm[3998]: <501100> <NOTI> <tnc-w5.net.ohio-state.edu 128.146.188.169>  Assoc success @ 17:02:54.807454: e0:b5:2d:2d:89:a0: AP 172.29.52.21-d8:c7:c8:a0:c9:f0-bvmahoning505-1-2
Oct 23 17:02:54 172.29.52.21 stm[842]: <501100> <NOTI> |AP bvmahoning505-1-2@172.29.52.21 stm|  Assoc success @ 17:02:54.800523: e0:b5:2d:2d:89:a0: AP 172.29.52.21-d8:c7:c8:a0:c9:f0-bvmahoning505-1-2
Oct 23 17:02:54 172.29.52.21 stm[842]: <501095> <NOTI> |AP bvmahoning505-1-2@172.29.52.21 stm|  Assoc request @ 17:02:54.799282: e0:b5:2d:2d:89:a0 (SN 2923): AP 172.29.52.21-d8:c7:c8:a0:c9:f0-bvmahoning505-1-2
Oct 23 17:02:54 tnc-w5.net.ohio-state.edu stm[3998]: <501080> <NOTI> <tnc-w5.net.ohio-state.edu 128.146.188.169>  Deauth to sta: e0:b5:2d:2d:89:a0: Ageout AP 172.29.53.125-d8:c7:c8:e2:db:f0-bvmahoning515-1-1 STA has roamed to another AP
Oct 23 17:02:54 172.29.52.21 stm[842]: <501093> <NOTI> |AP bvmahoning505-1-2@172.29.52.21 stm|  Auth success: e0:b5:2d:2d:89:a0: AP 172.29.52.21-d8:c7:c8:a0:c9:f0-bvmahoning505-1-2
Oct 23 17:02:54 172.29.52.21 stm[842]: <501109> <NOTI> |AP bvmahoning505-1-2@172.29.52.21 stm|  Auth request: e0:b5:2d:2d:89:a0: AP 172.29.52.21-d8:c7:c8:a0:c9:f0-bvmahoning505-1-2 auth_alg 0
Oct 23 17:02:31 socc-w4.net.ohio-state.edu authmgr[3972]: <522010> <NOTI> <socc-w4.net.ohio-state.edu 128.146.188.136>  MAC=bc:cf:cc:ca:b8:f5 IP=fe80::bc39:50fa:7d07:12ba User de-authenticated: name=das.167, cause=user request
Oct 23 17:02:28 socc-w5.net.ohio-state.edu stm[3998]: <501100> <NOTI> <socc-w5.net.ohio-state.edu 128.146.188.137>  Assoc success @ 17:02:28.826478: bc:cf:cc:ca:b8:f5: AP 172.29.9.212-94:b4:0f:ab:c2:a0-koffoltlab-2-7
Oct 23 17:02:28 172.29.9.212 stm[2007]: <501100> <NOTI> |AP koffoltlab-2-7@172.29.9.212 stm|  Assoc success @ 17:02:28.821028: bc:cf:cc:ca:b8:f5: AP 172.29.9.212-94:b4:0f:ab:c2:a0-koffoltlab-2-7
Oct 23 17:02:28 172.29.9.212 stm[2007]: <501095> <NOTI> |AP koffoltlab-2-7@172.29.9.212 stm|  Assoc request @ 17:02:28.819838: bc:cf:cc:ca:b8:f5 (SN 3195): AP 172.29.9.212-94:b4:0f:ab:c2:a0-koffoltlab-2-7
Oct 23 17:02:28 172.29.9.212 stm[2007]: <501093> <NOTI> |AP koffoltlab-2-7@172.29.9.212 stm|  Auth success: bc:cf:cc:ca:b8:f5: AP 172.29.9.212-94:b4:0f:ab:c2:a0-koffoltlab-2-7
Oct 23 17:02:01 172.29.14.162 stm[2308]: <501105> <NOTI> |AP smithlab-4-5@172.29.14.162 stm|  Deauth from sta: bc:cf:cc:ca:b8:f5: AP 172.29.14.162-94:b4:0f:aa:00:00-smithlab-4-5 Reason STA has roamed to another AP
Oct 23 17:02:01 socc-w4.net.ohio-state.edu stm[3995]: <501100> <NOTI> <socc-w4.net.ohio-state.edu 128.146.188.136>  Assoc success @ 17:02:01.523792: bc:cf:cc:ca:b8:f5: AP 172.29.14.210-94:b4:0f:a9:d3:60-smithlab-4-3
Oct 23 17:02:01 172.29.14.210 stm[2334]: <501100> <NOTI> |AP smithlab-4-3@172.29.14.210 stm|  Assoc success @ 17:02:01.518851: bc:cf:cc:ca:b8:f5: AP 172.29.14.210-94:b4:0f:a9:d3:60-smithlab-4-3
Oct 23 17:02:01 172.29.14.210 stm[2334]: <501095> <NOTI> |AP smithlab-4-3@172.29.14.210 stm|  Assoc request @ 17:02:01.517661: bc:cf:cc:ca:b8:f5 (SN 3188): AP 172.29.14.210-94:b4:0f:a9:d3:60-smithlab-4-3
Oct 23 17:02:01 socc-w4.net.ohio-state.edu stm[3995]: <501080> <NOTI> <socc-w4.net.ohio-state.edu 128.146.188.136>  Deauth to sta: bc:cf:cc:ca:b8:f5: Ageout AP 172.29.14.162-94:b4:0f:aa:00:00-smithlab-4-5 STA has roamed to another AP
Oct 23 17:02:01 172.29.14.210 stm[2334]: <501093> <NOTI> |AP smithlab-4-3@172.29.14.210 stm|  Auth success: bc:cf:cc:ca:b8:f5: AP 172.29.14.210-94:b4:0f:a9:d3:60-smithlab-4-3
Oct 23 17:01:54 cppm-kc2 2016-10-23 17:01:54,517 140.254.22.26 CPPM_Session_Detail 1779455543 1 0 id=25383674929,session_id=R01be5f32-13-580d24f1,type=INTERNAL_IN,attr_name=Connection:Client-Mac-Address-Colon,attr_value=bc:cf:cc:ca:b8:f5,timestamp=2016-10-23 17:00:34.774579-04
Oct 23 17:00:42 socc-w4.net.ohio-state.edu stm[3995]: <501100> <NOTI> <socc-w4.net.ohio-state.edu 128.146.188.136>  Assoc success @ 17:00:42.755217: bc:cf:cc:ca:b8:f5: AP 172.29.14.162-94:b4:0f:aa:00:00-smithlab-4-5
Oct 23 17:00:42 172.29.14.162 stm[2308]: <501100> <NOTI> |AP smithlab-4-5@172.29.14.162 stm|  Assoc success @ 17:00:42.749345: bc:cf:cc:ca:b8:f5: AP 172.29.14.162-94:b4:0f:aa:00:00-smithlab-4-5
Oct 23 17:00:42 172.29.14.162 stm[2308]: <501095> <NOTI> |AP smithlab-4-5@172.29.14.162 stm|  Assoc request @ 17:00:42.748178: bc:cf:cc:ca:b8:f5 (SN 3027): AP 172.29.14.162-94:b4:0f:aa:00:00-smithlab-4-5
Oct 23 17:00:42 172.29.14.162 stm[2308]: <501093> <NOTI> |AP smithlab-4-5@172.29.14.162 stm|  Auth success: bc:cf:cc:ca:b8:f5: AP 172.29.14.162-94:b4:0f:aa:00:00-smithlab-4-5
Oct 23 17:00:36 172.29.8.14 stm[2021]: <501105> <NOTI> |AP scottlab-3-1@172.29.8.14 stm|  Deauth from sta: bc:cf:cc:ca:b8:f5: AP 172.29.8.14-94:b4:0f:e6:74:80-scottlab-3-1 Reason Ptk Challenge Failed
Oct 23 17:00:36 socc-w4.net.ohio-state.edu stm[3995]: <501080> <NOTI> <socc-w4.net.ohio-state.edu 128.146.188.136>  Deauth to sta: bc:cf:cc:ca:b8:f5: Ageout AP 172.29.8.14-94:b4:0f:e6:74:80-scottlab-3-1 Ptk Challenge Failed
Oct 23 17:00:36 socc-w4.net.ohio-state.edu stm[3995]: <501106> <NOTI> <socc-w4.net.ohio-state.edu 128.146.188.136>  Deauth to sta: bc:cf:cc:ca:b8:f5: Ageout AP 172.29.8.14-94:b4:0f:e6:74:80-scottlab-3-1 wifi_deauth_sta
Oct 23 17:00:33 172.29.8.56 stm[2015]: <501105> <NOTI> |AP scottlab-2-1@172.29.8.56 stm|  Deauth from sta: bc:cf:cc:ca:b8:f5: AP 172.29.8.56-94:b4:0f:af:43:00-scottlab-2-1 Reason STA has roamed to another AP
Oct 23 17:00:33 socc-w4.net.ohio-state.edu stm[3995]: <501100> <NOTI> <socc-w4.net.ohio-state.edu 128.146.188.136>  Assoc success @ 17:00:33.304402: bc:cf:cc:ca:b8:f5: AP 172.29.8.14-94:b4:0f:e6:74:80-scottlab-3-1
Oct 23 17:00:33 172.29.8.14 stm[2021]: <501100> <NOTI> |AP scottlab-3-1@172.29.8.14 stm|  Assoc success @ 17:00:33.297292: bc:cf:cc:ca:b8:f5: AP 172.29.8.14-94:b4:0f:e6:74:80-scottlab-3-1
Oct 23 17:00:33 socc-w4.net.ohio-state.edu stm[3995]: <501080> <NOTI> <socc-w4.net.ohio-state.edu 128.146.188.136>  Deauth to sta: bc:cf:cc:ca:b8:f5: Ageout AP 172.29.8.56-94:b4:0f:af:43:00-scottlab-2-1 STA has roamed to another AP
Oct 23 17:00:33 172.29.8.14 stm[2021]: <501095> <NOTI> |AP scottlab-3-1@172.29.8.14 stm|  Assoc request @ 17:00:33.295906: bc:cf:cc:ca:b8:f5 (SN 3017): AP 172.29.8.14-94:b4:0f:e6:74:80-scottlab-3-1
Oct 23 17:00:33 172.29.8.14 stm[2021]: <501093> <NOTI> |AP scottlab-3-1@172.29.8.14 stm|  Auth success: bc:cf:cc:ca:b8:f5: AP 172.29.8.14-94:b4:0f:e6:74:80-scottlab-3-1
Oct 23 17:00:22 socc-w4.net.ohio-state.edu stm[3995]: <501100> <NOTI> <socc-w4.net.ohio-state.edu 128.146.188.136>  Assoc success @ 17:00:22.768710: bc:cf:cc:ca:b8:f5: AP 172.29.8.56-94:b4:0f:af:43:00-scottlab-2-1
Oct 23 17:00:22 172.29.8.56 stm[2015]: <501100> <NOTI> |AP scottlab-2-1@172.29.8.56 stm|  Assoc success @ 17:00:22.763001: bc:cf:cc:ca:b8:f5: AP 172.29.8.56-94:b4:0f:af:43:00-scottlab-2-1
Oct 23 17:00:22 172.29.8.56 stm[2015]: <501095> <NOTI> |AP scottlab-2-1@172.29.8.56 stm|  Assoc request @ 17:00:22.762053: bc:cf:cc:ca:b8:f5 (SN 3007): AP 172.29.8.56-94:b4:0f:af:43:00-scottlab-2-1
Oct 23 17:00:22 172.29.8.56 stm[2015]: <501093> <NOTI> |AP scottlab-2-1@172.29.8.56 stm|  Auth success: bc:cf:cc:ca:b8:f5: AP 172.29.8.56-94:b4:0f:af:43:00-scottlab-2-1
Oct 23 17:00:08 172.29.52.21 stm[842]: <501105> <NOTI> |AP bvmahoning505-1-2@172.29.52.21 stm|  Deauth from sta: e0:b5:2d:2d:89:a0: AP 172.29.52.21-d8:c7:c8:a0:c9:f0-bvmahoning505-1-2 Reason STA has roamed to another AP
Oct 23 17:00:08 tnc-w5.net.ohio-state.edu authmgr[3966]: <522008> <NOTI> <tnc-w5.net.ohio-state.edu 128.146.188.169>  User Authentication Successful: username=liu.3992 MAC=e0:b5:2d:2d:89:a0 IP=128.146.63.190 role=osu-employee-mobile VLAN=3201 AP=bvmahoning515-1-1 SSID=osuwireless AAA profile=osuwireless-tnc-a auth method=802.1x auth server=cppm-tc4
Oct 23 17:00:08 tnc-w5.net.ohio-state.edu authmgr[3966]: <522008> <NOTI> <tnc-w5.net.ohio-state.edu 128.146.188.169>  User Authentication Successful: username=liu.3992 MAC=e0:b5:2d:2d:89:a0 IP=fe80::87b:c89:bf40:9941 role=osu-employee-mobile VLAN=3201 AP=bvmahoning515-1-1 SSID=osuwireless AAA profile=osuwireless-tnc-a auth method=802.1x auth server=cppm-tc4
Oct 23 17:00:08 172.29.53.125 stm[838]: <501100> <NOTI> |AP bvmahoning515-1-1@172.29.53.125 stm|  Assoc success @ 17:00:08.706844: e0:b5:2d:2d:89:a0: AP 172.29.53.125-d8:c7:c8:e2:db:f0-bvmahoning515-1-1
Oct 23 17:00:08 tnc-w5.net.ohio-state.edu stm[3998]: <501100> <NOTI> <tnc-w5.net.ohio-state.edu 128.146.188.169>  Assoc success @ 17:00:08.712408: e0:b5:2d:2d:89:a0: AP 172.29.53.125-d8:c7:c8:e2:db:f0-bvmahoning515-1-1
Oct 23 17:00:08 172.29.53.125 stm[838]: <501095> <NOTI> |AP bvmahoning515-1-1@172.29.53.125 stm|  Assoc request @ 17:00:08.705547: e0:b5:2d:2d:89:a0 (SN 1441): AP 172.29.53.125-d8:c7:c8:e2:db:f0-bvmahoning515-1-1
Oct 23 17:00:08 tnc-w5.net.ohio-state.edu stm[3998]: <501080> <NOTI> <tnc-w5.net.ohio-state.edu 128.146.188.169>  Deauth to sta: e0:b5:2d:2d:89:a0: Ageout AP 172.29.52.21-d8:c7:c8:a0:c9:f0-bvmahoning505-1-2 STA has roamed to another AP
Oct 23 17:00:08 172.29.53.125 stm[838]: <501093> <NOTI> |AP bvmahoning515-1-1@172.29.53.125 stm|  Auth success: e0:b5:2d:2d:89:a0: AP 172.29.53.125-d8:c7:c8:e2:db:f0-bvmahoning515-1-1
Oct 23 17:00:08 172.29.53.125 stm[838]: <501109> <NOTI> |AP bvmahoning515-1-1@172.29.53.125 stm|  Auth request: e0:b5:2d:2d:89:a0: AP 172.29.53.125-d8:c7:c8:e2:db:f0-bvmahoning515-1-1 auth_alg 0
Oct 23 16:59:58 172.29.4.7 stm[2021]: <501100> <NOTI> |AP dreese-2-22@172.29.4.7 stm|  Assoc success @ 16:59:58.092282: d8:5d:e2:99:a0:a1: AP 172.29.4.7-94:b4:0f:03:cb:80-dreese-2-22
Oct 23 16:59:58 socc-w3.net.ohio-state.edu stm[4027]: <501100> <NOTI> <socc-w3.net.ohio-state.edu 128.146.188.135>  Assoc success @ 16:59:58.094232: d8:5d:e2:99:a0:a1: AP 172.29.4.7-94:b4:0f:03:cb:80-dreese-2-22
Oct 23 16:59:58 172.29.4.7 stm[2021]: <501095> <NOTI> |AP dreese-2-22@172.29.4.7 stm|  Assoc request @ 16:59:58.090898: d8:5d:e2:99:a0:a1 (SN 553): AP 172.29.4.7-94:b4:0f:03:cb:80-dreese-2-22
Oct 23 16:59:58 172.29.4.7 stm[2021]: <501093> <NOTI> |AP dreese-2-22@172.29.4.7 stm|  Auth success: d8:5d:e2:99:a0:a1: AP 172.29.4.7-94:b4:0f:03:cb:80-dreese-2-22
Oct 23 16:59:32 172.29.4.7 stm[2021]: <501080> <NOTI> |AP dreese-2-22@172.29.4.7 stm|  Deauth to sta: d8:5d:e2:99:a0:a1: Ageout AP 172.29.4.7-94:b4:0f:03:cb:80-dreese-2-22 Sapcp Ageout (internal ageout) 
Oct 23 16:59:32 172.29.4.7 stm[2021]: <501106> <NOTI> |AP dreese-2-22@172.29.4.7 stm|  Deauth to sta: d8:5d:e2:99:a0:a1: Ageout AP 172.29.4.7-94:b4:0f:03:cb:80-dreese-2-22 handle_sapcp
Oct 23 16:59:13 tnc-w5.net.ohio-state.edu authmgr[3966]: <522008> <NOTI> <tnc-w5.net.ohio-state.edu 128.146.188.169>  User Authentication Successful: username=liu.3992 MAC=e0:b5:2d:2d:89:a0 IP=128.146.63.190 role=osu-employee-mobile VLAN=3201 AP=bvmahoning505-1-2 SSID=osuwireless AAA profile=osuwireless-tnc-a auth method=802.1x auth server=cppm-tc4
Oct 23 16:59:13 tnc-w5.net.ohio-state.edu authmgr[3966]: <522008> <NOTI> <tnc-w5.net.ohio-state.edu 128.146.188.169>  User Authentication Successful: username=liu.3992 MAC=e0:b5:2d:2d:89:a0 IP=fe80::87b:c89:bf40:9941 role=osu-employee-mobile VLAN=3201 AP=bvmahoning505-1-2 SSID=osuwireless AAA profile=osuwireless-tnc-a auth method=802.1x auth server=cppm-tc4
Oct 23 16:59:13 172.29.53.125 stm[838]: <501105> <NOTI> |AP bvmahoning515-1-1@172.29.53.125 stm|  Deauth from sta: e0:b5:2d:2d:89:a0: AP 172.29.53.125-d8:c7:c8:e2:db:f0-bvmahoning515-1-1 Reason STA has roamed to another AP
Oct 23 16:59:13 172.29.52.21 stm[842]: <501100> <NOTI> |AP bvmahoning505-1-2@172.29.52.21 stm|  Assoc success @ 16:59:13.200205: e0:b5:2d:2d:89:a0: AP 172.29.52.21-d8:c7:c8:a0:c9:f0-bvmahoning505-1-2
Oct 23 16:59:13 172.29.52.21 stm[842]: <501095> <NOTI> |AP bvmahoning505-1-2@172.29.52.21 stm|  Assoc request @ 16:59:13.198937: e0:b5:2d:2d:89:a0 (SN 729): AP 172.29.52.21-d8:c7:c8:a0:c9:f0-bvmahoning505-1-2
Oct 23 16:59:13 tnc-w5.net.ohio-state.edu stm[3998]: <501100> <NOTI> <tnc-w5.net.ohio-state.edu 128.146.188.169>  Assoc success @ 16:59:13.204408: e0:b5:2d:2d:89:a0: AP 172.29.52.21-d8:c7:c8:a0:c9:f0-bvmahoning505-1-2
Oct 23 16:59:13 tnc-w5.net.ohio-state.edu stm[3998]: <501080> <NOTI> <tnc-w5.net.ohio-state.edu 128.146.188.169>  Deauth to sta: e0:b5:2d:2d:89:a0: Ageout AP 172.29.53.125-d8:c7:c8:e2:db:f0-bvmahoning515-1-1 STA has roamed to another AP
Oct 23 16:59:13 172.29.52.21 stm[842]: <501093> <NOTI> |AP bvmahoning505-1-2@172.29.52.21 stm|  Auth success: e0:b5:2d:2d:89:a0: AP 172.29.52.21-d8:c7:c8:a0:c9:f0-bvmahoning505-1-2
Oct 23 16:59:13 172.29.52.21 stm[842]: <501109> <NOTI> |AP bvmahoning505-1-2@172.29.52.21 stm|  Auth request: e0:b5:2d:2d:89:a0: AP 172.29.52.21-d8:c7:c8:a0:c9:f0-bvmahoning505-1-2 auth_alg 0
Oct 23 16:59:01 172.29.4.7 stm[2021]: <501102> <NOTI> |AP dreese-2-22@172.29.4.7 stm|  Disassoc from sta: d8:5d:e2:99:a0:a1: AP 172.29.4.7-94:b4:0f:03:cb:80-dreese-2-22 Reason STA has left and is disassociated
Oct 23 16:58:50 socc-w3.net.ohio-state.edu authmgr[3995]: <522008> <NOTI> <socc-w3.net.ohio-state.edu 128.146.188.135>  User Authentication Successful: username=das.167 MAC=bc:cf:cc:ca:b8:f5 IP=fe80::bc39:50fa:7d07:12ba role=osu-employee-mobile VLAN=3034 AP=caldwell-1-8 SSID=osuwireless AAA profile=osuwireless-socc-a auth method=802.1x auth server=cppm-tc4
Oct 23 16:58:50 socc-w3.net.ohio-state.edu authmgr[3995]: <522008> <NOTI> <socc-w3.net.ohio-state.edu 128.146.188.135>  User Authentication Successful: username=das.167 MAC=bc:cf:cc:ca:b8:f5 IP=164.107.233.95 role=osu-employee-mobile VLAN=3034 AP=caldwell-1-8 SSID=osuwireless AAA profile=osuwireless-socc-a auth method=802.1x auth server=cppm-tc4
Oct 23 16:58:49 172.29.6.86 stm[2007]: <501105> <NOTI> |AP dreese-2-6@172.29.6.86 stm|  Deauth from sta: bc:cf:cc:ca:b8:f5: AP 172.29.6.86-94:b4:0f:ad:ee:00-dreese-2-6 Reason STA has roamed to another AP
Oct 23 16:58:49 socc-w3.net.ohio-state.edu stm[4027]: <501100> <NOTI> <socc-w3.net.ohio-state.edu 128.146.188.135>  Assoc success @ 16:58:49.707349: bc:cf:cc:ca:b8:f5: AP 172.29.9.85-94:b4:0f:aa:e2:a0-caldwell-1-8
Oct 23 16:58:49 172.29.9.85 stm[2015]: <501100> <NOTI> |AP caldwell-1-8@172.29.9.85 stm|  Assoc success @ 16:58:49.705113: bc:cf:cc:ca:b8:f5: AP 172.29.9.85-94:b4:0f:aa:e2:a0-caldwell-1-8
Oct 23 16:58:49 socc-w3.net.ohio-state.edu stm[4027]: <501080> <NOTI> <socc-w3.net.ohio-state.edu 128.146.188.135>  Deauth to sta: bc:cf:cc:ca:b8:f5: Ageout AP 172.29.6.86-94:b4:0f:ad:ee:00-dreese-2-6 STA has roamed to another AP
Oct 23 16:58:49 172.29.9.85 stm[2015]: <501095> <NOTI> |AP caldwell-1-8@172.29.9.85 stm|  Assoc request @ 16:58:49.704189: bc:cf:cc:ca:b8:f5 (SN 2995): AP 172.29.9.85-94:b4:0f:aa:e2:a0-caldwell-1-8
Oct 23 16:58:49 172.29.9.85 stm[2015]: <501093> <NOTI> |AP caldwell-1-8@172.29.9.85 stm|  Auth success: bc:cf:cc:ca:b8:f5: AP 172.29.9.85-94:b4:0f:aa:e2:a0-caldwell-1-8
Oct 23 16:58:21 socc-w3.net.ohio-state.edu authmgr[3995]: <522008> <NOTI> <socc-w3.net.ohio-state.edu 128.146.188.135>  User Authentication Successful: username=das.167 MAC=bc:cf:cc:ca:b8:f5 IP=fe80::bc39:50fa:7d07:12ba role=osu-employee-mobile VLAN=3034 AP=dreese-2-6 SSID=osuwireless AAA profile=osuwireless-socc-a auth method=802.1x auth server=cppm-tc4
Oct 23 16:58:21 socc-w3.net.ohio-state.edu authmgr[3995]: <522008> <NOTI> <socc-w3.net.ohio-state.edu 128.146.188.135>  User Authentication Successful: username=das.167 MAC=bc:cf:cc:ca:b8:f5 IP=164.107.233.95 role=osu-employee-mobile VLAN=3034 AP=dreese-2-6 SSID=osuwireless AAA profile=osuwireless-socc-a auth method=802.1x auth server=cppm-tc4
Oct 23 16:58:21 172.29.4.7 stm[2021]: <501105> <NOTI> |AP dreese-2-22@172.29.4.7 stm|  Deauth from sta: bc:cf:cc:ca:b8:f5: AP 172.29.4.7-94:b4:0f:03:cb:90-dreese-2-22 Reason STA has roamed to another AP
Oct 23 16:58:21 socc-w3.net.ohio-state.edu stm[4027]: <501100> <NOTI> <socc-w3.net.ohio-state.edu 128.146.188.135>  Assoc success @ 16:58:21.142649: bc:cf:cc:ca:b8:f5: AP 172.29.6.86-94:b4:0f:ad:ee:00-dreese-2-6
Oct 23 16:58:21 172.29.6.86 stm[2007]: <501100> <NOTI> |AP dreese-2-6@172.29.6.86 stm|  Assoc success @ 16:58:21.140482: bc:cf:cc:ca:b8:f5: AP 172.29.6.86-94:b4:0f:ad:ee:00-dreese-2-6
Oct 23 16:58:21 172.29.6.86 stm[2007]: <501095> <NOTI> |AP dreese-2-6@172.29.6.86 stm|  Assoc request @ 16:58:21.139543: bc:cf:cc:ca:b8:f5 (SN 2943): AP 172.29.6.86-94:b4:0f:ad:ee:00-dreese-2-6
Oct 23 16:58:21 socc-w3.net.ohio-state.edu stm[4027]: <501080> <NOTI> <socc-w3.net.ohio-state.edu 128.146.188.135>  Deauth to sta: bc:cf:cc:ca:b8:f5: Ageout AP 172.29.4.7-94:b4:0f:03:cb:90-dreese-2-22 STA has roamed to another AP
Oct 23 16:58:21 172.29.6.86 stm[2007]: <501093> <NOTI> |AP dreese-2-6@172.29.6.86 stm|  Auth success: bc:cf:cc:ca:b8:f5: AP 172.29.6.86-94:b4:0f:ad:ee:00-dreese-2-6
Oct 23 16:51:13 cppm-tc4 2016-10-23 16:51:13,519 128.146.67.199 CPPM_Session_Detail 4011816850 1 0 id=4020795571,session_id=R0062c7ef-15-580d2283,type=INTERNAL_IN,attr_name=Connection:Client-Mac-Address-Colon,attr_value=e0:b5:2d:2d:89:a0,timestamp=2016-10-23 16:50:12.978231-04
Oct 23 16:50:12 tnc-w1.net.ohio-state.edu dhcpdwrap[4005]: <202536> <DBUG> <tnc-w1.net.ohio-state.edu 128.146.188.165> |dhcp| Datapath vlan3201: REQUEST e0:b5:2d:2d:89:a0 Transaction ID:0xb79693cd reqIP=128.146.63.190 Options 37:017903060f77fc 39:05dc 3d:01e0b52d2d89a0 33:0076a700 0c:4a69617368616e67736950686f6e65
Oct 23 16:50:12 tnc-w1.net.ohio-state.edu dhcpdwrap[4005]: <202541> <DBUG> <tnc-w1.net.ohio-state.edu 128.146.188.165> |dhcp| Received DHCP packet from Datpath, sos msg hdr flags 0x42 opcode 0x5a ingress 0x10001 vlan 3201 egress 0xc81 src mac e0:b5:2d:2d:89:a0
Oct 23 16:49:35 172.29.52.21 stm[842]: <501105> <NOTI> |AP bvmahoning505-1-2@172.29.52.21 stm|  Deauth from sta: e0:b5:2d:2d:89:a0: AP 172.29.52.21-d8:c7:c8:a0:c9:f0-bvmahoning505-1-2 Reason STA has roamed to another AP
Oct 23 16:49:35 172.29.53.125 stm[838]: <501100> <NOTI> |AP bvmahoning515-1-1@172.29.53.125 stm|  Assoc success @ 16:49:35.426257: e0:b5:2d:2d:89:a0: AP 172.29.53.125-d8:c7:c8:e2:db:f0-bvmahoning515-1-1
Oct 23 16:49:35 tnc-w5.net.ohio-state.edu stm[3998]: <501100> <NOTI> <tnc-w5.net.ohio-state.edu 128.146.188.169>  Assoc success @ 16:49:35.431465: e0:b5:2d:2d:89:a0: AP 172.29.53.125-d8:c7:c8:e2:db:f0-bvmahoning515-1-1
Oct 23 16:49:35 172.29.53.125 stm[838]: <501095> <NOTI> |AP bvmahoning515-1-1@172.29.53.125 stm|  Assoc request @ 16:49:35.425020: e0:b5:2d:2d:89:a0 (SN 2974): AP 172.29.53.125-d8:c7:c8:e2:db:f0-bvmahoning515-1-1
Oct 23 16:49:35 tnc-w5.net.ohio-state.edu stm[3998]: <501080> <NOTI> <tnc-w5.net.ohio-state.edu 128.146.188.169>  Deauth to sta: e0:b5:2d:2d:89:a0: Ageout AP 172.29.52.21-d8:c7:c8:a0:c9:f0-bvmahoning505-1-2 STA has roamed to another AP
Oct 23 16:49:35 172.29.53.125 stm[838]: <501093> <NOTI> |AP bvmahoning515-1-1@172.29.53.125 stm|  Auth success: e0:b5:2d:2d:89:a0: AP 172.29.53.125-d8:c7:c8:e2:db:f0-bvmahoning515-1-1
Oct 23 16:49:35 172.29.53.125 stm[838]: <501109> <NOTI> |AP bvmahoning515-1-1@172.29.53.125 stm|  Auth request: e0:b5:2d:2d:89:a0: AP 172.29.53.125-d8:c7:c8:e2:db:f0-bvmahoning515-1-1 auth_alg 0
Oct 23 16:49:21 172.29.52.154 stm[841]: <501105> <NOTI> |AP bvmahoning500-1-4@172.29.52.154 stm|  Deauth from sta: e0:b5:2d:2d:89:a0: AP 172.29.52.154-d8:c7:c8:a0:cb:90-bvmahoning500-1-4 Reason STA has roamed to another AP
Oct 23 16:49:21 tnc-w5.net.ohio-state.edu stm[3998]: <501100> <NOTI> <tnc-w5.net.ohio-state.edu 128.146.188.169>  Assoc success @ 16:49:21.155804: e0:b5:2d:2d:89:a0: AP 172.29.52.21-d8:c7:c8:a0:c9:f0-bvmahoning505-1-2
Oct 23 16:49:21 tnc-w5.net.ohio-state.edu stm[3998]: <501080> <NOTI> <tnc-w5.net.ohio-state.edu 128.146.188.169>  Deauth to sta: e0:b5:2d:2d:89:a0: Ageout AP 172.29.52.154-d8:c7:c8:a0:cb:90-bvmahoning500-1-4 STA has roamed to another AP
Oct 23 16:49:21 172.29.52.21 stm[842]: <501100> <NOTI> |AP bvmahoning505-1-2@172.29.52.21 stm|  Assoc success @ 16:49:21.147252: e0:b5:2d:2d:89:a0: AP 172.29.52.21-d8:c7:c8:a0:c9:f0-bvmahoning505-1-2
Oct 23 16:49:21 172.29.52.21 stm[842]: <501095> <NOTI> |AP bvmahoning505-1-2@172.29.52.21 stm|  Assoc request @ 16:49:21.145900: e0:b5:2d:2d:89:a0 (SN 2942): AP 172.29.52.21-d8:c7:c8:a0:c9:f0-bvmahoning505-1-2
Oct 23 16:49:21 172.29.52.21 stm[842]: <501093> <NOTI> |AP bvmahoning505-1-2@172.29.52.21 stm|  Auth success: e0:b5:2d:2d:89:a0: AP 172.29.52.21-d8:c7:c8:a0:c9:f0-bvmahoning505-1-2
Oct 23 16:49:21 172.29.52.21 stm[842]: <501109> <NOTI> |AP bvmahoning505-1-2@172.29.52.21 stm|  Auth request: e0:b5:2d:2d:89:a0: AP 172.29.52.21-d8:c7:c8:a0:c9:f0-bvmahoning505-1-2 auth_alg 0
Oct 23 16:48:51 tnc-w5.net.ohio-state.edu authmgr[3966]: <522008> <NOTI> <tnc-w5.net.ohio-state.edu 128.146.188.169>  User Authentication Successful: username=liu.3992 MAC=e0:b5:2d:2d:89:a0 IP=128.146.63.190 role=osu-employee-mobile VLAN=3201 AP=bvmahoning500-1-4 SSID=osuwireless AAA profile=osuwireless-tnc-a auth method=802.1x auth server=cppm-tc4
Oct 23 16:48:51 tnc-w5.net.ohio-state.edu authmgr[3966]: <522008> <NOTI> <tnc-w5.net.ohio-state.edu 128.146.188.169>  User Authentication Successful: username=liu.3992 MAC=e0:b5:2d:2d:89:a0 IP=fe80::87b:c89:bf40:9941 role=osu-employee-mobile VLAN=3201 AP=bvmahoning500-1-4 SSID=osuwireless AAA profile=osuwireless-tnc-a auth method=802.1x auth server=cppm-tc4
Oct 23 16:48:51 172.29.52.51 stm[841]: <501105> <NOTI> |AP bvmahoning520-1-1@172.29.52.51 stm|  Deauth from sta: e0:b5:2d:2d:89:a0: AP 172.29.52.51-d8:c7:c8:a0:a6:20-bvmahoning520-1-1 Reason STA has roamed to another AP
Oct 23 16:48:51 tnc-w5.net.ohio-state.edu stm[3998]: <501100> <NOTI> <tnc-w5.net.ohio-state.edu 128.146.188.169>  Assoc success @ 16:48:51.496191: e0:b5:2d:2d:89:a0: AP 172.29.52.154-d8:c7:c8:a0:cb:90-bvmahoning500-1-4
Oct 23 16:48:51 tnc-w5.net.ohio-state.edu stm[3998]: <501080> <NOTI> <tnc-w5.net.ohio-state.edu 128.146.188.169>  Deauth to sta: e0:b5:2d:2d:89:a0: Ageout AP 172.29.52.51-d8:c7:c8:a0:a6:20-bvmahoning520-1-1 STA has roamed to another AP
Oct 23 16:48:51 172.29.52.154 stm[841]: <501100> <NOTI> |AP bvmahoning500-1-4@172.29.52.154 stm|  Assoc success @ 16:48:51.483895: e0:b5:2d:2d:89:a0: AP 172.29.52.154-d8:c7:c8:a0:cb:90-bvmahoning500-1-4
Oct 23 16:48:51 172.29.52.154 stm[841]: <501095> <NOTI> |AP bvmahoning500-1-4@172.29.52.154 stm|  Assoc request @ 16:48:51.482511: e0:b5:2d:2d:89:a0 (SN 2836): AP 172.29.52.154-d8:c7:c8:a0:cb:90-bvmahoning500-1-4
Oct 23 16:48:51 172.29.52.154 stm[841]: <501093> <NOTI> |AP bvmahoning500-1-4@172.29.52.154 stm|  Auth success: e0:b5:2d:2d:89:a0: AP 172.29.52.154-d8:c7:c8:a0:cb:90-bvmahoning500-1-4
Oct 23 16:48:51 172.29.52.154 stm[841]: <501109> <NOTI> |AP bvmahoning500-1-4@172.29.52.154 stm|  Auth request: e0:b5:2d:2d:89:a0: AP 172.29.52.154-d8:c7:c8:a0:cb:90-bvmahoning500-1-4 auth_alg 0
Oct 23 16:43:42 tnc-w1.net.ohio-state.edu dhcpdwrap[4005]: <202541> <DBUG> <tnc-w1.net.ohio-state.edu 128.146.188.165> |dhcp| Received DHCP packet from Datpath, sos msg hdr flags 0x42 opcode 0x5a ingress 0x10001 vlan 3201 egress 0xc81 src mac e0:b5:2d:2d:89:a0
Oct 23 16:43:41 tnc-w1.net.ohio-state.edu dhcpdwrap[4005]: <202534> <DBUG> <tnc-w1.net.ohio-state.edu 128.146.188.165> |dhcp| Datapath vlan3201: DISCOVER e0:b5:2d:2d:89:a0 Transaction ID:0xb79693cb Options 37:017903060f77fc 39:05dc 3d:01e0b52d2d89a0 33:0076a700 0c:4a69617368616e67736950686f6e65
Oct 23 16:43:41 tnc-w1.net.ohio-state.edu dhcpdwrap[4005]: <202541> <DBUG> <tnc-w1.net.ohio-state.edu 128.146.188.165> |dhcp| Received DHCP packet from Datpath, sos msg hdr flags 0x42 opcode 0x5a ingress 0x10001 vlan 3201 egress 0xc81 src mac e0:b5:2d:2d:89:a0
Oct 23 16:43:41 tnc-w5.net.ohio-state.edu authmgr[3966]: <522008> <NOTI> <tnc-w5.net.ohio-state.edu 128.146.188.169>  User Authentication Successful: username=liu.3992 MAC=e0:b5:2d:2d:89:a0 IP=fe80::87b:c89:bf40:9941 role=osu-employee-mobile VLAN=3201 AP=bvmahoning520-1-1 SSID=osuwireless AAA profile=osuwireless-tnc-a auth method=802.1x auth server=cppm-tc4
Oct 23 16:43:36 tnc-w5.net.ohio-state.edu stm[3998]: <501100> <NOTI> <tnc-w5.net.ohio-state.edu 128.146.188.169>  Assoc success @ 16:43:36.228801: e0:b5:2d:2d:89:a0: AP 172.29.52.51-d8:c7:c8:a0:a6:20-bvmahoning520-1-1
Oct 23 16:43:36 172.29.52.51 stm[841]: <501100> <NOTI> |AP bvmahoning520-1-1@172.29.52.51 stm|  Assoc success @ 16:43:36.220444: e0:b5:2d:2d:89:a0: AP 172.29.52.51-d8:c7:c8:a0:a6:20-bvmahoning520-1-1
Oct 23 16:43:36 172.29.52.51 stm[841]: <501093> <NOTI> |AP bvmahoning520-1-1@172.29.52.51 stm|  Auth success: e0:b5:2d:2d:89:a0: AP 172.29.52.51-d8:c7:c8:a0:a6:20-bvmahoning520-1-1
Oct 23 16:43:36 172.29.52.51 stm[841]: <501109> <NOTI> |AP bvmahoning520-1-1@172.29.52.51 stm|  Auth request: e0:b5:2d:2d:89:a0: AP 172.29.52.51-d8:c7:c8:a0:a6:20-bvmahoning520-1-1 auth_alg 0
Oct 23 16:43:35 172.29.52.51 stm[841]: <501102> <NOTI> |AP bvmahoning520-1-1@172.29.52.51 stm|  Disassoc from sta: e0:b5:2d:2d:89:a0: AP 172.29.52.51-d8:c7:c8:a0:a6:20-bvmahoning520-1-1 Reason STA has left and is disassociated
Oct 23 16:43:35 tnc-w1.net.ohio-state.edu dhcpdwrap[4005]: <202534> <DBUG> <tnc-w1.net.ohio-state.edu 128.146.188.165> |dhcp| Datapath vlan3201: DISCOVER e0:b5:2d:2d:89:a0 Transaction ID:0xb79693c9 Options 37:017903060f77fc 39:05dc 3d:01e0b52d2d89a0 33:0076a700 0c:4a69617368616e67736950686f6e65
Oct 23 16:43:35 tnc-w1.net.ohio-state.edu dhcpdwrap[4005]: <202541> <DBUG> <tnc-w1.net.ohio-state.edu 128.146.188.165> |dhcp| Received DHCP packet from Datpath, sos msg hdr flags 0x42 opcode 0x5a ingress 0x10001 vlan 3201 egress 0xc81 src mac e0:b5:2d:2d:89:a0
Oct 23 16:43:29 172.29.52.51 stm[841]: <501100> <NOTI> |AP bvmahoning520-1-1@172.29.52.51 stm|  Assoc success @ 16:43:29.966313: e0:b5:2d:2d:89:a0: AP 172.29.52.51-d8:c7:c8:a0:a6:20-bvmahoning520-1-1
Oct 23 16:43:29 tnc-w5.net.ohio-state.edu stm[3998]: <501100> <NOTI> <tnc-w5.net.ohio-state.edu 128.146.188.169>  Assoc success @ 16:43:29.973807: e0:b5:2d:2d:89:a0: AP 172.29.52.51-d8:c7:c8:a0:a6:20-bvmahoning520-1-1
Oct 23 16:43:29 172.29.52.51 stm[841]: <501095> <NOTI> |AP bvmahoning520-1-1@172.29.52.51 stm|  Assoc request @ 16:43:29.964938: e0:b5:2d:2d:89:a0 (SN 1828): AP 172.29.52.51-d8:c7:c8:a0:a6:20-bvmahoning520-1-1
Oct 23 16:43:29 172.29.52.51 stm[841]: <501093> <NOTI> |AP bvmahoning520-1-1@172.29.52.51 stm|  Auth success: e0:b5:2d:2d:89:a0: AP 172.29.52.51-d8:c7:c8:a0:a6:20-bvmahoning520-1-1
Oct 23 16:43:29 172.29.52.51 stm[841]: <501109> <NOTI> |AP bvmahoning520-1-1@172.29.52.51 stm|  Auth request: e0:b5:2d:2d:89:a0: AP 172.29.52.51-d8:c7:c8:a0:a6:20-bvmahoning520-1-1 auth_alg 0
Oct 23 16:43:17 cppm-tc1 2016-10-23 16:43:17,417 140.254.20.26 CPPM_Session_Detail 1925021038 1 0 id=21338458947,session_id=R01e2b473-09-580d207c,type=INTERNAL_IN,attr_name=Connection:Client-Mac-Address-Colon,attr_value=d8:5d:e2:99:a0:a1,timestamp=2016-10-23 16:41:34.042281-04
Oct 23 16:41:32 socc-w3.net.ohio-state.edu authmgr[3995]: <522008> <NOTI> <socc-w3.net.ohio-state.edu 128.146.188.135>  User Authentication Successful: username=tummala.10 MAC=d8:5d:e2:99:a0:a1 IP=140.254.179.173 role=osu-employee VLAN=3014 AP=dreese-2-22 SSID=osuwireless AAA profile=osuwireless-socc-a auth method=802.1x auth server=cppm-tc1
Oct 23 16:41:32 socc-w3.net.ohio-state.edu authmgr[3995]: <522008> <NOTI> <socc-w3.net.ohio-state.edu 128.146.188.135>  User Authentication Successful: username=tummala.10 MAC=d8:5d:e2:99:a0:a1 IP=fe80::f978:5ff4:90ef:8ffe role=osu-employee VLAN=3014 AP=dreese-2-22 SSID=osuwireless AAA profile=osuwireless-socc-a auth method=802.1x auth server=cppm-tc1
Oct 23 16:41:32 172.29.6.14 stm[2007]: <501105> <NOTI> |AP dreese-2-7@172.29.6.14 stm|  Deauth from sta: d8:5d:e2:99:a0:a1: AP 172.29.6.14-94:b4:0f:ad:ee:60-dreese-2-7 Reason STA has roamed to another AP
Oct 23 16:41:32 socc-w3.net.ohio-state.edu stm[4027]: <501100> <NOTI> <socc-w3.net.ohio-state.edu 128.146.188.135>  Assoc success @ 16:41:32.772898: d8:5d:e2:99:a0:a1: AP 172.29.4.7-94:b4:0f:03:cb:80-dreese-2-22
Oct 23 16:41:32 socc-w3.net.ohio-state.edu stm[4027]: <501080> <NOTI> <socc-w3.net.ohio-state.edu 128.146.188.135>  Deauth to sta: d8:5d:e2:99:a0:a1: Ageout AP 172.29.6.14-94:b4:0f:ad:ee:60-dreese-2-7 STA has roamed to another AP
Oct 23 16:41:32 172.29.4.7 stm[2021]: <501100> <NOTI> |AP dreese-2-22@172.29.4.7 stm|  Assoc success @ 16:41:32.767887: d8:5d:e2:99:a0:a1: AP 172.29.4.7-94:b4:0f:03:cb:80-dreese-2-22
Oct 23 16:41:32 172.29.4.7 stm[2021]: <501095> <NOTI> |AP dreese-2-22@172.29.4.7 stm|  Assoc request @ 16:41:32.766673: d8:5d:e2:99:a0:a1 (SN 3111): AP 172.29.4.7-94:b4:0f:03:cb:80-dreese-2-22
Oct 23 16:41:32 172.29.4.7 stm[2021]: <501093> <NOTI> |AP dreese-2-22@172.29.4.7 stm|  Auth success: d8:5d:e2:99:a0:a1: AP 172.29.4.7-94:b4:0f:03:cb:80-dreese-2-22
Oct 23 16:24:58 cppm-tc2 2016-10-23 16:24:58,159 140.254.20.27 CPPM_Session_Detail 2581623167 1 0 id=26850742239,session_id=R0284fb5f-12-580d1c32,type=INTERNAL_IN,attr_name=Connection:Client-Mac-Address-Colon,attr_value=e0:b5:2d:2d:89:a0,timestamp=2016-10-23 16:23:16.327329-04
Oct 23 16:24:26 cppm-kc3 2016-10-23 16:24:26,659 140.254.22.27 CPPM_Session_Detail 3687415209 1 0 id=18038027261,session_id=R02c209de-08-580d1c5f,type=INTERNAL_IN,attr_name=Connection:Client-Mac-Address-Colon,attr_value=e0:b5:2d:2d:89:a0,timestamp=2016-10-23 16:23:59.862379-04
Oct 23 16:23:25 socc-w3.net.ohio-state.edu authmgr[3995]: <132053> <ERRS> <socc-w3.net.ohio-state.edu 128.146.188.135>  Dropping the radius packet for Station e0:b5:2d:2d:89:a0 00:0b:86:7d:da:70 doing 802.1x
Oct 23 16:23:23 socc-w3.net.ohio-state.edu stm[4027]: <501100> <NOTI> <socc-w3.net.ohio-state.edu 128.146.188.135>  Assoc success @ 16:23:23.068720: e0:b5:2d:2d:89:a0: AP 172.29.10.80-00:0b:86:7d:da:70-maintenance-1-4
Oct 23 16:23:23 172.29.10.80 stm[836]: <501100> <NOTI> |AP maintenance-1-4@172.29.10.80 stm|  Assoc success @ 16:23:23.012372: e0:b5:2d:2d:89:a0: AP 172.29.10.80-00:0b:86:7d:da:70-maintenance-1-4
Oct 23 16:23:23 172.29.10.80 stm[836]: <501095> <NOTI> |AP maintenance-1-4@172.29.10.80 stm|  Assoc request @ 16:23:23.011152: e0:b5:2d:2d:89:a0 (SN 37): AP 172.29.10.80-00:0b:86:7d:da:70-maintenance-1-4
Oct 23 16:23:23 172.29.10.80 stm[836]: <501093> <NOTI> |AP maintenance-1-4@172.29.10.80 stm|  Auth success: e0:b5:2d:2d:89:a0: AP 172.29.10.80-00:0b:86:7d:da:70-maintenance-1-4
Oct 23 16:23:23 172.29.10.80 stm[836]: <501109> <NOTI> |AP maintenance-1-4@172.29.10.80 stm|  Auth request: e0:b5:2d:2d:89:a0: AP 172.29.10.80-00:0b:86:7d:da:70-maintenance-1-4 auth_alg 0
Oct 23 16:23:22 172.29.10.80 stm[836]: <501102> <NOTI> |AP maintenance-1-4@172.29.10.80 stm|  Disassoc from sta: e0:b5:2d:2d:89:a0: AP 172.29.10.80-00:0b:86:7d:da:70-maintenance-1-4 Reason STA has left and is disassociated
Oct 23 16:23:22 socc-w3.net.ohio-state.edu authmgr[3995]: <132053> <ERRS> <socc-w3.net.ohio-state.edu 128.146.188.135>  Dropping the radius packet for Station e0:b5:2d:2d:89:a0 00:0b:86:7d:da:70 doing 802.1x
Oct 23 16:23:22 socc-w3.net.ohio-state.edu authmgr[3995]: <522010> <NOTI> <socc-w3.net.ohio-state.edu 128.146.188.135>  MAC=e0:b5:2d:2d:89:a0 IP=140.254.124.196 User de-authenticated: name=, cause=user request
Oct 23 16:23:22 socc-w3.net.ohio-state.edu authmgr[3995]: <522010> <NOTI> <socc-w3.net.ohio-state.edu 128.146.188.135>  MAC=e0:b5:2d:2d:89:a0 IP=fe80::87b:c89:bf40:9941 User de-authenticated: name=, cause=user request
Oct 23 16:23:22 socc-w3.net.ohio-state.edu authmgr[3995]: <132207> <ERRS> <socc-w3.net.ohio-state.edu 128.146.188.135>  RADIUS reject for station liu.3992 e0:b5:2d:2d:89:a0 from server cppm-tc2.
Oct 23 16:23:22 socc-w3.net.ohio-state.edu authmgr[3995]: <522275> <ERRS> <socc-w3.net.ohio-state.edu 128.146.188.135>  User Authentication failed. username=liu.3992 userip=0.0.0.0 usermac=e0:b5:2d:2d:89:a0 authmethod=802.1x servername=cppm-tc2 serverip=140.254.20.27 apname=maintenance-1-4 bssid=00:0b:86:7d:da:70 
Oct 23 16:23:20 172.29.10.80 stm[836]: <501100> <NOTI> |AP maintenance-1-4@172.29.10.80 stm|  Assoc success @ 16:23:20.559274: e0:b5:2d:2d:89:a0: AP 172.29.10.80-00:0b:86:7d:da:70-maintenance-1-4
Oct 23 16:23:20 socc-w3.net.ohio-state.edu stm[4027]: <501100> <NOTI> <socc-w3.net.ohio-state.edu 128.146.188.135>  Assoc success @ 16:23:20.614421: e0:b5:2d:2d:89:a0: AP 172.29.10.80-00:0b:86:7d:da:70-maintenance-1-4
Oct 23 16:23:20 172.29.10.80 stm[836]: <501095> <NOTI> |AP maintenance-1-4@172.29.10.80 stm|  Assoc request @ 16:23:20.558083: e0:b5:2d:2d:89:a0 (SN 31): AP 172.29.10.80-00:0b:86:7d:da:70-maintenance-1-4
Oct 23 16:23:20 172.29.10.80 stm[836]: <501093> <NOTI> |AP maintenance-1-4@172.29.10.80 stm|  Auth success: e0:b5:2d:2d:89:a0: AP 172.29.10.80-00:0b:86:7d:da:70-maintenance-1-4
Oct 23 16:23:20 172.29.10.80 stm[836]: <501109> <NOTI> |AP maintenance-1-4@172.29.10.80 stm|  Auth request: e0:b5:2d:2d:89:a0: AP 172.29.10.80-00:0b:86:7d:da:70-maintenance-1-4 auth_alg 0
Oct 23 16:23:20 172.29.10.80 stm[836]: <501093> <NOTI> |AP maintenance-1-4@172.29.10.80 stm|  Auth success: e0:b5:2d:2d:89:a0: AP 172.29.10.80-00:0b:86:7d:da:70-maintenance-1-4
Oct 23 16:23:20 172.29.10.80 stm[836]: <501109> <NOTI> |AP maintenance-1-4@172.29.10.80 stm|  Auth request: e0:b5:2d:2d:89:a0: AP 172.29.10.80-00:0b:86:7d:da:70-maintenance-1-4 auth_alg 0
Oct 23 16:23:17 172.29.10.80 stm[836]: <501102> <NOTI> |AP maintenance-1-4@172.29.10.80 stm|  Disassoc from sta: e0:b5:2d:2d:89:a0: AP 172.29.10.80-00:0b:86:7d:da:70-maintenance-1-4 Reason STA has left and is disassociated
Oct 23 16:23:17 socc-w3.net.ohio-state.edu authmgr[3995]: <132053> <ERRS> <socc-w3.net.ohio-state.edu 128.146.188.135>  Dropping the radius packet for Station e0:b5:2d:2d:89:a0 00:0b:86:7d:da:70 doing 802.1x
Oct 23 16:23:17 socc-w3.net.ohio-state.edu authmgr[3995]: <522010> <NOTI> <socc-w3.net.ohio-state.edu 128.146.188.135>  MAC=e0:b5:2d:2d:89:a0 IP=140.254.124.196 User de-authenticated: name=liu.3992, cause=user request
Oct 23 16:23:17 socc-w3.net.ohio-state.edu authmgr[3995]: <522010> <NOTI> <socc-w3.net.ohio-state.edu 128.146.188.135>  MAC=e0:b5:2d:2d:89:a0 IP=fe80::87b:c89:bf40:9941 User de-authenticated: name=liu.3992, cause=user request
