Oct 23 23:51:44 172.29.52.13 stm[839]: <501102> <NOTI> |AP bvmahoning513-2-1@172.29.52.13 stm|  Disassoc from sta: e0:b5:2d:2d:89:a0: AP 172.29.52.13-00:0b:86:7d:cd:e0-bvmahoning513-2-1 Reason STA has left and is disassociated
Oct 23 23:42:58 cppm-kc2 2016-10-23 23:42:58,272 140.254.22.26 CPPM_Session_Detail 1790248309 1 0 id=25394485531,session_id=R01c11370-13-580d828e,type=INTERNAL_IN,attr_name=Connection:Client-Mac-Address-Colon,attr_value=e0:b5:2d:2d:89:a0,timestamp=2016-10-23 23:40:52.022154-04
Oct 23 23:41:20 cppm-tc3 2016-10-23 23:41:20,21 140.254.20.28 CPPM_Session_Detail 2941576985 1 0 id=12834674938,session_id=R03bcec83-11-580d8299,type=INTERNAL_IN,attr_name=Connection:Client-Mac-Address-Colon,attr_value=e0:b5:2d:2d:89:a0,timestamp=2016-10-23 23:40:11.826023-04
Oct 23 23:40:04 tnc-w1.net.ohio-state.edu dhcpdwrap[4005]: <202536> <DBUG> <tnc-w1.net.ohio-state.edu 128.146.188.165> |dhcp| Datapath vlan3201: REQUEST e0:b5:2d:2d:89:a0 Transaction ID:0xb796944e reqIP=128.146.63.190 Options 37:017903060f77fc 39:05dc 3d:01e0b52d2d89a0 33:0076a700 0c:4a69617368616e67736950686f6e65
Oct 23 23:40:04 tnc-w1.net.ohio-state.edu dhcpdwrap[4005]: <202541> <DBUG> <tnc-w1.net.ohio-state.edu 128.146.188.165> |dhcp| Received DHCP packet from Datpath, sos msg hdr flags 0x42 opcode 0x5a ingress 0x10001 vlan 3201 egress 0xc81 src mac e0:b5:2d:2d:89:a0
Oct 23 23:40:03 tnc-w5.net.ohio-state.edu stm[3998]: <501100> <NOTI> <tnc-w5.net.ohio-state.edu 128.146.188.169>  Assoc success @ 23:40:03.786315: e0:b5:2d:2d:89:a0: AP 172.29.52.13-00:0b:86:7d:cd:e0-bvmahoning513-2-1
Oct 23 23:40:03 172.29.52.13 stm[839]: <501100> <NOTI> |AP bvmahoning513-2-1@172.29.52.13 stm|  Assoc success @ 23:40:03.780988: e0:b5:2d:2d:89:a0: AP 172.29.52.13-00:0b:86:7d:cd:e0-bvmahoning513-2-1
Oct 23 23:40:03 172.29.52.13 stm[839]: <501095> <NOTI> |AP bvmahoning513-2-1@172.29.52.13 stm|  Assoc request @ 23:40:03.779792: e0:b5:2d:2d:89:a0 (SN 1085): AP 172.29.52.13-00:0b:86:7d:cd:e0-bvmahoning513-2-1
Oct 23 23:40:03 172.29.52.13 stm[839]: <501093> <NOTI> |AP bvmahoning513-2-1@172.29.52.13 stm|  Auth success: e0:b5:2d:2d:89:a0: AP 172.29.52.13-00:0b:86:7d:cd:e0-bvmahoning513-2-1
Oct 23 23:40:03 172.29.52.13 stm[839]: <501109> <NOTI> |AP bvmahoning513-2-1@172.29.52.13 stm|  Auth request: e0:b5:2d:2d:89:a0: AP 172.29.52.13-00:0b:86:7d:cd:e0-bvmahoning513-2-1 auth_alg 0
Oct 23 23:40:02 172.29.52.13 stm[839]: <501102> <NOTI> |AP bvmahoning513-2-1@172.29.52.13 stm|  Disassoc from sta: e0:b5:2d:2d:89:a0: AP 172.29.52.13-00:0b:86:7d:cd:e0-bvmahoning513-2-1 Reason STA has left and is disassociated
Oct 23 23:39:58 172.29.52.13 stm[839]: <501100> <NOTI> |AP bvmahoning513-2-1@172.29.52.13 stm|  Assoc success @ 23:39:58.823486: e0:b5:2d:2d:89:a0: AP 172.29.52.13-00:0b:86:7d:cd:e0-bvmahoning513-2-1
Oct 23 23:39:58 172.29.52.13 stm[839]: <501095> <NOTI> |AP bvmahoning513-2-1@172.29.52.13 stm|  Assoc request @ 23:39:58.819736: e0:b5:2d:2d:89:a0 (SN 1076): AP 172.29.52.13-00:0b:86:7d:cd:e0-bvmahoning513-2-1
Oct 23 23:39:58 tnc-w5.net.ohio-state.edu stm[3998]: <501100> <NOTI> <tnc-w5.net.ohio-state.edu 128.146.188.169>  Assoc success @ 23:39:58.828688: e0:b5:2d:2d:89:a0: AP 172.29.52.13-00:0b:86:7d:cd:e0-bvmahoning513-2-1
Oct 23 23:39:58 172.29.52.13 stm[839]: <501093> <NOTI> |AP bvmahoning513-2-1@172.29.52.13 stm|  Auth success: e0:b5:2d:2d:89:a0: AP 172.29.52.13-00:0b:86:7d:cd:e0-bvmahoning513-2-1
Oct 23 23:39:58 172.29.52.13 stm[839]: <501109> <NOTI> |AP bvmahoning513-2-1@172.29.52.13 stm|  Auth request: e0:b5:2d:2d:89:a0: AP 172.29.52.13-00:0b:86:7d:cd:e0-bvmahoning513-2-1 auth_alg 0
Oct 23 23:39:04 172.29.52.13 stm[839]: <501102> <NOTI> |AP bvmahoning513-2-1@172.29.52.13 stm|  Disassoc from sta: e0:b5:2d:2d:89:a0: AP 172.29.52.13-00:0b:86:7d:cd:e0-bvmahoning513-2-1 Reason STA has left and is disassociated
Oct 23 23:39:00 172.29.52.13 stm[839]: <501100> <NOTI> |AP bvmahoning513-2-1@172.29.52.13 stm|  Assoc success @ 23:39:00.200133: e0:b5:2d:2d:89:a0: AP 172.29.52.13-00:0b:86:7d:cd:e0-bvmahoning513-2-1
Oct 23 23:39:00 tnc-w5.net.ohio-state.edu stm[3998]: <501100> <NOTI> <tnc-w5.net.ohio-state.edu 128.146.188.169>  Assoc success @ 23:39:00.205248: e0:b5:2d:2d:89:a0: AP 172.29.52.13-00:0b:86:7d:cd:e0-bvmahoning513-2-1
Oct 23 23:39:00 172.29.52.13 stm[839]: <501095> <NOTI> |AP bvmahoning513-2-1@172.29.52.13 stm|  Assoc request @ 23:39:00.198863: e0:b5:2d:2d:89:a0 (SN 1069): AP 172.29.52.13-00:0b:86:7d:cd:e0-bvmahoning513-2-1
Oct 23 23:39:00 172.29.52.13 stm[839]: <501093> <NOTI> |AP bvmahoning513-2-1@172.29.52.13 stm|  Auth success: e0:b5:2d:2d:89:a0: AP 172.29.52.13-00:0b:86:7d:cd:e0-bvmahoning513-2-1
Oct 23 23:39:00 172.29.52.13 stm[839]: <501109> <NOTI> |AP bvmahoning513-2-1@172.29.52.13 stm|  Auth request: e0:b5:2d:2d:89:a0: AP 172.29.52.13-00:0b:86:7d:cd:e0-bvmahoning513-2-1 auth_alg 0
Oct 23 23:26:49 tnc-w1.net.ohio-state.edu dhcpdwrap[4005]: <202536> <DBUG> <tnc-w1.net.ohio-state.edu 128.146.188.165> |dhcp| Datapath vlan3201: REQUEST e0:b5:2d:2d:89:a0 Transaction ID:0xb7969447 reqIP=128.146.63.190 Options 37:017903060f77fc 39:05dc 3d:01e0b52d2d89a0 33:0076a700 0c:4a69617368616e67736950686f6e65
Oct 23 23:26:49 tnc-w1.net.ohio-state.edu dhcpdwrap[4005]: <202541> <DBUG> <tnc-w1.net.ohio-state.edu 128.146.188.165> |dhcp| Received DHCP packet from Datpath, sos msg hdr flags 0x42 opcode 0x5a ingress 0x10001 vlan 3201 egress 0xc81 src mac e0:b5:2d:2d:89:a0
Oct 23 23:26:49 tnc-w5.net.ohio-state.edu authmgr[3966]: <522008> <NOTI> <tnc-w5.net.ohio-state.edu 128.146.188.169>  User Authentication Successful: username=liu.3992 MAC=e0:b5:2d:2d:89:a0 IP=128.146.63.190 role=osu-employee-mobile VLAN=3201 AP=bvmahoning513-2-1 SSID=osuwireless AAA profile=osuwireless-tnc-a auth method=802.1x auth server=cppm-socc4
Oct 23 23:26:49 tnc-w5.net.ohio-state.edu authmgr[3966]: <522008> <NOTI> <tnc-w5.net.ohio-state.edu 128.146.188.169>  User Authentication Successful: username=liu.3992 MAC=e0:b5:2d:2d:89:a0 IP=fe80::87b:c89:bf40:9941 role=osu-employee-mobile VLAN=3201 AP=bvmahoning513-2-1 SSID=osuwireless AAA profile=osuwireless-tnc-a auth method=802.1x auth server=cppm-socc4
Oct 23 23:26:48 172.29.52.21 stm[842]: <501105> <NOTI> |AP bvmahoning505-1-2@172.29.52.21 stm|  Deauth from sta: e0:b5:2d:2d:89:a0: AP 172.29.52.21-d8:c7:c8:a0:c9:f0-bvmahoning505-1-2 Reason STA has roamed to another AP
Oct 23 23:26:48 tnc-w5.net.ohio-state.edu stm[3998]: <501100> <NOTI> <tnc-w5.net.ohio-state.edu 128.146.188.169>  Assoc success @ 23:26:48.410895: e0:b5:2d:2d:89:a0: AP 172.29.52.13-00:0b:86:7d:cd:e0-bvmahoning513-2-1
Oct 23 23:26:48 tnc-w5.net.ohio-state.edu stm[3998]: <501080> <NOTI> <tnc-w5.net.ohio-state.edu 128.146.188.169>  Deauth to sta: e0:b5:2d:2d:89:a0: Ageout AP 172.29.52.21-d8:c7:c8:a0:c9:f0-bvmahoning505-1-2 STA has roamed to another AP
Oct 23 23:26:48 172.29.52.13 stm[839]: <501100> <NOTI> |AP bvmahoning513-2-1@172.29.52.13 stm|  Assoc success @ 23:26:48.400946: e0:b5:2d:2d:89:a0: AP 172.29.52.13-00:0b:86:7d:cd:e0-bvmahoning513-2-1
Oct 23 23:26:48 172.29.52.13 stm[839]: <501095> <NOTI> |AP bvmahoning513-2-1@172.29.52.13 stm|  Assoc request @ 23:26:48.398056: e0:b5:2d:2d:89:a0 (SN 679): AP 172.29.52.13-00:0b:86:7d:cd:e0-bvmahoning513-2-1
Oct 23 23:26:48 172.29.52.13 stm[839]: <501109> <NOTI> |AP bvmahoning513-2-1@172.29.52.13 stm|  Auth request: e0:b5:2d:2d:89:a0: AP 172.29.52.13-00:0b:86:7d:cd:e0-bvmahoning513-2-1 auth_alg 0
Oct 23 23:26:44 tnc-w1.net.ohio-state.edu dhcpdwrap[4005]: <202536> <DBUG> <tnc-w1.net.ohio-state.edu 128.146.188.165> |dhcp| Datapath vlan3201: REQUEST e0:b5:2d:2d:89:a0 Transaction ID:0xb7969446 reqIP=128.146.63.190 Options 37:017903060f77fc 39:05dc 3d:01e0b52d2d89a0 33:0076a700 0c:4a69617368616e67736950686f6e65
Oct 23 23:26:44 tnc-w1.net.ohio-state.edu dhcpdwrap[4005]: <202541> <DBUG> <tnc-w1.net.ohio-state.edu 128.146.188.165> |dhcp| Received DHCP packet from Datpath, sos msg hdr flags 0x42 opcode 0x5a ingress 0x10001 vlan 3201 egress 0xc81 src mac e0:b5:2d:2d:89:a0
Oct 23 23:26:44 tnc-w5.net.ohio-state.edu authmgr[3966]: <522008> <NOTI> <tnc-w5.net.ohio-state.edu 128.146.188.169>  User Authentication Successful: username=liu.3992 MAC=e0:b5:2d:2d:89:a0 IP=128.146.63.190 role=osu-employee-mobile VLAN=3201 AP=bvmahoning505-1-2 SSID=osuwireless AAA profile=osuwireless-tnc-a auth method=802.1x auth server=cppm-socc4
Oct 23 23:26:44 tnc-w5.net.ohio-state.edu authmgr[3966]: <522008> <NOTI> <tnc-w5.net.ohio-state.edu 128.146.188.169>  User Authentication Successful: username=liu.3992 MAC=e0:b5:2d:2d:89:a0 IP=fe80::87b:c89:bf40:9941 role=osu-employee-mobile VLAN=3201 AP=bvmahoning505-1-2 SSID=osuwireless AAA profile=osuwireless-tnc-a auth method=802.1x auth server=cppm-socc4
Oct 23 23:26:44 172.29.52.21 stm[842]: <501100> <NOTI> |AP bvmahoning505-1-2@172.29.52.21 stm|  Assoc success @ 23:26:44.346131: e0:b5:2d:2d:89:a0: AP 172.29.52.21-d8:c7:c8:a0:c9:f0-bvmahoning505-1-2
Oct 23 23:26:44 172.29.52.21 stm[842]: <501095> <NOTI> |AP bvmahoning505-1-2@172.29.52.21 stm|  Assoc request @ 23:26:44.344849: e0:b5:2d:2d:89:a0 (SN 588): AP 172.29.52.21-d8:c7:c8:a0:c9:f0-bvmahoning505-1-2
Oct 23 23:26:44 tnc-w5.net.ohio-state.edu stm[3998]: <501100> <NOTI> <tnc-w5.net.ohio-state.edu 128.146.188.169>  Assoc success @ 23:26:44.384671: e0:b5:2d:2d:89:a0: AP 172.29.52.21-d8:c7:c8:a0:c9:f0-bvmahoning505-1-2
Oct 23 23:26:44 172.29.52.21 stm[842]: <501093> <NOTI> |AP bvmahoning505-1-2@172.29.52.21 stm|  Auth success: e0:b5:2d:2d:89:a0: AP 172.29.52.21-d8:c7:c8:a0:c9:f0-bvmahoning505-1-2
Oct 23 23:26:44 172.29.52.21 stm[842]: <501109> <NOTI> |AP bvmahoning505-1-2@172.29.52.21 stm|  Auth request: e0:b5:2d:2d:89:a0: AP 172.29.52.21-d8:c7:c8:a0:c9:f0-bvmahoning505-1-2 auth_alg 0
Oct 23 23:21:51 172.29.52.21 stm[842]: <501102> <NOTI> |AP bvmahoning505-1-2@172.29.52.21 stm|  Disassoc from sta: e0:b5:2d:2d:89:a0: AP 172.29.52.21-d8:c7:c8:a0:c9:f0-bvmahoning505-1-2 Reason STA has left and is disassociated
Oct 23 23:15:34 cppm-kc3 2016-10-23 23:15:34,489 140.254.22.27 CPPM_Session_Detail 3696921745 1 0 id=18047539135,session_id=R02c62e16-08-580d7c32,type=INTERNAL_IN,attr_name=Connection:Client-Mac-Address-Colon,attr_value=e0:b5:2d:2d:89:a0,timestamp=2016-10-23 23:12:51.71405-04
Oct 23 23:13:48 tnc-w5.net.ohio-state.edu authmgr[3966]: <522008> <NOTI> <tnc-w5.net.ohio-state.edu 128.146.188.169>  User Authentication Successful: username=liu.3992 MAC=e0:b5:2d:2d:89:a0 IP=128.146.63.190 role=osu-employee-mobile VLAN=3201 AP=bvmahoning505-1-2 SSID=osuwireless AAA profile=osuwireless-tnc-a auth method=802.1x auth server=cppm-socc4
Oct 23 23:13:48 tnc-w5.net.ohio-state.edu authmgr[3966]: <522008> <NOTI> <tnc-w5.net.ohio-state.edu 128.146.188.169>  User Authentication Successful: username=liu.3992 MAC=e0:b5:2d:2d:89:a0 IP=fe80::87b:c89:bf40:9941 role=osu-employee-mobile VLAN=3201 AP=bvmahoning505-1-2 SSID=osuwireless AAA profile=osuwireless-tnc-a auth method=802.1x auth server=cppm-socc4
Oct 23 23:13:48 172.29.52.21 stm[842]: <501100> <NOTI> |AP bvmahoning505-1-2@172.29.52.21 stm|  Assoc success @ 23:13:48.002398: e0:b5:2d:2d:89:a0: AP 172.29.52.21-d8:c7:c8:a0:c9:f0-bvmahoning505-1-2
Oct 23 23:13:48 172.29.52.13 stm[839]: <501105> <NOTI> |AP bvmahoning513-2-1@172.29.52.13 stm|  Deauth from sta: e0:b5:2d:2d:89:a0: AP 172.29.52.13-00:0b:86:7d:cd:e0-bvmahoning513-2-1 Reason STA has roamed to another AP
Oct 23 23:13:48 172.29.52.21 stm[842]: <501095> <NOTI> |AP bvmahoning505-1-2@172.29.52.21 stm|  Assoc request @ 23:13:48.000971: e0:b5:2d:2d:89:a0 (SN 398): AP 172.29.52.21-d8:c7:c8:a0:c9:f0-bvmahoning505-1-2
Oct 23 23:13:48 tnc-w5.net.ohio-state.edu stm[3998]: <501100> <NOTI> <tnc-w5.net.ohio-state.edu 128.146.188.169>  Assoc success @ 23:13:48.010200: e0:b5:2d:2d:89:a0: AP 172.29.52.21-d8:c7:c8:a0:c9:f0-bvmahoning505-1-2
Oct 23 23:13:48 tnc-w5.net.ohio-state.edu stm[3998]: <501080> <NOTI> <tnc-w5.net.ohio-state.edu 128.146.188.169>  Deauth to sta: e0:b5:2d:2d:89:a0: Ageout AP 172.29.52.13-00:0b:86:7d:cd:e0-bvmahoning513-2-1 STA has roamed to another AP
Oct 23 23:13:47 172.29.52.21 stm[842]: <501093> <NOTI> |AP bvmahoning505-1-2@172.29.52.21 stm|  Auth success: e0:b5:2d:2d:89:a0: AP 172.29.52.21-d8:c7:c8:a0:c9:f0-bvmahoning505-1-2
Oct 23 23:13:47 172.29.52.21 stm[842]: <501109> <NOTI> |AP bvmahoning505-1-2@172.29.52.21 stm|  Auth request: e0:b5:2d:2d:89:a0: AP 172.29.52.21-d8:c7:c8:a0:c9:f0-bvmahoning505-1-2 auth_alg 0
Oct 23 23:13:11 tnc-w1.net.ohio-state.edu dhcpdwrap[4005]: <202536> <DBUG> <tnc-w1.net.ohio-state.edu 128.146.188.165> |dhcp| Datapath vlan3201: REQUEST e0:b5:2d:2d:89:a0 Transaction ID:0xb7969442 reqIP=128.146.63.190 Options 37:017903060f77fc 39:05dc 3d:01e0b52d2d89a0 33:0076a700 0c:4a69617368616e67736950686f6e65
Oct 23 23:13:11 tnc-w1.net.ohio-state.edu dhcpdwrap[4005]: <202541> <DBUG> <tnc-w1.net.ohio-state.edu 128.146.188.165> |dhcp| Received DHCP packet from Datpath, sos msg hdr flags 0x42 opcode 0x5a ingress 0x10001 vlan 3201 egress 0xc81 src mac e0:b5:2d:2d:89:a0
Oct 23 23:13:06 172.29.52.13 stm[839]: <501100> <NOTI> |AP bvmahoning513-2-1@172.29.52.13 stm|  Assoc success @ 23:13:06.400138: e0:b5:2d:2d:89:a0: AP 172.29.52.13-00:0b:86:7d:cd:e0-bvmahoning513-2-1
Oct 23 23:13:06 tnc-w5.net.ohio-state.edu stm[3998]: <501100> <NOTI> <tnc-w5.net.ohio-state.edu 128.146.188.169>  Assoc success @ 23:13:06.409999: e0:b5:2d:2d:89:a0: AP 172.29.52.13-00:0b:86:7d:cd:e0-bvmahoning513-2-1
Oct 23 23:13:06 172.29.52.13 stm[839]: <501095> <NOTI> |AP bvmahoning513-2-1@172.29.52.13 stm|  Assoc request @ 23:13:06.398777: e0:b5:2d:2d:89:a0 (SN 216): AP 172.29.52.13-00:0b:86:7d:cd:e0-bvmahoning513-2-1
Oct 23 23:13:06 172.29.52.13 stm[839]: <501093> <NOTI> |AP bvmahoning513-2-1@172.29.52.13 stm|  Auth success: e0:b5:2d:2d:89:a0: AP 172.29.52.13-00:0b:86:7d:cd:e0-bvmahoning513-2-1
Oct 23 23:13:06 172.29.52.13 stm[839]: <501109> <NOTI> |AP bvmahoning513-2-1@172.29.52.13 stm|  Auth request: e0:b5:2d:2d:89:a0: AP 172.29.52.13-00:0b:86:7d:cd:e0-bvmahoning513-2-1 auth_alg 0
Oct 23 23:07:47 172.29.52.13 stm[839]: <501102> <NOTI> |AP bvmahoning513-2-1@172.29.52.13 stm|  Disassoc from sta: e0:b5:2d:2d:89:a0: AP 172.29.52.13-00:0b:86:7d:cd:e0-bvmahoning513-2-1 Reason STA has left and is disassociated
Oct 23 23:04:24 cppm-tc1 2016-10-23 23:04:24,414 140.254.20.26 CPPM_Session_Detail 1937495086 1 0 id=21350944776,session_id=R01e5d2ef-09-580d7999,type=INTERNAL_IN,attr_name=Connection:Client-Mac-Address-Colon,attr_value=e0:b5:2d:2d:89:a0,timestamp=2016-10-23 23:01:51.499501-04
Oct 23 23:01:50 tnc-w1.net.ohio-state.edu dhcpdwrap[4005]: <202536> <DBUG> <tnc-w1.net.ohio-state.edu 128.146.188.165> |dhcp| Datapath vlan3201: REQUEST e0:b5:2d:2d:89:a0 Transaction ID:0xb796943e reqIP=128.146.63.190 Options 37:017903060f77fc 39:05dc 3d:01e0b52d2d89a0 33:0076a700 0c:4a69617368616e67736950686f6e65
Oct 23 23:01:50 tnc-w1.net.ohio-state.edu dhcpdwrap[4005]: <202541> <DBUG> <tnc-w1.net.ohio-state.edu 128.146.188.165> |dhcp| Received DHCP packet from Datpath, sos msg hdr flags 0x42 opcode 0x5a ingress 0x10001 vlan 3201 egress 0xc81 src mac e0:b5:2d:2d:89:a0
Oct 23 23:01:50 tnc-w5.net.ohio-state.edu authmgr[3966]: <522008> <NOTI> <tnc-w5.net.ohio-state.edu 128.146.188.169>  User Authentication Successful: username=liu.3992 MAC=e0:b5:2d:2d:89:a0 IP=128.146.63.190 role=osu-employee-mobile VLAN=3201 AP=bvmahoning513-2-1 SSID=osuwireless AAA profile=osuwireless-tnc-a auth method=802.1x auth server=cppm-tc1
Oct 23 23:01:50 tnc-w5.net.ohio-state.edu authmgr[3966]: <522008> <NOTI> <tnc-w5.net.ohio-state.edu 128.146.188.169>  User Authentication Successful: username=liu.3992 MAC=e0:b5:2d:2d:89:a0 IP=fe80::87b:c89:bf40:9941 role=osu-employee-mobile VLAN=3201 AP=bvmahoning513-2-1 SSID=osuwireless AAA profile=osuwireless-tnc-a auth method=802.1x auth server=cppm-tc1
Oct 23 23:01:45 tnc-w5.net.ohio-state.edu stm[3998]: <501100> <NOTI> <tnc-w5.net.ohio-state.edu 128.146.188.169>  Assoc success @ 23:01:45.325246: e0:b5:2d:2d:89:a0: AP 172.29.52.13-00:0b:86:7d:cd:e0-bvmahoning513-2-1
Oct 23 23:01:45 172.29.52.13 stm[839]: <501100> <NOTI> |AP bvmahoning513-2-1@172.29.52.13 stm|  Assoc success @ 23:01:45.318486: e0:b5:2d:2d:89:a0: AP 172.29.52.13-00:0b:86:7d:cd:e0-bvmahoning513-2-1
Oct 23 23:01:45 172.29.52.13 stm[839]: <501095> <NOTI> |AP bvmahoning513-2-1@172.29.52.13 stm|  Assoc request @ 23:01:45.317141: e0:b5:2d:2d:89:a0 (SN 4038): AP 172.29.52.13-00:0b:86:7d:cd:e0-bvmahoning513-2-1
Oct 23 23:01:45 172.29.52.13 stm[839]: <501093> <NOTI> |AP bvmahoning513-2-1@172.29.52.13 stm|  Auth success: e0:b5:2d:2d:89:a0: AP 172.29.52.13-00:0b:86:7d:cd:e0-bvmahoning513-2-1
Oct 23 23:01:45 172.29.52.13 stm[839]: <501109> <NOTI> |AP bvmahoning513-2-1@172.29.52.13 stm|  Auth request: e0:b5:2d:2d:89:a0: AP 172.29.52.13-00:0b:86:7d:cd:e0-bvmahoning513-2-1 auth_alg 0
Oct 23 22:59:14 172.29.52.13 stm[839]: <501102> <NOTI> |AP bvmahoning513-2-1@172.29.52.13 stm|  Disassoc from sta: e0:b5:2d:2d:89:a0: AP 172.29.52.13-00:0b:86:7d:cd:e0-bvmahoning513-2-1 Reason STA has left and is disassociated
Oct 23 22:59:11 tnc-w1.net.ohio-state.edu dhcpdwrap[4005]: <202536> <DBUG> <tnc-w1.net.ohio-state.edu 128.146.188.165> |dhcp| Datapath vlan3201: REQUEST e0:b5:2d:2d:89:a0 Transaction ID:0xb796943c reqIP=128.146.63.190 Options 37:017903060f77fc 39:05dc 3d:01e0b52d2d89a0 33:0076a700 0c:4a69617368616e67736950686f6e65
Oct 23 22:59:11 tnc-w1.net.ohio-state.edu dhcpdwrap[4005]: <202541> <DBUG> <tnc-w1.net.ohio-state.edu 128.146.188.165> |dhcp| Received DHCP packet from Datpath, sos msg hdr flags 0x42 opcode 0x5a ingress 0x10001 vlan 3201 egress 0xc81 src mac e0:b5:2d:2d:89:a0
Oct 23 22:50:26 tnc-w1.net.ohio-state.edu dhcpdwrap[4005]: <202536> <DBUG> <tnc-w1.net.ohio-state.edu 128.146.188.165> |dhcp| Datapath vlan3201: REQUEST e0:b5:2d:2d:89:a0 Transaction ID:0xb796943b reqIP=128.146.63.190 Options 37:017903060f77fc 39:05dc 3d:01e0b52d2d89a0 33:0076a700 0c:4a69617368616e67736950686f6e65
Oct 23 22:50:26 tnc-w1.net.ohio-state.edu dhcpdwrap[4005]: <202541> <DBUG> <tnc-w1.net.ohio-state.edu 128.146.188.165> |dhcp| Received DHCP packet from Datpath, sos msg hdr flags 0x42 opcode 0x5a ingress 0x10001 vlan 3201 egress 0xc81 src mac e0:b5:2d:2d:89:a0
Oct 23 22:50:26 tnc-w5.net.ohio-state.edu authmgr[3966]: <522008> <NOTI> <tnc-w5.net.ohio-state.edu 128.146.188.169>  User Authentication Successful: username=liu.3992 MAC=e0:b5:2d:2d:89:a0 IP=128.146.63.190 role=osu-employee-mobile VLAN=3201 AP=bvmahoning513-2-1 SSID=osuwireless AAA profile=osuwireless-tnc-a auth method=802.1x auth server=cppm-tc1
Oct 23 22:50:26 tnc-w5.net.ohio-state.edu authmgr[3966]: <522008> <NOTI> <tnc-w5.net.ohio-state.edu 128.146.188.169>  User Authentication Successful: username=liu.3992 MAC=e0:b5:2d:2d:89:a0 IP=fe80::87b:c89:bf40:9941 role=osu-employee-mobile VLAN=3201 AP=bvmahoning513-2-1 SSID=osuwireless AAA profile=osuwireless-tnc-a auth method=802.1x auth server=cppm-tc1
Oct 23 22:50:25 172.29.52.13 stm[839]: <501100> <NOTI> |AP bvmahoning513-2-1@172.29.52.13 stm|  Assoc success @ 22:50:25.745671: e0:b5:2d:2d:89:a0: AP 172.29.52.13-00:0b:86:7d:cd:e0-bvmahoning513-2-1
Oct 23 22:50:25 tnc-w5.net.ohio-state.edu stm[3998]: <501100> <NOTI> <tnc-w5.net.ohio-state.edu 128.146.188.169>  Assoc success @ 22:50:25.750956: e0:b5:2d:2d:89:a0: AP 172.29.52.13-00:0b:86:7d:cd:e0-bvmahoning513-2-1
Oct 23 22:50:25 172.29.52.13 stm[839]: <501095> <NOTI> |AP bvmahoning513-2-1@172.29.52.13 stm|  Assoc request @ 22:50:25.744492: e0:b5:2d:2d:89:a0 (SN 3850): AP 172.29.52.13-00:0b:86:7d:cd:e0-bvmahoning513-2-1
Oct 23 22:50:25 172.29.52.13 stm[839]: <501093> <NOTI> |AP bvmahoning513-2-1@172.29.52.13 stm|  Auth success: e0:b5:2d:2d:89:a0: AP 172.29.52.13-00:0b:86:7d:cd:e0-bvmahoning513-2-1
Oct 23 22:50:25 172.29.52.13 stm[839]: <501109> <NOTI> |AP bvmahoning513-2-1@172.29.52.13 stm|  Auth request: e0:b5:2d:2d:89:a0: AP 172.29.52.13-00:0b:86:7d:cd:e0-bvmahoning513-2-1 auth_alg 0
Oct 23 22:49:58 172.29.52.13 stm[839]: <501102> <NOTI> |AP bvmahoning513-2-1@172.29.52.13 stm|  Disassoc from sta: e0:b5:2d:2d:89:a0: AP 172.29.52.13-00:0b:86:7d:cd:e0-bvmahoning513-2-1 Reason STA has left and is disassociated
Oct 23 22:45:49 cppm-tc1 2016-10-23 22:45:49,765 140.254.20.26 CPPM_Session_Detail 1937125999 1 0 id=21350575689,session_id=R01e5bb7d-09-580d75b0,type=INTERNAL_IN,attr_name=Connection:Client-Mac-Address-Colon,attr_value=e0:b5:2d:2d:89:a0,timestamp=2016-10-23 22:45:05.851952-04
Oct 23 22:45:14 tnc-w1.net.ohio-state.edu dhcpdwrap[4005]: <202536> <DBUG> <tnc-w1.net.ohio-state.edu 128.146.188.165> |dhcp| Datapath vlan3201: REQUEST e0:b5:2d:2d:89:a0 Transaction ID:0xb7969438 reqIP=128.146.63.190 Options 37:017903060f77fc 39:05dc 3d:01e0b52d2d89a0 33:0076a700 0c:4a69617368616e67736950686f6e65
Oct 23 22:45:14 tnc-w5.net.ohio-state.edu authmgr[3966]: <522008> <NOTI> <tnc-w5.net.ohio-state.edu 128.146.188.169>  User Authentication Successful: username=liu.3992 MAC=e0:b5:2d:2d:89:a0 IP=128.146.63.190 role=osu-employee-mobile VLAN=3201 AP=bvmahoning513-2-1 SSID=osuwireless AAA profile=osuwireless-tnc-a auth method=802.1x auth server=cppm-tc1
Oct 23 22:45:14 tnc-w5.net.ohio-state.edu authmgr[3966]: <522008> <NOTI> <tnc-w5.net.ohio-state.edu 128.146.188.169>  User Authentication Successful: username=liu.3992 MAC=e0:b5:2d:2d:89:a0 IP=fe80::87b:c89:bf40:9941 role=osu-employee-mobile VLAN=3201 AP=bvmahoning513-2-1 SSID=osuwireless AAA profile=osuwireless-tnc-a auth method=802.1x auth server=cppm-tc1
Oct 23 22:45:09 172.29.52.13 stm[839]: <501100> <NOTI> |AP bvmahoning513-2-1@172.29.52.13 stm|  Assoc success @ 22:45:09.067492: e0:b5:2d:2d:89:a0: AP 172.29.52.13-00:0b:86:7d:cd:e0-bvmahoning513-2-1
Oct 23 22:45:09 tnc-w5.net.ohio-state.edu stm[3998]: <501080> <NOTI> <tnc-w5.net.ohio-state.edu 128.146.188.169>  Deauth to sta: e0:b5:2d:2d:89:a0: Ageout AP 172.29.52.21-d8:c7:c8:a0:c9:f0-bvmahoning505-1-2 STA has roamed to another AP
Oct 23 22:45:09 172.29.52.13 stm[839]: <501093> <NOTI> |AP bvmahoning513-2-1@172.29.52.13 stm|  Auth success: e0:b5:2d:2d:89:a0: AP 172.29.52.13-00:0b:86:7d:cd:e0-bvmahoning513-2-1
Oct 23 22:45:09 172.29.52.13 stm[839]: <501109> <NOTI> |AP bvmahoning513-2-1@172.29.52.13 stm|  Auth request: e0:b5:2d:2d:89:a0: AP 172.29.52.13-00:0b:86:7d:cd:e0-bvmahoning513-2-1 auth_alg 0
Oct 23 22:45:05 tnc-w1.net.ohio-state.edu dhcpdwrap[4005]: <202536> <DBUG> <tnc-w1.net.ohio-state.edu 128.146.188.165> |dhcp| Datapath vlan3201: REQUEST e0:b5:2d:2d:89:a0 Transaction ID:0xb7969437 reqIP=128.146.63.190 Options 37:017903060f77fc 39:05dc 3d:01e0b52d2d89a0 33:0076a700 0c:4a69617368616e67736950686f6e65
Oct 23 22:45:05 tnc-w1.net.ohio-state.edu dhcpdwrap[4005]: <202541> <DBUG> <tnc-w1.net.ohio-state.edu 128.146.188.165> |dhcp| Received DHCP packet from Datpath, sos msg hdr flags 0x42 opcode 0x5a ingress 0x10001 vlan 3201 egress 0xc81 src mac e0:b5:2d:2d:89:a0
Oct 23 22:45:05 tnc-w5.net.ohio-state.edu authmgr[3966]: <522008> <NOTI> <tnc-w5.net.ohio-state.edu 128.146.188.169>  User Authentication Successful: username=liu.3992 MAC=e0:b5:2d:2d:89:a0 IP=128.146.63.190 role=osu-employee-mobile VLAN=3201 AP=bvmahoning505-1-2 SSID=osuwireless AAA profile=osuwireless-tnc-a auth method=802.1x auth server=cppm-tc1
Oct 23 22:45:05 tnc-w5.net.ohio-state.edu authmgr[3966]: <522008> <NOTI> <tnc-w5.net.ohio-state.edu 128.146.188.169>  User Authentication Successful: username=liu.3992 MAC=e0:b5:2d:2d:89:a0 IP=fe80::87b:c89:bf40:9941 role=osu-employee-mobile VLAN=3201 AP=bvmahoning505-1-2 SSID=osuwireless AAA profile=osuwireless-tnc-a auth method=802.1x auth server=cppm-tc1
Oct 23 22:45:04 tnc-w5.net.ohio-state.edu stm[3998]: <501100> <NOTI> <tnc-w5.net.ohio-state.edu 128.146.188.169>  Assoc success @ 22:45:04.585503: e0:b5:2d:2d:89:a0: AP 172.29.52.21-d8:c7:c8:a0:c9:f0-bvmahoning505-1-2
Oct 23 22:45:04 172.29.52.21 stm[842]: <501100> <NOTI> |AP bvmahoning505-1-2@172.29.52.21 stm|  Assoc success @ 22:45:04.576780: e0:b5:2d:2d:89:a0: AP 172.29.52.21-d8:c7:c8:a0:c9:f0-bvmahoning505-1-2
Oct 23 22:45:04 172.29.52.21 stm[842]: <501095> <NOTI> |AP bvmahoning505-1-2@172.29.52.21 stm|  Assoc request @ 22:45:04.575428: e0:b5:2d:2d:89:a0 (SN 3698): AP 172.29.52.21-d8:c7:c8:a0:c9:f0-bvmahoning505-1-2
Oct 23 22:45:04 172.29.52.21 stm[842]: <501093> <NOTI> |AP bvmahoning505-1-2@172.29.52.21 stm|  Auth success: e0:b5:2d:2d:89:a0: AP 172.29.52.21-d8:c7:c8:a0:c9:f0-bvmahoning505-1-2
Oct 23 22:45:04 172.29.52.21 stm[842]: <501109> <NOTI> |AP bvmahoning505-1-2@172.29.52.21 stm|  Auth request: e0:b5:2d:2d:89:a0: AP 172.29.52.21-d8:c7:c8:a0:c9:f0-bvmahoning505-1-2 auth_alg 0
Oct 23 22:44:44 172.29.52.21 stm[842]: <501102> <NOTI> |AP bvmahoning505-1-2@172.29.52.21 stm|  Disassoc from sta: e0:b5:2d:2d:89:a0: AP 172.29.52.21-d8:c7:c8:a0:c9:f0-bvmahoning505-1-2 Reason STA has left and is disassociated
Oct 23 22:41:10 cppm-tc1 2016-10-23 22:41:10,821 140.254.20.26 CPPM_Session_Detail 1937009253 1 0 id=21350458943,session_id=R01e5b3f8-09-580d7474,type=INTERNAL_IN,attr_name=Connection:Client-Mac-Address-Colon,attr_value=e0:b5:2d:2d:89:a0,timestamp=2016-10-23 22:39:49.819291-04
Oct 23 22:39:49 tnc-w1.net.ohio-state.edu dhcpdwrap[4005]: <202536> <DBUG> <tnc-w1.net.ohio-state.edu 128.146.188.165> |dhcp| Datapath vlan3201: REQUEST e0:b5:2d:2d:89:a0 Transaction ID:0xb7969434 reqIP=128.146.63.190 Options 37:017903060f77fc 39:05dc 3d:01e0b52d2d89a0 33:0076a700 0c:4a69617368616e67736950686f6e65
Oct 23 22:39:49 tnc-w1.net.ohio-state.edu dhcpdwrap[4005]: <202541> <DBUG> <tnc-w1.net.ohio-state.edu 128.146.188.165> |dhcp| Received DHCP packet from Datpath, sos msg hdr flags 0x42 opcode 0x5a ingress 0x10001 vlan 3201 egress 0xc81 src mac e0:b5:2d:2d:89:a0
Oct 23 22:39:49 tnc-w5.net.ohio-state.edu authmgr[3966]: <522008> <NOTI> <tnc-w5.net.ohio-state.edu 128.146.188.169>  User Authentication Successful: username=liu.3992 MAC=e0:b5:2d:2d:89:a0 IP=128.146.63.190 role=osu-employee-mobile VLAN=3201 AP=bvmahoning505-1-2 SSID=osuwireless AAA profile=osuwireless-tnc-a auth method=802.1x auth server=cppm-tc1
Oct 23 22:39:49 tnc-w5.net.ohio-state.edu authmgr[3966]: <522008> <NOTI> <tnc-w5.net.ohio-state.edu 128.146.188.169>  User Authentication Successful: username=liu.3992 MAC=e0:b5:2d:2d:89:a0 IP=fe80::87b:c89:bf40:9941 role=osu-employee-mobile VLAN=3201 AP=bvmahoning505-1-2 SSID=osuwireless AAA profile=osuwireless-tnc-a auth method=802.1x auth server=cppm-tc1
Oct 23 22:39:48 tnc-w5.net.ohio-state.edu stm[3998]: <501100> <NOTI> <tnc-w5.net.ohio-state.edu 128.146.188.169>  Assoc success @ 22:39:48.366217: e0:b5:2d:2d:89:a0: AP 172.29.52.21-d8:c7:c8:a0:c9:f0-bvmahoning505-1-2
Oct 23 22:39:48 172.29.52.21 stm[842]: <501100> <NOTI> |AP bvmahoning505-1-2@172.29.52.21 stm|  Assoc success @ 22:39:48.360174: e0:b5:2d:2d:89:a0: AP 172.29.52.21-d8:c7:c8:a0:c9:f0-bvmahoning505-1-2
Oct 23 22:39:48 172.29.52.21 stm[842]: <501095> <NOTI> |AP bvmahoning505-1-2@172.29.52.21 stm|  Assoc request @ 22:39:48.358877: e0:b5:2d:2d:89:a0 (SN 3301): AP 172.29.52.21-d8:c7:c8:a0:c9:f0-bvmahoning505-1-2
Oct 23 22:39:48 172.29.52.21 stm[842]: <501093> <NOTI> |AP bvmahoning505-1-2@172.29.52.21 stm|  Auth success: e0:b5:2d:2d:89:a0: AP 172.29.52.21-d8:c7:c8:a0:c9:f0-bvmahoning505-1-2
Oct 23 22:39:48 172.29.52.21 stm[842]: <501109> <NOTI> |AP bvmahoning505-1-2@172.29.52.21 stm|  Auth request: e0:b5:2d:2d:89:a0: AP 172.29.52.21-d8:c7:c8:a0:c9:f0-bvmahoning505-1-2 auth_alg 0
Oct 23 22:39:43 172.29.52.21 stm[842]: <501102> <NOTI> |AP bvmahoning505-1-2@172.29.52.21 stm|  Disassoc from sta: e0:b5:2d:2d:89:a0: AP 172.29.52.21-d8:c7:c8:a0:c9:f0-bvmahoning505-1-2 Reason STA has left and is disassociated
Oct 23 22:39:40 tnc-w1.net.ohio-state.edu dhcpdwrap[4005]: <202536> <DBUG> <tnc-w1.net.ohio-state.edu 128.146.188.165> |dhcp| Datapath vlan3201: REQUEST e0:b5:2d:2d:89:a0 Transaction ID:0xb7969432 reqIP=128.146.63.190 Options 37:017903060f77fc 39:05dc 3d:01e0b52d2d89a0 33:0076a700 0c:4a69617368616e67736950686f6e65
Oct 23 22:39:40 tnc-w1.net.ohio-state.edu dhcpdwrap[4005]: <202541> <DBUG> <tnc-w1.net.ohio-state.edu 128.146.188.165> |dhcp| Received DHCP packet from Datpath, sos msg hdr flags 0x42 opcode 0x5a ingress 0x10001 vlan 3201 egress 0xc81 src mac e0:b5:2d:2d:89:a0
Oct 23 22:31:53 cppm-tc1 2016-10-23 22:31:53,647 140.254.20.26 CPPM_Session_Detail 1936807397 1 0 id=21350256094,session_id=R01e5a6ef-09-580d7259,type=INTERNAL_IN,attr_name=Connection:Client-Mac-Address-Colon,attr_value=e0:b5:2d:2d:89:a0,timestamp=2016-10-23 22:30:56.384099-04
Oct 23 22:30:55 tnc-w1.net.ohio-state.edu dhcpdwrap[4005]: <202536> <DBUG> <tnc-w1.net.ohio-state.edu 128.146.188.165> |dhcp| Datapath vlan3201: REQUEST e0:b5:2d:2d:89:a0 Transaction ID:0xb7969431 reqIP=128.146.63.190 Options 37:017903060f77fc 39:05dc 3d:01e0b52d2d89a0 33:0076a700 0c:4a69617368616e67736950686f6e65
Oct 23 22:30:55 tnc-w1.net.ohio-state.edu dhcpdwrap[4005]: <202541> <DBUG> <tnc-w1.net.ohio-state.edu 128.146.188.165> |dhcp| Received DHCP packet from Datpath, sos msg hdr flags 0x42 opcode 0x5a ingress 0x10001 vlan 3201 egress 0xc81 src mac e0:b5:2d:2d:89:a0
Oct 23 22:30:55 tnc-w5.net.ohio-state.edu authmgr[3966]: <522008> <NOTI> <tnc-w5.net.ohio-state.edu 128.146.188.169>  User Authentication Successful: username=liu.3992 MAC=e0:b5:2d:2d:89:a0 IP=128.146.63.190 role=osu-employee-mobile VLAN=3201 AP=bvmahoning505-1-2 SSID=osuwireless AAA profile=osuwireless-tnc-a auth method=802.1x auth server=cppm-tc1
Oct 23 22:30:55 tnc-w5.net.ohio-state.edu authmgr[3966]: <522008> <NOTI> <tnc-w5.net.ohio-state.edu 128.146.188.169>  User Authentication Successful: username=liu.3992 MAC=e0:b5:2d:2d:89:a0 IP=fe80::87b:c89:bf40:9941 role=osu-employee-mobile VLAN=3201 AP=bvmahoning505-1-2 SSID=osuwireless AAA profile=osuwireless-tnc-a auth method=802.1x auth server=cppm-tc1
Oct 23 22:30:49 tnc-w5.net.ohio-state.edu stm[3998]: <501100> <NOTI> <tnc-w5.net.ohio-state.edu 128.146.188.169>  Assoc success @ 22:30:49.741631: e0:b5:2d:2d:89:a0: AP 172.29.52.21-d8:c7:c8:a0:c9:f0-bvmahoning505-1-2
Oct 23 22:30:49 172.29.52.21 stm[842]: <501100> <NOTI> |AP bvmahoning505-1-2@172.29.52.21 stm|  Assoc success @ 22:30:49.735472: e0:b5:2d:2d:89:a0: AP 172.29.52.21-d8:c7:c8:a0:c9:f0-bvmahoning505-1-2
Oct 23 22:30:49 172.29.52.21 stm[842]: <501095> <NOTI> |AP bvmahoning505-1-2@172.29.52.21 stm|  Assoc request @ 22:30:49.733679: e0:b5:2d:2d:89:a0 (SN 2952): AP 172.29.52.21-d8:c7:c8:a0:c9:f0-bvmahoning505-1-2
Oct 23 22:30:49 172.29.52.21 stm[842]: <501093> <NOTI> |AP bvmahoning505-1-2@172.29.52.21 stm|  Auth success: e0:b5:2d:2d:89:a0: AP 172.29.52.21-d8:c7:c8:a0:c9:f0-bvmahoning505-1-2
Oct 23 22:30:49 172.29.52.21 stm[842]: <501109> <NOTI> |AP bvmahoning505-1-2@172.29.52.21 stm|  Auth request: e0:b5:2d:2d:89:a0: AP 172.29.52.21-d8:c7:c8:a0:c9:f0-bvmahoning505-1-2 auth_alg 0
Oct 23 22:27:27 172.29.52.21 stm[842]: <501102> <NOTI> |AP bvmahoning505-1-2@172.29.52.21 stm|  Disassoc from sta: e0:b5:2d:2d:89:a0: AP 172.29.52.21-d8:c7:c8:a0:c9:f0-bvmahoning505-1-2 Reason STA has left and is disassociated
Oct 23 22:24:53 cppm-socc4 2016-10-23 22:24:53,675 128.146.178.145 CPPM_Session_Detail 4081678885 1 0 id=4091125011,session_id=R006a779a-16-580d70cd,type=INTERNAL_IN,attr_name=Connection:Client-Mac-Address-Colon,attr_value=90:c7:d8:9a:cd:82,timestamp=2016-10-23 22:24:20.390864-04
Oct 23 22:24:38 172.29.29.143 stm[1789]: <501105> <NOTI> |AP gatewayd-alley-1@172.29.29.143 stm|  Deauth from sta: 90:c7:d8:9a:cd:82: AP 172.29.29.143-ac:a3:1e:83:09:80-gatewayd-alley-1 Reason STA has left and is deauthenticated
Oct 23 22:24:20 172.29.29.90 stm[837]: <501105> <NOTI> |AP gatewayd-1-1@172.29.29.90 stm|  Deauth from sta: 90:c7:d8:9a:cd:82: AP 172.29.29.90-d8:c7:c8:2a:57:30-gatewayd-1-1 Reason STA has roamed to another AP
Oct 23 22:24:20 tnc-w3.net.ohio-state.edu stm[3982]: <501100> <NOTI> <tnc-w3.net.ohio-state.edu 128.146.188.167>  Assoc success @ 22:24:20.187171: 90:c7:d8:9a:cd:82: AP 172.29.29.143-ac:a3:1e:83:09:80-gatewayd-alley-1
Oct 23 22:24:20 tnc-w3.net.ohio-state.edu stm[3982]: <501080> <NOTI> <tnc-w3.net.ohio-state.edu 128.146.188.167>  Deauth to sta: 90:c7:d8:9a:cd:82: Ageout AP 172.29.29.90-d8:c7:c8:2a:57:30-gatewayd-1-1 STA has roamed to another AP
Oct 23 22:24:20 172.29.29.143 stm[1789]: <501095> <NOTI> |AP gatewayd-alley-1@172.29.29.143 stm|  Assoc request @ 22:24:20.184065: 90:c7:d8:9a:cd:82 (SN 3010): AP 172.29.29.143-ac:a3:1e:83:09:80-gatewayd-alley-1
Oct 23 22:24:20 172.29.29.143 stm[1789]: <501093> <NOTI> |AP gatewayd-alley-1@172.29.29.143 stm|  Auth success: 90:c7:d8:9a:cd:82: AP 172.29.29.143-ac:a3:1e:83:09:80-gatewayd-alley-1
Oct 23 22:24:19 tnc-w1.net.ohio-state.edu dhcpdwrap[4005]: <202534> <DBUG> <tnc-w1.net.ohio-state.edu 128.146.188.165> |dhcp| Datapath vlan3103: DISCOVER 90:c7:d8:9a:cd:82 Transaction ID:0x1e6cad87 Options 3d:0190c7d89acd82 39:05dc 3c:616e64726f69642d646863702d362e302e31 0c:616e64726f69642d32313634323834313535326264376436 37:0103060f1a1c333a3b
Oct 23 22:24:19 tnc-w1.net.ohio-state.edu dhcpdwrap[4005]: <202541> <DBUG> <tnc-w1.net.ohio-state.edu 128.146.188.165> |dhcp| Received DHCP packet from Datpath, sos msg hdr flags 0x42 opcode 0x5a ingress 0x10001 vlan 3103 egress 0xc1f src mac 90:c7:d8:9a:cd:82
Oct 23 22:24:13 172.29.29.90 stm[837]: <501100> <NOTI> |AP gatewayd-1-1@172.29.29.90 stm|  Assoc success @ 22:24:09.550855: 90:c7:d8:9a:cd:82: AP 172.29.29.90-d8:c7:c8:2a:57:30-gatewayd-1-1
Oct 23 22:24:13 172.29.29.90 stm[837]: <501095> <NOTI> |AP gatewayd-1-1@172.29.29.90 stm|  Assoc request @ 22:24:09.549703: 90:c7:d8:9a:cd:82 (SN 2997): AP 172.29.29.90-d8:c7:c8:2a:57:30-gatewayd-1-1
Oct 23 22:24:13 tnc-w3.net.ohio-state.edu stm[3982]: <501100> <NOTI> <tnc-w3.net.ohio-state.edu 128.146.188.167>  Assoc success @ 22:24:13.936724: 90:c7:d8:9a:cd:82: AP 172.29.29.90-d8:c7:c8:2a:57:30-gatewayd-1-1
Oct 23 22:24:13 172.29.29.90 stm[837]: <501093> <NOTI> |AP gatewayd-1-1@172.29.29.90 stm|  Auth success: 90:c7:d8:9a:cd:82: AP 172.29.29.90-d8:c7:c8:2a:57:30-gatewayd-1-1
Oct 23 22:24:13 172.29.29.90 stm[837]: <501109> <NOTI> |AP gatewayd-1-1@172.29.29.90 stm|  Auth request: 90:c7:d8:9a:cd:82: AP 172.29.29.90-d8:c7:c8:2a:57:30-gatewayd-1-1 auth_alg 0
Oct 23 22:24:01 172.29.29.90 stm[837]: <501100> <NOTI> |AP gatewayd-1-1@172.29.29.90 stm|  Assoc success @ 22:23:56.888877: 90:c7:d8:9a:cd:82: AP 172.29.29.90-d8:c7:c8:2a:57:30-gatewayd-1-1
Oct 23 22:24:01 tnc-w3.net.ohio-state.edu stm[3982]: <501100> <NOTI> <tnc-w3.net.ohio-state.edu 128.146.188.167>  Assoc success @ 22:24:01.275008: 90:c7:d8:9a:cd:82: AP 172.29.29.90-d8:c7:c8:2a:57:30-gatewayd-1-1
Oct 23 22:24:01 172.29.29.90 stm[837]: <501095> <NOTI> |AP gatewayd-1-1@172.29.29.90 stm|  Assoc request @ 22:23:56.887631: 90:c7:d8:9a:cd:82 (SN 2983): AP 172.29.29.90-d8:c7:c8:2a:57:30-gatewayd-1-1
Oct 23 22:24:01 172.29.29.90 stm[837]: <501093> <NOTI> |AP gatewayd-1-1@172.29.29.90 stm|  Auth success: 90:c7:d8:9a:cd:82: AP 172.29.29.90-d8:c7:c8:2a:57:30-gatewayd-1-1
Oct 23 22:24:01 172.29.29.90 stm[837]: <501109> <NOTI> |AP gatewayd-1-1@172.29.29.90 stm|  Auth request: 90:c7:d8:9a:cd:82: AP 172.29.29.90-d8:c7:c8:2a:57:30-gatewayd-1-1 auth_alg 0
Oct 23 22:21:32 cppm-tc4 2016-10-23 22:21:32,531 128.146.67.199 CPPM_Session_Detail 4033185938 1 0 id=4042219522,session_id=R00681c41-15-580d6f7c,type=INTERNAL_IN,attr_name=Connection:Client-Mac-Address-Colon,attr_value=90:c7:d8:9a:cd:82,timestamp=2016-10-23 22:19:55.00608-04
Oct 23 22:21:04 172.29.29.143 stm[1789]: <501105> <NOTI> |AP gatewayd-alley-1@172.29.29.143 stm|  Deauth from sta: 90:c7:d8:9a:cd:82: AP 172.29.29.143-ac:a3:1e:83:09:80-gatewayd-alley-1 Reason APAE Disconnect
Oct 23 22:21:04 tnc-w3.net.ohio-state.edu stm[3982]: <501080> <NOTI> <tnc-w3.net.ohio-state.edu 128.146.188.167>  Deauth to sta: 90:c7:d8:9a:cd:82: Ageout AP 172.29.29.143-ac:a3:1e:83:09:80-gatewayd-alley-1 APAE Disconnect
Oct 23 22:21:04 tnc-w3.net.ohio-state.edu authmgr[3965]: <132197> <ERRS> <tnc-w3.net.ohio-state.edu 128.146.188.167>  Maximum number of retries was attempted for station tummala.10 90:c7:d8:9a:cd:82 ac:a3:1e:83:09:80, deauthenticating the station
Oct 23 22:18:43 172.29.29.90 stm[837]: <501105> <NOTI> |AP gatewayd-1-1@172.29.29.90 stm|  Deauth from sta: 90:c7:d8:9a:cd:82: AP 172.29.29.90-d8:c7:c8:2a:57:30-gatewayd-1-1 Reason STA has roamed to another AP
Oct 23 22:18:43 tnc-w3.net.ohio-state.edu stm[3982]: <501100> <NOTI> <tnc-w3.net.ohio-state.edu 128.146.188.167>  Assoc success @ 22:18:43.876490: 90:c7:d8:9a:cd:82: AP 172.29.29.143-ac:a3:1e:83:09:80-gatewayd-alley-1
Oct 23 22:18:43 172.29.29.143 stm[1789]: <501100> <NOTI> |AP gatewayd-alley-1@172.29.29.143 stm|  Assoc success @ 22:18:43.876507: 90:c7:d8:9a:cd:82: AP 172.29.29.143-ac:a3:1e:83:09:80-gatewayd-alley-1
Oct 23 22:18:43 tnc-w3.net.ohio-state.edu stm[3982]: <501080> <NOTI> <tnc-w3.net.ohio-state.edu 128.146.188.167>  Deauth to sta: 90:c7:d8:9a:cd:82: Ageout AP 172.29.29.90-d8:c7:c8:2a:57:30-gatewayd-1-1 STA has roamed to another AP
Oct 23 22:18:43 172.29.29.143 stm[1789]: <501095> <NOTI> |AP gatewayd-alley-1@172.29.29.143 stm|  Assoc request @ 22:18:43.875382: 90:c7:d8:9a:cd:82 (SN 2705): AP 172.29.29.143-ac:a3:1e:83:09:80-gatewayd-alley-1
Oct 23 22:18:43 172.29.29.143 stm[1789]: <501093> <NOTI> |AP gatewayd-alley-1@172.29.29.143 stm|  Auth success: 90:c7:d8:9a:cd:82: AP 172.29.29.143-ac:a3:1e:83:09:80-gatewayd-alley-1
Oct 23 22:18:34 172.29.29.90 stm[837]: <501100> <NOTI> |AP gatewayd-1-1@172.29.29.90 stm|  Assoc success @ 22:18:32.531173: 90:c7:d8:9a:cd:82: AP 172.29.29.90-d8:c7:c8:2a:57:30-gatewayd-1-1
Oct 23 22:18:34 172.29.29.90 stm[837]: <501095> <NOTI> |AP gatewayd-1-1@172.29.29.90 stm|  Assoc request @ 22:18:32.529531: 90:c7:d8:9a:cd:82 (SN 2695): AP 172.29.29.90-d8:c7:c8:2a:57:30-gatewayd-1-1
Oct 23 22:18:34 tnc-w3.net.ohio-state.edu stm[3982]: <501100> <NOTI> <tnc-w3.net.ohio-state.edu 128.146.188.167>  Assoc success @ 22:18:34.509586: 90:c7:d8:9a:cd:82: AP 172.29.29.90-d8:c7:c8:2a:57:30-gatewayd-1-1
Oct 23 22:18:34 172.29.29.90 stm[837]: <501100> <NOTI> |AP gatewayd-1-1@172.29.29.90 stm|  Assoc success @ 22:18:32.522641: 90:c7:d8:9a:cd:82: AP 172.29.29.90-d8:c7:c8:2a:57:30-gatewayd-1-1
Oct 23 22:18:34 tnc-w3.net.ohio-state.edu stm[3982]: <501100> <NOTI> <tnc-w3.net.ohio-state.edu 128.146.188.167>  Assoc success @ 22:18:34.501460: 90:c7:d8:9a:cd:82: AP 172.29.29.90-d8:c7:c8:2a:57:30-gatewayd-1-1
Oct 23 22:18:34 172.29.29.90 stm[837]: <501095> <NOTI> |AP gatewayd-1-1@172.29.29.90 stm|  Assoc request @ 22:18:32.520959: 90:c7:d8:9a:cd:82 (SN 2695): AP 172.29.29.90-d8:c7:c8:2a:57:30-gatewayd-1-1
Oct 23 22:18:33 172.29.29.90 stm[837]: <501093> <NOTI> |AP gatewayd-1-1@172.29.29.90 stm|  Auth success: 90:c7:d8:9a:cd:82: AP 172.29.29.90-d8:c7:c8:2a:57:30-gatewayd-1-1
Oct 23 22:18:33 172.29.29.90 stm[837]: <501109> <NOTI> |AP gatewayd-1-1@172.29.29.90 stm|  Auth request: 90:c7:d8:9a:cd:82: AP 172.29.29.90-d8:c7:c8:2a:57:30-gatewayd-1-1 auth_alg 0
Oct 23 22:18:00 172.29.29.143 stm[1789]: <501105> <NOTI> |AP gatewayd-alley-1@172.29.29.143 stm|  Deauth from sta: 90:c7:d8:9a:cd:82: AP 172.29.29.143-ac:a3:1e:83:09:80-gatewayd-alley-1 Reason STA has left and is deauthenticated
Oct 23 22:17:47 tnc-w1.net.ohio-state.edu dhcpdwrap[4005]: <202536> <DBUG> <tnc-w1.net.ohio-state.edu 128.146.188.165> |dhcp| Datapath vlan3201: REQUEST e0:b5:2d:2d:89:a0 Transaction ID:0xb796942c reqIP=128.146.63.190 Options 37:017903060f77fc 39:05dc 3d:01e0b52d2d89a0 33:0076a700 0c:4a69617368616e67736950686f6e65
Oct 23 22:17:47 tnc-w1.net.ohio-state.edu dhcpdwrap[4005]: <202541> <DBUG> <tnc-w1.net.ohio-state.edu 128.146.188.165> |dhcp| Received DHCP packet from Datpath, sos msg hdr flags 0x42 opcode 0x5a ingress 0x10001 vlan 3201 egress 0xc81 src mac e0:b5:2d:2d:89:a0
Oct 23 22:17:47 tnc-w5.net.ohio-state.edu authmgr[3966]: <522008> <NOTI> <tnc-w5.net.ohio-state.edu 128.146.188.169>  User Authentication Successful: username=liu.3992 MAC=e0:b5:2d:2d:89:a0 IP=128.146.63.190 role=osu-employee-mobile VLAN=3201 AP=bvmahoning505-1-2 SSID=osuwireless AAA profile=osuwireless-tnc-a auth method=802.1x auth server=cppm-tc1
Oct 23 22:17:47 tnc-w5.net.ohio-state.edu authmgr[3966]: <522008> <NOTI> <tnc-w5.net.ohio-state.edu 128.146.188.169>  User Authentication Successful: username=liu.3992 MAC=e0:b5:2d:2d:89:a0 IP=fe80::87b:c89:bf40:9941 role=osu-employee-mobile VLAN=3201 AP=bvmahoning505-1-2 SSID=osuwireless AAA profile=osuwireless-tnc-a auth method=802.1x auth server=cppm-tc1
Oct 23 22:17:46 tnc-w5.net.ohio-state.edu stm[3998]: <501100> <NOTI> <tnc-w5.net.ohio-state.edu 128.146.188.169>  Assoc success @ 22:17:46.458563: e0:b5:2d:2d:89:a0: AP 172.29.52.21-d8:c7:c8:a0:c9:f0-bvmahoning505-1-2
Oct 23 22:17:46 172.29.52.21 stm[842]: <501100> <NOTI> |AP bvmahoning505-1-2@172.29.52.21 stm|  Assoc success @ 22:17:46.443824: e0:b5:2d:2d:89:a0: AP 172.29.52.21-d8:c7:c8:a0:c9:f0-bvmahoning505-1-2
Oct 23 22:17:46 172.29.52.21 stm[842]: <501095> <NOTI> |AP bvmahoning505-1-2@172.29.52.21 stm|  Assoc request @ 22:17:46.442415: e0:b5:2d:2d:89:a0 (SN 2466): AP 172.29.52.21-d8:c7:c8:a0:c9:f0-bvmahoning505-1-2
Oct 23 22:17:46 172.29.52.21 stm[842]: <501093> <NOTI> |AP bvmahoning505-1-2@172.29.52.21 stm|  Auth success: e0:b5:2d:2d:89:a0: AP 172.29.52.21-d8:c7:c8:a0:c9:f0-bvmahoning505-1-2
Oct 23 22:17:46 172.29.52.21 stm[842]: <501109> <NOTI> |AP bvmahoning505-1-2@172.29.52.21 stm|  Auth request: e0:b5:2d:2d:89:a0: AP 172.29.52.21-d8:c7:c8:a0:c9:f0-bvmahoning505-1-2 auth_alg 0
Oct 23 22:17:43 172.29.52.21 stm[842]: <501102> <NOTI> |AP bvmahoning505-1-2@172.29.52.21 stm|  Disassoc from sta: e0:b5:2d:2d:89:a0: AP 172.29.52.21-d8:c7:c8:a0:c9:f0-bvmahoning505-1-2 Reason STA has left and is disassociated
Oct 23 22:16:33 172.29.29.143 stm[1789]: <501100> <NOTI> |AP gatewayd-alley-1@172.29.29.143 stm|  Assoc success @ 22:16:33.755506: 90:c7:d8:9a:cd:82: AP 172.29.29.143-ac:a3:1e:83:09:80-gatewayd-alley-1
Oct 23 22:16:33 tnc-w3.net.ohio-state.edu stm[3982]: <501100> <NOTI> <tnc-w3.net.ohio-state.edu 128.146.188.167>  Assoc success @ 22:16:33.755365: 90:c7:d8:9a:cd:82: AP 172.29.29.143-ac:a3:1e:83:09:80-gatewayd-alley-1
Oct 23 22:16:33 172.29.29.143 stm[1789]: <501095> <NOTI> |AP gatewayd-alley-1@172.29.29.143 stm|  Assoc request @ 22:16:33.754291: 90:c7:d8:9a:cd:82 (SN 2571): AP 172.29.29.143-ac:a3:1e:83:09:80-gatewayd-alley-1
Oct 23 22:16:33 172.29.29.143 stm[1789]: <501093> <NOTI> |AP gatewayd-alley-1@172.29.29.143 stm|  Auth success: 90:c7:d8:9a:cd:82: AP 172.29.29.143-ac:a3:1e:83:09:80-gatewayd-alley-1
Oct 23 22:11:45 tnc-w3.net.ohio-state.edu stm[3982]: <501100> <NOTI> <tnc-w3.net.ohio-state.edu 128.146.188.167>  Assoc success @ 22:11:45.095515: 90:c7:d8:9a:cd:82: AP 172.29.29.143-ac:a3:1e:83:09:80-gatewayd-alley-1
Oct 23 22:11:45 172.29.29.143 stm[1789]: <501100> <NOTI> |AP gatewayd-alley-1@172.29.29.143 stm|  Assoc success @ 22:11:45.094291: 90:c7:d8:9a:cd:82: AP 172.29.29.143-ac:a3:1e:83:09:80-gatewayd-alley-1
Oct 23 22:11:45 172.29.29.143 stm[1789]: <501095> <NOTI> |AP gatewayd-alley-1@172.29.29.143 stm|  Assoc request @ 22:11:45.093024: 90:c7:d8:9a:cd:82 (SN 2238): AP 172.29.29.143-ac:a3:1e:83:09:80-gatewayd-alley-1
Oct 23 22:11:45 172.29.29.143 stm[1789]: <501093> <NOTI> |AP gatewayd-alley-1@172.29.29.143 stm|  Auth success: 90:c7:d8:9a:cd:82: AP 172.29.29.143-ac:a3:1e:83:09:80-gatewayd-alley-1
Oct 23 22:11:23 172.29.29.143 stm[1789]: <501105> <NOTI> |AP gatewayd-alley-1@172.29.29.143 stm|  Deauth from sta: 90:c7:d8:9a:cd:82: AP 172.29.29.143-ac:a3:1e:83:09:80-gatewayd-alley-1 Reason STA has left and is deauthenticated
Oct 23 22:10:13 172.29.29.143 stm[1789]: <501100> <NOTI> |AP gatewayd-alley-1@172.29.29.143 stm|  Assoc success @ 22:10:13.327629: 90:c7:d8:9a:cd:82: AP 172.29.29.143-ac:a3:1e:83:09:80-gatewayd-alley-1
Oct 23 22:10:13 172.29.29.143 stm[1789]: <501095> <NOTI> |AP gatewayd-alley-1@172.29.29.143 stm|  Assoc request @ 22:10:13.326504: 90:c7:d8:9a:cd:82 (SN 2133): AP 172.29.29.143-ac:a3:1e:83:09:80-gatewayd-alley-1
Oct 23 22:10:13 172.29.29.143 stm[1789]: <501093> <NOTI> |AP gatewayd-alley-1@172.29.29.143 stm|  Auth success: 90:c7:d8:9a:cd:82: AP 172.29.29.143-ac:a3:1e:83:09:80-gatewayd-alley-1
Oct 23 22:06:26 172.29.29.143 stm[1789]: <501105> <NOTI> |AP gatewayd-alley-1@172.29.29.143 stm|  Deauth from sta: 90:c7:d8:9a:cd:82: AP 172.29.29.143-ac:a3:1e:83:09:80-gatewayd-alley-1 Reason APAE Disconnect
Oct 23 22:05:10 tnc-w3.net.ohio-state.edu stm[3982]: <501100> <NOTI> <tnc-w3.net.ohio-state.edu 128.146.188.167>  Assoc success @ 22:05:10.914724: 90:c7:d8:9a:cd:82: AP 172.29.29.143-ac:a3:1e:83:09:80-gatewayd-alley-1
Oct 23 22:05:10 172.29.29.143 stm[1789]: <501095> <NOTI> |AP gatewayd-alley-1@172.29.29.143 stm|  Assoc request @ 22:05:10.913293: 90:c7:d8:9a:cd:82 (SN 1794): AP 172.29.29.143-ac:a3:1e:83:09:80-gatewayd-alley-1
Oct 23 22:05:10 172.29.29.143 stm[1789]: <501093> <NOTI> |AP gatewayd-alley-1@172.29.29.143 stm|  Auth success: 90:c7:d8:9a:cd:82: AP 172.29.29.143-ac:a3:1e:83:09:80-gatewayd-alley-1
Oct 23 22:04:31 tnc-w0 wms[3846]: <126075> <WARN> <tnc-w0 128.146.188.164> |ids| AP(00:24:6c:08:42:90@gatewayc-1m-2): Valid Client Misassociation: An AP detected a misassociation between valid client 90:c7:d8:9a:cd:82 and access point (BSSID 00:24:14:11:87:e0 and SSID attwifi on CHANNEL 1). Association type is (Association To External AP), SNR of client is 8.
Oct 23 22:04:21 tnc-w1.net.ohio-state.edu dhcpdwrap[4005]: <202536> <DBUG> <tnc-w1.net.ohio-state.edu 128.146.188.165> |dhcp| Datapath vlan3201: REQUEST e0:b5:2d:2d:89:a0 Transaction ID:0xb7969428 reqIP=128.146.63.190 Options 37:017903060f77fc 39:05dc 3d:01e0b52d2d89a0 33:0076a700 0c:4a69617368616e67736950686f6e65
Oct 23 22:04:21 tnc-w1.net.ohio-state.edu dhcpdwrap[4005]: <202541> <DBUG> <tnc-w1.net.ohio-state.edu 128.146.188.165> |dhcp| Received DHCP packet from Datpath, sos msg hdr flags 0x42 opcode 0x5a ingress 0x10001 vlan 3201 egress 0xc81 src mac e0:b5:2d:2d:89:a0
Oct 23 22:04:21 tnc-w5.net.ohio-state.edu authmgr[3966]: <522008> <NOTI> <tnc-w5.net.ohio-state.edu 128.146.188.169>  User Authentication Successful: username=liu.3992 MAC=e0:b5:2d:2d:89:a0 IP=128.146.63.190 role=osu-employee-mobile VLAN=3201 AP=bvmahoning505-1-2 SSID=osuwireless AAA profile=osuwireless-tnc-a auth method=802.1x auth server=cppm-tc1
Oct 23 22:04:21 tnc-w5.net.ohio-state.edu authmgr[3966]: <522008> <NOTI> <tnc-w5.net.ohio-state.edu 128.146.188.169>  User Authentication Successful: username=liu.3992 MAC=e0:b5:2d:2d:89:a0 IP=fe80::87b:c89:bf40:9941 role=osu-employee-mobile VLAN=3201 AP=bvmahoning505-1-2 SSID=osuwireless AAA profile=osuwireless-tnc-a auth method=802.1x auth server=cppm-tc1
Oct 23 22:04:16 172.29.52.21 stm[842]: <501100> <NOTI> |AP bvmahoning505-1-2@172.29.52.21 stm|  Assoc success @ 22:04:16.271790: e0:b5:2d:2d:89:a0: AP 172.29.52.21-d8:c7:c8:a0:c9:f0-bvmahoning505-1-2
Oct 23 22:04:16 tnc-w5.net.ohio-state.edu stm[3998]: <501100> <NOTI> <tnc-w5.net.ohio-state.edu 128.146.188.169>  Assoc success @ 22:04:16.279753: e0:b5:2d:2d:89:a0: AP 172.29.52.21-d8:c7:c8:a0:c9:f0-bvmahoning505-1-2
Oct 23 22:04:16 172.29.52.21 stm[842]: <501095> <NOTI> |AP bvmahoning505-1-2@172.29.52.21 stm|  Assoc request @ 22:04:16.270504: e0:b5:2d:2d:89:a0 (SN 1825): AP 172.29.52.21-d8:c7:c8:a0:c9:f0-bvmahoning505-1-2
Oct 23 22:04:16 172.29.52.21 stm[842]: <501093> <NOTI> |AP bvmahoning505-1-2@172.29.52.21 stm|  Auth success: e0:b5:2d:2d:89:a0: AP 172.29.52.21-d8:c7:c8:a0:c9:f0-bvmahoning505-1-2
Oct 23 22:04:16 172.29.52.21 stm[842]: <501109> <NOTI> |AP bvmahoning505-1-2@172.29.52.21 stm|  Auth request: e0:b5:2d:2d:89:a0: AP 172.29.52.21-d8:c7:c8:a0:c9:f0-bvmahoning505-1-2 auth_alg 0
Oct 23 22:03:55 172.29.29.143 stm[1789]: <501080> <NOTI> |AP gatewayd-alley-1@172.29.29.143 stm|  Deauth to sta: 90:c7:d8:9a:cd:82: Ageout AP 172.29.29.143-ac:a3:1e:83:09:80-gatewayd-alley-1 Sapcp Ageout (internal ageout) 
Oct 23 22:03:55 172.29.29.143 stm[1789]: <501106> <NOTI> |AP gatewayd-alley-1@172.29.29.143 stm|  Deauth to sta: 90:c7:d8:9a:cd:82: Ageout AP 172.29.29.143-ac:a3:1e:83:09:80-gatewayd-alley-1 handle_sapcp
Oct 23 22:03:20 172.29.29.143 stm[1789]: <501093> <NOTI> |AP gatewayd-alley-1@172.29.29.143 stm|  Auth success: 90:c7:d8:9a:cd:82: AP 172.29.29.143-ac:a3:1e:83:09:80-gatewayd-alley-1
Oct 23 22:03:14 172.29.52.21 stm[842]: <501102> <NOTI> |AP bvmahoning505-1-2@172.29.52.21 stm|  Disassoc from sta: e0:b5:2d:2d:89:a0: AP 172.29.52.21-d8:c7:c8:a0:c9:f0-bvmahoning505-1-2 Reason STA has left and is disassociated
Oct 23 22:02:26 cppm-kc3 2016-10-23 22:02:26,108 140.254.22.27 CPPM_Session_Detail 3695649704 1 0 id=18046266751,session_id=R02c5a0be-08-580d6b54,type=INTERNAL_IN,attr_name=Connection:Client-Mac-Address-Colon,attr_value=90:c7:d8:9a:cd:82,timestamp=2016-10-23 22:00:53.000909-04
Oct 23 22:01:35 172.29.29.143 stm[1789]: <501080> <NOTI> |AP gatewayd-alley-1@172.29.29.143 stm|  Deauth to sta: 90:c7:d8:9a:cd:82: Ageout AP 172.29.29.143-ac:a3:1e:83:09:80-gatewayd-alley-1 Sapcp Ageout (internal ageout) 
Oct 23 22:01:35 172.29.29.143 stm[1789]: <501106> <NOTI> |AP gatewayd-alley-1@172.29.29.143 stm|  Deauth to sta: 90:c7:d8:9a:cd:82: Ageout AP 172.29.29.143-ac:a3:1e:83:09:80-gatewayd-alley-1 handle_sapcp
Oct 23 22:00:58 172.29.29.143 stm[1789]: <501093> <NOTI> |AP gatewayd-alley-1@172.29.29.143 stm|  Auth success: 90:c7:d8:9a:cd:82: AP 172.29.29.143-ac:a3:1e:83:09:80-gatewayd-alley-1
Oct 23 22:00:52 172.29.29.143 stm[1789]: <501105> <NOTI> |AP gatewayd-alley-1@172.29.29.143 stm|  Deauth from sta: 90:c7:d8:9a:cd:82: AP 172.29.29.143-ac:a3:1e:83:09:80-gatewayd-alley-1 Reason APAE Disconnect
Oct 23 22:00:52 tnc-w3.net.ohio-state.edu stm[3982]: <501080> <NOTI> <tnc-w3.net.ohio-state.edu 128.146.188.167>  Deauth to sta: 90:c7:d8:9a:cd:82: Ageout AP 172.29.29.143-ac:a3:1e:83:09:80-gatewayd-alley-1 APAE Disconnect
Oct 23 22:00:52 tnc-w3.net.ohio-state.edu authmgr[3965]: <132197> <ERRS> <tnc-w3.net.ohio-state.edu 128.146.188.167>  Maximum number of retries was attempted for station  90:c7:d8:9a:cd:82 ac:a3:1e:83:09:80, deauthenticating the station
Oct 23 22:00:50 172.29.29.143 stm[1789]: <501093> <NOTI> |AP gatewayd-alley-1@172.29.29.143 stm|  Auth success: 90:c7:d8:9a:cd:82: AP 172.29.29.143-ac:a3:1e:83:09:80-gatewayd-alley-1
