Oct 23 13:14:56 172.29.14.142 stm[836]: <501109> <NOTI> |AP jessenorth-1-1@172.29.14.142 stm|  Auth request: 54:4e:90:33:40:e4: AP 172.29.14.142-d8:c7:c8:eb:2c:f8-jessenorth-1-1 auth_alg 0
Oct 23 13:14:56 172.29.14.142 stm[836]: <501093> <NOTI> |AP jessenorth-1-1@172.29.14.142 stm|  Auth success: 54:4e:90:33:40:e4: AP 172.29.14.142-d8:c7:c8:eb:2c:f0-jessenorth-1-1
Oct 23 13:14:56 172.29.14.142 stm[836]: <501109> <NOTI> |AP jessenorth-1-1@172.29.14.142 stm|  Auth request: 54:4e:90:33:40:e4: AP 172.29.14.142-d8:c7:c8:eb:2c:f0-jessenorth-1-1 auth_alg 0
Oct 23 13:14:08 socc-w3.net.ohio-state.edu authmgr[3995]: <522010> <NOTI> <socc-w3.net.ohio-state.edu 128.146.188.135>  MAC=54:4e:90:33:40:e4 IP=140.254.213.116 User de-authenticated: name=kundu.24, cause=user request
Oct 23 13:14:08 socc-w3.net.ohio-state.edu authmgr[3995]: <522010> <NOTI> <socc-w3.net.ohio-state.edu 128.146.188.135>  MAC=54:4e:90:33:40:e4 IP=fe80::148d:e271:6120:eb69 User de-authenticated: name=kundu.24, cause=user request
Oct 23 13:13:38 172.29.9.247 stm[2015]: <501105> <NOTI> |AP maintenance-2-6@172.29.9.247 stm|  Deauth from sta: 54:4e:90:33:40:e4: AP 172.29.9.247-94:b4:0f:03:5e:40-maintenance-2-6 Reason STA has roamed to another AP
Oct 23 13:13:38 socc-w3.net.ohio-state.edu stm[4027]: <501100> <NOTI> <socc-w3.net.ohio-state.edu 128.146.188.135>  Assoc success @ 13:13:38.540040: 54:4e:90:33:40:e4: AP 172.29.8.183-94:b4:0f:03:5d:80-maintenance-2-2
Oct 23 13:13:38 172.29.8.183 stm[2013]: <501100> <NOTI> |AP maintenance-2-2@172.29.8.183 stm|  Assoc success @ 13:13:38.537909: 54:4e:90:33:40:e4: AP 172.29.8.183-94:b4:0f:03:5d:80-maintenance-2-2
Oct 23 13:13:38 172.29.8.183 stm[2013]: <501095> <NOTI> |AP maintenance-2-2@172.29.8.183 stm|  Assoc request @ 13:13:38.536700: 54:4e:90:33:40:e4 (SN 4013): AP 172.29.8.183-94:b4:0f:03:5d:80-maintenance-2-2
Oct 23 13:13:38 socc-w3.net.ohio-state.edu stm[4027]: <501080> <NOTI> <socc-w3.net.ohio-state.edu 128.146.188.135>  Deauth to sta: 54:4e:90:33:40:e4: Ageout AP 172.29.9.247-94:b4:0f:03:5e:40-maintenance-2-6 STA has roamed to another AP
Oct 23 13:13:38 172.29.8.183 stm[2013]: <501093> <NOTI> |AP maintenance-2-2@172.29.8.183 stm|  Auth success: 54:4e:90:33:40:e4: AP 172.29.8.183-94:b4:0f:03:5d:80-maintenance-2-2
Oct 23 13:13:28 cppm-kc1 2016-10-23 13:13:28,78 140.254.22.25 CPPM_Session_Detail 1816029739 1 0 id=25740863462,session_id=R01c79e4f-14-580cef8d,type=INTERNAL_IN,attr_name=Connection:Client-Mac-Address-Colon,attr_value=54:4e:90:33:40:e4,timestamp=2016-10-23 13:12:51.878071-04
Oct 23 13:13:27 cppm-kc1 2016-10-23 13:13:27,646 140.254.22.25 CPPM_Session_Detail 1816009227 1 0 id=25740842950,session_id=R01c79d14-14-580cef59,type=INTERNAL_IN,attr_name=Connection:Client-Mac-Address-Colon,attr_value=54:4e:90:33:40:e4,timestamp=2016-10-23 13:11:53.476762-04
Oct 23 13:13:27 cppm-kc1 2016-10-23 13:13:27,307 140.254.22.25 CPPM_Session_Detail 1815996309 1 0 id=25740830032,session_id=R01c79c42-14-580cef39,type=INTERNAL_IN,attr_name=Connection:Client-Mac-Address-Colon,attr_value=54:4e:90:33:40:e4,timestamp=2016-10-23 13:11:22.577674-04
Oct 23 13:12:50 socc-w3.net.ohio-state.edu authmgr[3995]: <522008> <NOTI> <socc-w3.net.ohio-state.edu 128.146.188.135>  User Authentication Successful: username=kundu.24 MAC=54:4e:90:33:40:e4 IP=140.254.213.116 role=osu-employee-mobile VLAN=3001 AP=maintenance-2-6 SSID=osuwireless AAA profile=osuwireless-socc-a auth method=802.1x auth server=cppm-kc1
Oct 23 13:12:50 socc-w3.net.ohio-state.edu authmgr[3995]: <522008> <NOTI> <socc-w3.net.ohio-state.edu 128.146.188.135>  User Authentication Successful: username=kundu.24 MAC=54:4e:90:33:40:e4 IP=fe80::148d:e271:6120:eb69 role=osu-employee-mobile VLAN=3001 AP=maintenance-2-6 SSID=osuwireless AAA profile=osuwireless-socc-a auth method=802.1x auth server=cppm-kc1
Oct 23 13:12:45 172.29.8.54 stm[836]: <501105> <NOTI> |AP centralservices-1-1@172.29.8.54 stm|  Deauth from sta: 54:4e:90:33:40:e4: AP 172.29.8.54-d8:c7:c8:6c:9e:70-centralservices-1-1 Reason STA has roamed to another AP
Oct 23 13:12:45 socc-w3.net.ohio-state.edu stm[4027]: <501100> <NOTI> <socc-w3.net.ohio-state.edu 128.146.188.135>  Assoc success @ 13:12:45.243033: 54:4e:90:33:40:e4: AP 172.29.9.247-94:b4:0f:03:5e:40-maintenance-2-6
Oct 23 13:12:45 socc-w3.net.ohio-state.edu stm[4027]: <501080> <NOTI> <socc-w3.net.ohio-state.edu 128.146.188.135>  Deauth to sta: 54:4e:90:33:40:e4: Ageout AP 172.29.8.54-d8:c7:c8:6c:9e:70-centralservices-1-1 STA has roamed to another AP
Oct 23 13:12:45 172.29.9.247 stm[2015]: <501100> <NOTI> |AP maintenance-2-6@172.29.9.247 stm|  Assoc success @ 13:12:45.238716: 54:4e:90:33:40:e4: AP 172.29.9.247-94:b4:0f:03:5e:40-maintenance-2-6
Oct 23 13:12:45 172.29.9.247 stm[2015]: <501095> <NOTI> |AP maintenance-2-6@172.29.9.247 stm|  Assoc request @ 13:12:45.237456: 54:4e:90:33:40:e4 (SN 3687): AP 172.29.9.247-94:b4:0f:03:5e:40-maintenance-2-6
Oct 23 13:12:45 172.29.9.247 stm[2015]: <501093> <NOTI> |AP maintenance-2-6@172.29.9.247 stm|  Auth success: 54:4e:90:33:40:e4: AP 172.29.9.247-94:b4:0f:03:5e:40-maintenance-2-6
Oct 23 13:11:53 socc-w3.net.ohio-state.edu authmgr[3995]: <522008> <NOTI> <socc-w3.net.ohio-state.edu 128.146.188.135>  User Authentication Successful: username=kundu.24 MAC=54:4e:90:33:40:e4 IP=140.254.213.116 role=osu-employee-mobile VLAN=3001 AP=centralservices-1-1 SSID=osuwireless AAA profile=osuwireless-socc-a auth method=802.1x auth server=cppm-kc1
Oct 23 13:11:53 socc-w3.net.ohio-state.edu authmgr[3995]: <522008> <NOTI> <socc-w3.net.ohio-state.edu 128.146.188.135>  User Authentication Successful: username=kundu.24 MAC=54:4e:90:33:40:e4 IP=fe80::148d:e271:6120:eb69 role=osu-employee-mobile VLAN=3001 AP=centralservices-1-1 SSID=osuwireless AAA profile=osuwireless-socc-a auth method=802.1x auth server=cppm-kc1
Oct 23 13:11:53 172.29.7.239 stm[2007]: <501105> <NOTI> |AP dreese-2-8@172.29.7.239 stm|  Deauth from sta: 54:4e:90:33:40:e4: AP 172.29.7.239-94:b4:0f:ad:fa:20-dreese-2-8 Reason STA has roamed to another AP
Oct 23 13:11:53 socc-w3.net.ohio-state.edu stm[4027]: <501100> <NOTI> <socc-w3.net.ohio-state.edu 128.146.188.135>  Assoc success @ 13:11:53.303422: 54:4e:90:33:40:e4: AP 172.29.8.54-d8:c7:c8:6c:9e:70-centralservices-1-1
Oct 23 13:11:53 socc-w3.net.ohio-state.edu stm[4027]: <501080> <NOTI> <socc-w3.net.ohio-state.edu 128.146.188.135>  Deauth to sta: 54:4e:90:33:40:e4: Ageout AP 172.29.7.239-94:b4:0f:ad:fa:20-dreese-2-8 STA has roamed to another AP
Oct 23 13:11:53 172.29.8.54 stm[836]: <501100> <NOTI> |AP centralservices-1-1@172.29.8.54 stm|  Assoc success @ 13:11:53.297064: 54:4e:90:33:40:e4: AP 172.29.8.54-d8:c7:c8:6c:9e:70-centralservices-1-1
Oct 23 13:11:53 172.29.8.54 stm[836]: <501095> <NOTI> |AP centralservices-1-1@172.29.8.54 stm|  Assoc request @ 13:11:53.295862: 54:4e:90:33:40:e4 (SN 3449): AP 172.29.8.54-d8:c7:c8:6c:9e:70-centralservices-1-1
Oct 23 13:11:53 172.29.8.54 stm[836]: <501093> <NOTI> |AP centralservices-1-1@172.29.8.54 stm|  Auth success: 54:4e:90:33:40:e4: AP 172.29.8.54-d8:c7:c8:6c:9e:70-centralservices-1-1
Oct 23 13:11:53 172.29.8.54 stm[836]: <501109> <NOTI> |AP centralservices-1-1@172.29.8.54 stm|  Auth request: 54:4e:90:33:40:e4: AP 172.29.8.54-d8:c7:c8:6c:9e:70-centralservices-1-1 auth_alg 0
Oct 23 13:11:21 socc-w3.net.ohio-state.edu authmgr[3995]: <522008> <NOTI> <socc-w3.net.ohio-state.edu 128.146.188.135>  User Authentication Successful: username=kundu.24 MAC=54:4e:90:33:40:e4 IP=140.254.213.116 role=osu-employee-mobile VLAN=3001 AP=dreese-2-8 SSID=osuwireless AAA profile=osuwireless-socc-a auth method=802.1x auth server=cppm-kc1
Oct 23 13:11:21 socc-w3.net.ohio-state.edu authmgr[3995]: <522008> <NOTI> <socc-w3.net.ohio-state.edu 128.146.188.135>  User Authentication Successful: username=kundu.24 MAC=54:4e:90:33:40:e4 IP=fe80::148d:e271:6120:eb69 role=osu-employee-mobile VLAN=3001 AP=dreese-2-8 SSID=osuwireless AAA profile=osuwireless-socc-a auth method=802.1x auth server=cppm-kc1
Oct 23 13:11:21 172.29.6.78 stm[2007]: <501105> <NOTI> |AP dreese-1-6@172.29.6.78 stm|  Deauth from sta: 54:4e:90:33:40:e4: AP 172.29.6.78-94:b4:0f:ad:ec:80-dreese-1-6 Reason STA has roamed to another AP
Oct 23 13:11:21 172.29.7.239 stm[2007]: <501100> <NOTI> |AP dreese-2-8@172.29.7.239 stm|  Assoc success @ 13:11:21.222866: 54:4e:90:33:40:e4: AP 172.29.7.239-94:b4:0f:ad:fa:20-dreese-2-8
Oct 23 13:11:21 socc-w3.net.ohio-state.edu stm[4027]: <501100> <NOTI> <socc-w3.net.ohio-state.edu 128.146.188.135>  Assoc success @ 13:11:21.225703: 54:4e:90:33:40:e4: AP 172.29.7.239-94:b4:0f:ad:fa:20-dreese-2-8
Oct 23 13:11:21 172.29.7.239 stm[2007]: <501095> <NOTI> |AP dreese-2-8@172.29.7.239 stm|  Assoc request @ 13:11:21.221653: 54:4e:90:33:40:e4 (SN 3168): AP 172.29.7.239-94:b4:0f:ad:fa:20-dreese-2-8
Oct 23 13:11:21 socc-w3.net.ohio-state.edu stm[4027]: <501080> <NOTI> <socc-w3.net.ohio-state.edu 128.146.188.135>  Deauth to sta: 54:4e:90:33:40:e4: Ageout AP 172.29.6.78-94:b4:0f:ad:ec:80-dreese-1-6 STA has roamed to another AP
Oct 23 13:11:21 172.29.7.239 stm[2007]: <501093> <NOTI> |AP dreese-2-8@172.29.7.239 stm|  Auth success: 54:4e:90:33:40:e4: AP 172.29.7.239-94:b4:0f:ad:fa:20-dreese-2-8
Oct 23 13:11:14 cppm-kc1 2016-10-23 13:11:14,387 140.254.22.25 CPPM_Session_Detail 1815985909 1 0 id=25740819633,session_id=R01c79b8f-14-580cef1c,type=INTERNAL_IN,attr_name=Connection:Client-Mac-Address-Colon,attr_value=54:4e:90:33:40:e4,timestamp=2016-10-23 13:10:54.059539-04
Oct 23 13:11:14 cppm-kc1 2016-10-23 13:11:14,83 140.254.22.25 CPPM_Session_Detail 1815970630 1 0 id=25740804354,session_id=R01c79aa0-14-580ceefa,type=INTERNAL_IN,attr_name=Connection:Client-Mac-Address-Colon,attr_value=54:4e:90:33:40:e4,timestamp=2016-10-23 13:10:20.983487-04
Oct 23 13:11:12 socc-w3.net.ohio-state.edu authmgr[3995]: <522008> <NOTI> <socc-w3.net.ohio-state.edu 128.146.188.135>  User Authentication Successful: username=kundu.24 MAC=54:4e:90:33:40:e4 IP=140.254.213.116 role=osu-employee-mobile VLAN=3001 AP=dreese-1-6 SSID=osuwireless AAA profile=osuwireless-socc-a auth method=802.1x auth server=cppm-kc1
Oct 23 13:11:12 socc-w3.net.ohio-state.edu authmgr[3995]: <522008> <NOTI> <socc-w3.net.ohio-state.edu 128.146.188.135>  User Authentication Successful: username=kundu.24 MAC=54:4e:90:33:40:e4 IP=fe80::148d:e271:6120:eb69 role=osu-employee-mobile VLAN=3001 AP=dreese-1-6 SSID=osuwireless AAA profile=osuwireless-socc-a auth method=802.1x auth server=cppm-kc1
Oct 23 13:11:12 172.29.5.239 stm[2015]: <501105> <NOTI> |AP dreese-1-3@172.29.5.239 stm|  Deauth from sta: 54:4e:90:33:40:e4: AP 172.29.5.239-94:b4:0f:04:0c:f0-dreese-1-3 Reason STA has roamed to another AP
Oct 23 13:11:12 socc-w3.net.ohio-state.edu stm[4027]: <501100> <NOTI> <socc-w3.net.ohio-state.edu 128.146.188.135>  Assoc success @ 13:11:12.204102: 54:4e:90:33:40:e4: AP 172.29.6.78-94:b4:0f:ad:ec:80-dreese-1-6
Oct 23 13:11:12 172.29.6.78 stm[2007]: <501100> <NOTI> |AP dreese-1-6@172.29.6.78 stm|  Assoc success @ 13:11:12.201610: 54:4e:90:33:40:e4: AP 172.29.6.78-94:b4:0f:ad:ec:80-dreese-1-6
Oct 23 13:11:12 socc-w3.net.ohio-state.edu stm[4027]: <501080> <NOTI> <socc-w3.net.ohio-state.edu 128.146.188.135>  Deauth to sta: 54:4e:90:33:40:e4: Ageout AP 172.29.5.239-94:b4:0f:04:0c:f0-dreese-1-3 STA has roamed to another AP
Oct 23 13:11:12 172.29.6.78 stm[2007]: <501095> <NOTI> |AP dreese-1-6@172.29.6.78 stm|  Assoc request @ 13:11:12.200372: 54:4e:90:33:40:e4 (SN 3054): AP 172.29.6.78-94:b4:0f:ad:ec:80-dreese-1-6
Oct 23 13:11:12 172.29.6.78 stm[2007]: <501093> <NOTI> |AP dreese-1-6@172.29.6.78 stm|  Auth success: 54:4e:90:33:40:e4: AP 172.29.6.78-94:b4:0f:ad:ec:80-dreese-1-6
Oct 23 13:10:52 socc-w3.net.ohio-state.edu authmgr[3995]: <522008> <NOTI> <socc-w3.net.ohio-state.edu 128.146.188.135>  User Authentication Successful: username=kundu.24 MAC=54:4e:90:33:40:e4 IP=140.254.213.116 role=osu-employee-mobile VLAN=3001 AP=dreese-1-3 SSID=osuwireless AAA profile=osuwireless-socc-a auth method=802.1x auth server=cppm-kc1
Oct 23 13:10:52 socc-w3.net.ohio-state.edu authmgr[3995]: <522008> <NOTI> <socc-w3.net.ohio-state.edu 128.146.188.135>  User Authentication Successful: username=kundu.24 MAC=54:4e:90:33:40:e4 IP=fe80::148d:e271:6120:eb69 role=osu-employee-mobile VLAN=3001 AP=dreese-1-3 SSID=osuwireless AAA profile=osuwireless-socc-a auth method=802.1x auth server=cppm-kc1
Oct 23 13:10:52 172.29.6.86 stm[2007]: <501105> <NOTI> |AP dreese-2-6@172.29.6.86 stm|  Deauth from sta: 54:4e:90:33:40:e4: AP 172.29.6.86-94:b4:0f:ad:ee:10-dreese-2-6 Reason STA has roamed to another AP
Oct 23 13:10:52 socc-w3.net.ohio-state.edu stm[4027]: <501100> <NOTI> <socc-w3.net.ohio-state.edu 128.146.188.135>  Assoc success @ 13:10:52.653607: 54:4e:90:33:40:e4: AP 172.29.5.239-94:b4:0f:04:0c:f0-dreese-1-3
Oct 23 13:10:52 socc-w3.net.ohio-state.edu stm[4027]: <501080> <NOTI> <socc-w3.net.ohio-state.edu 128.146.188.135>  Deauth to sta: 54:4e:90:33:40:e4: Ageout AP 172.29.6.86-94:b4:0f:ad:ee:10-dreese-2-6 STA has roamed to another AP
Oct 23 13:10:52 172.29.5.239 stm[2015]: <501100> <NOTI> |AP dreese-1-3@172.29.5.239 stm|  Assoc success @ 13:10:52.647676: 54:4e:90:33:40:e4: AP 172.29.5.239-94:b4:0f:04:0c:f0-dreese-1-3
Oct 23 13:10:52 172.29.5.239 stm[2015]: <501095> <NOTI> |AP dreese-1-3@172.29.5.239 stm|  Assoc request @ 13:10:52.646013: 54:4e:90:33:40:e4 (SN 2978): AP 172.29.5.239-94:b4:0f:04:0c:f0-dreese-1-3
Oct 23 13:10:52 172.29.5.239 stm[2015]: <501093> <NOTI> |AP dreese-1-3@172.29.5.239 stm|  Auth success: 54:4e:90:33:40:e4: AP 172.29.5.239-94:b4:0f:04:0c:f0-dreese-1-3
Oct 23 13:10:25 socc-w3.net.ohio-state.edu authmgr[3995]: <522008> <NOTI> <socc-w3.net.ohio-state.edu 128.146.188.135>  User Authentication Successful: username=kundu.24 MAC=54:4e:90:33:40:e4 IP=140.254.213.116 role=osu-employee-mobile VLAN=3001 AP=dreese-2-6 SSID=osuwireless AAA profile=osuwireless-socc-a auth method=802.1x auth server=cppm-kc1
Oct 23 13:10:25 socc-w3.net.ohio-state.edu authmgr[3995]: <522008> <NOTI> <socc-w3.net.ohio-state.edu 128.146.188.135>  User Authentication Successful: username=kundu.24 MAC=54:4e:90:33:40:e4 IP=fe80::148d:e271:6120:eb69 role=osu-employee-mobile VLAN=3001 AP=dreese-2-6 SSID=osuwireless AAA profile=osuwireless-socc-a auth method=802.1x auth server=cppm-kc1
Oct 23 13:10:25 172.29.6.14 stm[2007]: <501105> <NOTI> |AP dreese-2-7@172.29.6.14 stm|  Deauth from sta: 54:4e:90:33:40:e4: AP 172.29.6.14-94:b4:0f:ad:ee:70-dreese-2-7 Reason STA has roamed to another AP
Oct 23 13:10:25 socc-w3.net.ohio-state.edu stm[4027]: <501100> <NOTI> <socc-w3.net.ohio-state.edu 128.146.188.135>  Assoc success @ 13:10:25.443513: 54:4e:90:33:40:e4: AP 172.29.6.86-94:b4:0f:ad:ee:10-dreese-2-6
Oct 23 13:10:25 172.29.6.86 stm[2007]: <501093> <NOTI> |AP dreese-2-6@172.29.6.86 stm|  Auth success: 54:4e:90:33:40:e4: AP 172.29.6.86-94:b4:0f:ad:ee:10-dreese-2-6
Oct 23 13:10:19 socc-w3.net.ohio-state.edu authmgr[3995]: <522008> <NOTI> <socc-w3.net.ohio-state.edu 128.146.188.135>  User Authentication Successful: username=kundu.24 MAC=54:4e:90:33:40:e4 IP=fe80::148d:e271:6120:eb69 role=osu-employee-mobile VLAN=3001 AP=dreese-2-7 SSID=osuwireless AAA profile=osuwireless-socc-a auth method=802.1x auth server=cppm-kc1
Oct 23 13:10:18 socc-w3.net.ohio-state.edu stm[4027]: <501100> <NOTI> <socc-w3.net.ohio-state.edu 128.146.188.135>  Assoc success @ 13:10:18.635782: 54:4e:90:33:40:e4: AP 172.29.6.14-94:b4:0f:ad:ee:70-dreese-2-7
Oct 23 13:10:18 172.29.6.14 stm[2007]: <501100> <NOTI> |AP dreese-2-7@172.29.6.14 stm|  Assoc success @ 13:10:18.632978: 54:4e:90:33:40:e4: AP 172.29.6.14-94:b4:0f:ad:ee:70-dreese-2-7
Oct 23 13:10:18 172.29.6.14 stm[2007]: <501095> <NOTI> |AP dreese-2-7@172.29.6.14 stm|  Assoc request @ 13:10:18.631792: 54:4e:90:33:40:e4 (SN 2678): AP 172.29.6.14-94:b4:0f:ad:ee:70-dreese-2-7
Oct 23 13:10:18 172.29.6.14 stm[2007]: <501093> <NOTI> |AP dreese-2-7@172.29.6.14 stm|  Auth success: 54:4e:90:33:40:e4: AP 172.29.6.14-94:b4:0f:ad:ee:70-dreese-2-7
Oct 23 13:10:08 172.29.6.14 stm[2007]: <501102> <NOTI> |AP dreese-2-7@172.29.6.14 stm|  Disassoc from sta: 54:4e:90:33:40:e4: AP 172.29.6.14-94:b4:0f:ad:ee:70-dreese-2-7 Reason STA has left and is disassociated
Oct 23 13:02:12 socc-w3.net.ohio-state.edu authmgr[3995]: <522008> <NOTI> <socc-w3.net.ohio-state.edu 128.146.188.135>  User Authentication Successful: username=kundu.24 MAC=54:4e:90:33:40:e4 IP=140.254.213.116 role=osu-employee-mobile VLAN=3001 AP=dreese-2-7 SSID=osuwireless AAA profile=osuwireless-socc-a auth method=802.1x auth server=cppm-kc1
Oct 23 13:02:12 socc-w3.net.ohio-state.edu authmgr[3995]: <522008> <NOTI> <socc-w3.net.ohio-state.edu 128.146.188.135>  User Authentication Successful: username=kundu.24 MAC=54:4e:90:33:40:e4 IP=fe80::148d:e271:6120:eb69 role=osu-employee-mobile VLAN=3001 AP=dreese-2-7 SSID=osuwireless AAA profile=osuwireless-socc-a auth method=802.1x auth server=cppm-kc1
Oct 23 13:02:11 socc-w3.net.ohio-state.edu stm[4027]: <501100> <NOTI> <socc-w3.net.ohio-state.edu 128.146.188.135>  Assoc success @ 13:02:11.619167: 54:4e:90:33:40:e4: AP 172.29.6.14-94:b4:0f:ad:ee:70-dreese-2-7
Oct 23 13:02:11 172.29.6.14 stm[2007]: <501100> <NOTI> |AP dreese-2-7@172.29.6.14 stm|  Assoc success @ 13:02:11.614330: 54:4e:90:33:40:e4: AP 172.29.6.14-94:b4:0f:ad:ee:70-dreese-2-7
Oct 23 13:02:11 172.29.6.14 stm[2007]: <501095> <NOTI> |AP dreese-2-7@172.29.6.14 stm|  Assoc request @ 13:02:11.613113: 54:4e:90:33:40:e4 (SN 2464): AP 172.29.6.14-94:b4:0f:ad:ee:70-dreese-2-7
Oct 23 13:02:11 172.29.6.14 stm[2007]: <501093> <NOTI> |AP dreese-2-7@172.29.6.14 stm|  Auth success: 54:4e:90:33:40:e4: AP 172.29.6.14-94:b4:0f:ad:ee:70-dreese-2-7
Oct 23 12:57:50 cppm-kc1 2016-10-23 12:57:50,34 140.254.22.25 CPPM_Session_Detail 1815605471 1 0 id=25740439194,session_id=R01c78339-14-580ceb94,type=INTERNAL_IN,attr_name=Connection:Client-Mac-Address-Colon,attr_value=54:4e:90:33:40:e4,timestamp=2016-10-23 12:55:50.452866-04
Oct 23 12:57:49 cppm-kc1 2016-10-23 12:57:49,975 140.254.22.25 CPPM_Session_Detail 1815602894 1 0 id=25740436618,session_id=R01c7830c-14-580ceb8d,type=INTERNAL_IN,attr_name=Connection:Client-Mac-Address-Colon,attr_value=54:4e:90:33:40:e4,timestamp=2016-10-23 12:55:41.792165-04
Oct 23 12:55:48 socc-w3.net.ohio-state.edu authmgr[3995]: <522008> <NOTI> <socc-w3.net.ohio-state.edu 128.146.188.135>  User Authentication Successful: username=kundu.24 MAC=54:4e:90:33:40:e4 IP=140.254.213.116 role=osu-employee-mobile VLAN=3001 AP=dreese-2-7 SSID=osuwireless AAA profile=osuwireless-socc-a auth method=802.1x auth server=cppm-kc1
Oct 23 12:55:48 socc-w3.net.ohio-state.edu authmgr[3995]: <522008> <NOTI> <socc-w3.net.ohio-state.edu 128.146.188.135>  User Authentication Successful: username=kundu.24 MAC=54:4e:90:33:40:e4 IP=fe80::148d:e271:6120:eb69 role=osu-employee-mobile VLAN=3001 AP=dreese-2-7 SSID=osuwireless AAA profile=osuwireless-socc-a auth method=802.1x auth server=cppm-kc1
Oct 23 12:55:48 172.29.6.14 stm[2007]: <501100> <NOTI> |AP dreese-2-7@172.29.6.14 stm|  Assoc success @ 12:55:48.202056: 54:4e:90:33:40:e4: AP 172.29.6.14-94:b4:0f:ad:ee:70-dreese-2-7
Oct 23 12:55:48 socc-w3.net.ohio-state.edu stm[4027]: <501100> <NOTI> <socc-w3.net.ohio-state.edu 128.146.188.135>  Assoc success @ 12:55:48.205110: 54:4e:90:33:40:e4: AP 172.29.6.14-94:b4:0f:ad:ee:70-dreese-2-7
Oct 23 12:55:48 172.29.6.14 stm[2007]: <501095> <NOTI> |AP dreese-2-7@172.29.6.14 stm|  Assoc request @ 12:55:48.200905: 54:4e:90:33:40:e4 (SN 2180): AP 172.29.6.14-94:b4:0f:ad:ee:70-dreese-2-7
Oct 23 12:55:48 172.29.6.14 stm[2007]: <501093> <NOTI> |AP dreese-2-7@172.29.6.14 stm|  Auth success: 54:4e:90:33:40:e4: AP 172.29.6.14-94:b4:0f:ad:ee:70-dreese-2-7
Oct 23 12:55:47 172.29.6.14 stm[2007]: <501102> <NOTI> |AP dreese-2-7@172.29.6.14 stm|  Disassoc from sta: 54:4e:90:33:40:e4: AP 172.29.6.14-94:b4:0f:ad:ee:70-dreese-2-7 Reason STA has left and is disassociated
Oct 23 12:55:42 socc-w3.net.ohio-state.edu authmgr[3995]: <132053> <ERRS> <socc-w3.net.ohio-state.edu 128.146.188.135>  Dropping the radius packet for Station 54:4e:90:33:40:e4 94:b4:0f:ad:ee:70 doing 802.1x
Oct 23 12:55:42 socc-w3.net.ohio-state.edu authmgr[3995]: <522010> <NOTI> <socc-w3.net.ohio-state.edu 128.146.188.135>  MAC=54:4e:90:33:40:e4 IP=140.254.213.116 User de-authenticated: name=kundu.24, cause=user request
Oct 23 12:55:42 socc-w3.net.ohio-state.edu authmgr[3995]: <522010> <NOTI> <socc-w3.net.ohio-state.edu 128.146.188.135>  MAC=54:4e:90:33:40:e4 IP=fe80::148d:e271:6120:eb69 User de-authenticated: name=kundu.24, cause=user request
Oct 23 12:55:42 socc-w3.net.ohio-state.edu authmgr[3995]: <132207> <ERRS> <socc-w3.net.ohio-state.edu 128.146.188.135>  RADIUS reject for station kundu.24 54:4e:90:33:40:e4 from server cppm-kc1.
Oct 23 12:55:42 socc-w3.net.ohio-state.edu authmgr[3995]: <522275> <ERRS> <socc-w3.net.ohio-state.edu 128.146.188.135>  User Authentication failed. username=kundu.24 userip=0.0.0.0 usermac=54:4e:90:33:40:e4 authmethod=802.1x servername=cppm-kc1 serverip=140.254.22.25 apname=dreese-2-7 bssid=94:b4:0f:ad:ee:70 
Oct 23 12:55:41 172.29.6.86 stm[2007]: <501105> <NOTI> |AP dreese-2-6@172.29.6.86 stm|  Deauth from sta: 54:4e:90:33:40:e4: AP 172.29.6.86-94:b4:0f:ad:ee:10-dreese-2-6 Reason STA has roamed to another AP
Oct 23 12:55:41 socc-w3.net.ohio-state.edu stm[4027]: <501100> <NOTI> <socc-w3.net.ohio-state.edu 128.146.188.135>  Assoc success @ 12:55:41.473027: 54:4e:90:33:40:e4: AP 172.29.6.14-94:b4:0f:ad:ee:70-dreese-2-7
Oct 23 12:55:41 172.29.6.14 stm[2007]: <501100> <NOTI> |AP dreese-2-7@172.29.6.14 stm|  Assoc success @ 12:55:41.468367: 54:4e:90:33:40:e4: AP 172.29.6.14-94:b4:0f:ad:ee:70-dreese-2-7
Oct 23 12:55:41 172.29.6.14 stm[2007]: <501095> <NOTI> |AP dreese-2-7@172.29.6.14 stm|  Assoc request @ 12:55:41.467000: 54:4e:90:33:40:e4 (SN 2174): AP 172.29.6.14-94:b4:0f:ad:ee:70-dreese-2-7
Oct 23 12:55:41 172.29.6.14 stm[2007]: <501093> <NOTI> |AP dreese-2-7@172.29.6.14 stm|  Auth success: 54:4e:90:33:40:e4: AP 172.29.6.14-94:b4:0f:ad:ee:70-dreese-2-7
Oct 23 12:55:37 cppm-kc1 2016-10-23 12:55:37,424 140.254.22.25 CPPM_Session_Detail 1815589891 1 0 id=25740423615,session_id=R01c78236-14-580ceb70,type=INTERNAL_IN,attr_name=Connection:Client-Mac-Address-Colon,attr_value=54:4e:90:33:40:e4,timestamp=2016-10-23 12:55:12.953558-04
Oct 23 12:55:36 cppm-kc1 2016-10-23 12:55:36,900 140.254.22.25 CPPM_Session_Detail 1815565413 1 0 id=25740399134,session_id=R01c780a8-14-580ceb39,type=INTERNAL_IN,attr_name=Connection:Client-Mac-Address-Colon,attr_value=54:4e:90:33:40:e4,timestamp=2016-10-23 12:54:19.620491-04
Oct 23 12:55:36 cppm-kc1 2016-10-23 12:55:36,149 140.254.22.25 CPPM_Session_Detail 1815535765 1 0 id=25740369487,session_id=R01c77eb8-14-580ceaf7,type=INTERNAL_IN,attr_name=Connection:Client-Mac-Address-Colon,attr_value=54:4e:90:33:40:e4,timestamp=2016-10-23 12:53:13.077352-04
Oct 23 12:55:12 socc-w3.net.ohio-state.edu authmgr[3995]: <522008> <NOTI> <socc-w3.net.ohio-state.edu 128.146.188.135>  User Authentication Successful: username=kundu.24 MAC=54:4e:90:33:40:e4 IP=140.254.213.116 role=osu-employee-mobile VLAN=3001 AP=dreese-2-6 SSID=osuwireless AAA profile=osuwireless-socc-a auth method=802.1x auth server=cppm-kc1
Oct 23 12:55:12 socc-w3.net.ohio-state.edu authmgr[3995]: <522008> <NOTI> <socc-w3.net.ohio-state.edu 128.146.188.135>  User Authentication Successful: username=kundu.24 MAC=54:4e:90:33:40:e4 IP=fe80::148d:e271:6120:eb69 role=osu-employee-mobile VLAN=3001 AP=dreese-2-6 SSID=osuwireless AAA profile=osuwireless-socc-a auth method=802.1x auth server=cppm-kc1
Oct 23 12:55:12 172.29.5.239 stm[2015]: <501105> <NOTI> |AP dreese-1-3@172.29.5.239 stm|  Deauth from sta: 54:4e:90:33:40:e4: AP 172.29.5.239-94:b4:0f:04:0c:f0-dreese-1-3 Reason STA has roamed to another AP
Oct 23 12:55:12 socc-w3.net.ohio-state.edu stm[4027]: <501100> <NOTI> <socc-w3.net.ohio-state.edu 128.146.188.135>  Assoc success @ 12:55:12.819265: 54:4e:90:33:40:e4: AP 172.29.6.86-94:b4:0f:ad:ee:10-dreese-2-6
Oct 23 12:55:12 socc-w3.net.ohio-state.edu stm[4027]: <501080> <NOTI> <socc-w3.net.ohio-state.edu 128.146.188.135>  Deauth to sta: 54:4e:90:33:40:e4: Ageout AP 172.29.5.239-94:b4:0f:04:0c:f0-dreese-1-3 STA has roamed to another AP
Oct 23 12:55:12 172.29.6.86 stm[2007]: <501100> <NOTI> |AP dreese-2-6@172.29.6.86 stm|  Assoc success @ 12:55:12.816336: 54:4e:90:33:40:e4: AP 172.29.6.86-94:b4:0f:ad:ee:10-dreese-2-6
Oct 23 12:55:12 172.29.6.86 stm[2007]: <501095> <NOTI> |AP dreese-2-6@172.29.6.86 stm|  Assoc request @ 12:55:12.814996: 54:4e:90:33:40:e4 (SN 1995): AP 172.29.6.86-94:b4:0f:ad:ee:10-dreese-2-6
Oct 23 12:55:12 172.29.6.86 stm[2007]: <501093> <NOTI> |AP dreese-2-6@172.29.6.86 stm|  Auth success: 54:4e:90:33:40:e4: AP 172.29.6.86-94:b4:0f:ad:ee:10-dreese-2-6
Oct 23 12:55:00 socc-w3.net.ohio-state.edu authmgr[3995]: <522008> <NOTI> <socc-w3.net.ohio-state.edu 128.146.188.135>  User Authentication Successful: username=kundu.24 MAC=54:4e:90:33:40:e4 IP=fe80::148d:e271:6120:eb69 role=osu-employee-mobile VLAN=3001 AP=dreese-1-3 SSID=osuwireless AAA profile=osuwireless-socc-a auth method=802.1x auth server=cppm-kc1
Oct 23 12:54:59 172.29.5.239 stm[2015]: <501100> <NOTI> |AP dreese-1-3@172.29.5.239 stm|  Assoc success @ 12:54:59.970132: 54:4e:90:33:40:e4: AP 172.29.5.239-94:b4:0f:04:0c:f0-dreese-1-3
Oct 23 12:54:18 socc-w3.net.ohio-state.edu authmgr[3995]: <522008> <NOTI> <socc-w3.net.ohio-state.edu 128.146.188.135>  User Authentication Successful: username=kundu.24 MAC=54:4e:90:33:40:e4 IP=140.254.213.116 role=osu-employee-mobile VLAN=3001 AP=dreese-1-6 SSID=osuwireless AAA profile=osuwireless-socc-a auth method=802.1x auth server=cppm-kc1
Oct 23 12:54:18 socc-w3.net.ohio-state.edu authmgr[3995]: <522008> <NOTI> <socc-w3.net.ohio-state.edu 128.146.188.135>  User Authentication Successful: username=kundu.24 MAC=54:4e:90:33:40:e4 IP=fe80::148d:e271:6120:eb69 role=osu-employee-mobile VLAN=3001 AP=dreese-1-6 SSID=osuwireless AAA profile=osuwireless-socc-a auth method=802.1x auth server=cppm-kc1
Oct 23 12:54:17 172.29.4.24 stm[803]: <501105> <NOTI> |AP dreese-2-4@172.29.4.24 stm|  Deauth from sta: 54:4e:90:33:40:e4: AP 172.29.4.24-18:64:72:9b:9f:60-dreese-2-4 Reason STA has roamed to another AP
Oct 23 12:54:17 172.29.6.78 stm[2007]: <501100> <NOTI> |AP dreese-1-6@172.29.6.78 stm|  Assoc success @ 12:54:17.874979: 54:4e:90:33:40:e4: AP 172.29.6.78-94:b4:0f:ad:ec:90-dreese-1-6
Oct 23 12:54:17 socc-w3.net.ohio-state.edu stm[4027]: <501100> <NOTI> <socc-w3.net.ohio-state.edu 128.146.188.135>  Assoc success @ 12:54:17.878187: 54:4e:90:33:40:e4: AP 172.29.6.78-94:b4:0f:ad:ec:90-dreese-1-6
Oct 23 12:54:17 socc-w3.net.ohio-state.edu stm[4027]: <501080> <NOTI> <socc-w3.net.ohio-state.edu 128.146.188.135>  Deauth to sta: 54:4e:90:33:40:e4: Ageout AP 172.29.4.24-18:64:72:9b:9f:60-dreese-2-4 STA has roamed to another AP
Oct 23 12:54:17 172.29.6.78 stm[2007]: <501095> <NOTI> |AP dreese-1-6@172.29.6.78 stm|  Assoc request @ 12:54:17.873669: 54:4e:90:33:40:e4 (SN 1725): AP 172.29.6.78-94:b4:0f:ad:ec:90-dreese-1-6
Oct 23 12:54:17 172.29.6.78 stm[2007]: <501093> <NOTI> |AP dreese-1-6@172.29.6.78 stm|  Auth success: 54:4e:90:33:40:e4: AP 172.29.6.78-94:b4:0f:ad:ec:90-dreese-1-6
Oct 23 12:54:01 socc-w3.net.ohio-state.edu authmgr[3995]: <522008> <NOTI> <socc-w3.net.ohio-state.edu 128.146.188.135>  User Authentication Successful: username=kundu.24 MAC=54:4e:90:33:40:e4 IP=140.254.213.116 role=osu-employee-mobile VLAN=3001 AP=dreese-2-4 SSID=osuwireless AAA profile=osuwireless-socc-a auth method=802.1x auth server=cppm-kc1
Oct 23 12:53:46 172.29.5.118 stm[838]: <501105> <NOTI> |AP tuttlegarage-1-6@172.29.5.118 stm|  Deauth from sta: 54:4e:90:33:40:e4: AP 172.29.5.118-00:0b:86:7d:d9:e0-tuttlegarage-1-6 Reason STA has roamed to another AP
Oct 23 12:53:46 172.29.4.24 stm[803]: <501100> <NOTI> |AP dreese-2-4@172.29.4.24 stm|  Assoc success @ 12:53:46.096092: 54:4e:90:33:40:e4: AP 172.29.4.24-18:64:72:9b:9f:60-dreese-2-4
Oct 23 12:53:46 172.29.4.24 stm[803]: <501095> <NOTI> |AP dreese-2-4@172.29.4.24 stm|  Assoc request @ 12:53:46.094879: 54:4e:90:33:40:e4 (SN 1619): AP 172.29.4.24-18:64:72:9b:9f:60-dreese-2-4
Oct 23 12:53:46 socc-w3.net.ohio-state.edu stm[4027]: <501100> <NOTI> <socc-w3.net.ohio-state.edu 128.146.188.135>  Assoc success @ 12:53:46.105442: 54:4e:90:33:40:e4: AP 172.29.4.24-18:64:72:9b:9f:60-dreese-2-4
Oct 23 12:53:46 socc-w3.net.ohio-state.edu stm[4027]: <501080> <NOTI> <socc-w3.net.ohio-state.edu 128.146.188.135>  Deauth to sta: 54:4e:90:33:40:e4: Ageout AP 172.29.5.118-00:0b:86:7d:d9:e0-tuttlegarage-1-6 STA has roamed to another AP
Oct 23 12:53:46 172.29.4.24 stm[803]: <501093> <NOTI> |AP dreese-2-4@172.29.4.24 stm|  Auth success: 54:4e:90:33:40:e4: AP 172.29.4.24-18:64:72:9b:9f:60-dreese-2-4
Oct 23 12:53:46 172.29.4.24 stm[803]: <501109> <NOTI> |AP dreese-2-4@172.29.4.24 stm|  Auth request: 54:4e:90:33:40:e4: AP 172.29.4.24-18:64:72:9b:9f:60-dreese-2-4 auth_alg 0
Oct 23 12:53:11 socc-w3.net.ohio-state.edu authmgr[3995]: <522008> <NOTI> <socc-w3.net.ohio-state.edu 128.146.188.135>  User Authentication Successful: username=kundu.24 MAC=54:4e:90:33:40:e4 IP=140.254.213.116 role=osu-employee-mobile VLAN=3001 AP=tuttlegarage-1-6 SSID=osuwireless AAA profile=osuwireless-socc-a auth method=802.1x auth server=cppm-kc1
Oct 23 12:53:11 socc-w3.net.ohio-state.edu authmgr[3995]: <522008> <NOTI> <socc-w3.net.ohio-state.edu 128.146.188.135>  User Authentication Successful: username=kundu.24 MAC=54:4e:90:33:40:e4 IP=fe80::148d:e271:6120:eb69 role=osu-employee-mobile VLAN=3001 AP=tuttlegarage-1-6 SSID=osuwireless AAA profile=osuwireless-socc-a auth method=802.1x auth server=cppm-kc1
Oct 23 12:53:11 172.29.5.118 stm[838]: <501095> <NOTI> |AP tuttlegarage-1-6@172.29.5.118 stm|  Assoc request @ 12:53:11.481766: 54:4e:90:33:40:e4 (SN 1485): AP 172.29.5.118-00:0b:86:7d:d9:e0-tuttlegarage-1-6
Oct 23 12:53:00 socc-w3.net.ohio-state.edu authmgr[3995]: <522008> <NOTI> <socc-w3.net.ohio-state.edu 128.146.188.135>  User Authentication Successful: username=kundu.24 MAC=54:4e:90:33:40:e4 IP=140.254.213.116 role=osu-employee-mobile VLAN=3001 AP=centralclassroom-3-8 SSID=osuwireless AAA profile=osuwireless-socc-a auth method=802.1x auth server=cppm-kc1
Oct 23 12:53:00 socc-w3.net.ohio-state.edu authmgr[3995]: <522008> <NOTI> <socc-w3.net.ohio-state.edu 128.146.188.135>  User Authentication Successful: username=kundu.24 MAC=54:4e:90:33:40:e4 IP=fe80::148d:e271:6120:eb69 role=osu-employee-mobile VLAN=3001 AP=centralclassroom-3-8 SSID=osuwireless AAA profile=osuwireless-socc-a auth method=802.1x auth server=cppm-kc1
Oct 23 12:52:59 172.29.6.60 stm[2007]: <501105> <NOTI> |AP dreese-5-4@172.29.6.60 stm|  Deauth from sta: 54:4e:90:33:40:e4: AP 172.29.6.60-94:b4:0f:aa:03:e0-dreese-5-4 Reason STA has roamed to another AP
Oct 23 12:52:59 socc-w3.net.ohio-state.edu stm[4027]: <501100> <NOTI> <socc-w3.net.ohio-state.edu 128.146.188.135>  Assoc success @ 12:52:59.508082: 54:4e:90:33:40:e4: AP 172.29.7.221-6c:f3:7f:96:da:f0-centralclassroom-3-8
Oct 23 12:52:59 socc-w3.net.ohio-state.edu stm[4027]: <501080> <NOTI> <socc-w3.net.ohio-state.edu 128.146.188.135>  Deauth to sta: 54:4e:90:33:40:e4: Ageout AP 172.29.6.60-94:b4:0f:aa:03:e0-dreese-5-4 STA has roamed to another AP
Oct 23 12:52:59 172.29.7.221 stm[838]: <501100> <NOTI> |AP centralclassroom-3-8@172.29.7.221 stm|  Assoc success @ 12:52:59.499449: 54:4e:90:33:40:e4: AP 172.29.7.221-6c:f3:7f:96:da:f0-centralclassroom-3-8
Oct 23 12:52:59 172.29.7.221 stm[838]: <501093> <NOTI> |AP centralclassroom-3-8@172.29.7.221 stm|  Auth success: 54:4e:90:33:40:e4: AP 172.29.7.221-6c:f3:7f:96:da:f0-centralclassroom-3-8
Oct 23 12:52:59 172.29.7.221 stm[838]: <501109> <NOTI> |AP centralclassroom-3-8@172.29.7.221 stm|  Auth request: 54:4e:90:33:40:e4: AP 172.29.7.221-6c:f3:7f:96:da:f0-centralclassroom-3-8 auth_alg 0
Oct 23 12:52:58 cppm-kc3 2016-10-23 12:52:58,446 140.254.22.27 CPPM_Session_Detail 3682548021 1 0 id=18033150790,session_id=R02bfebba-08-580ceac4,type=INTERNAL_IN,attr_name=Connection:Client-Mac-Address-Colon,attr_value=54:4e:90:33:40:e4,timestamp=2016-10-23 12:52:22.329747-04
Oct 23 12:52:53 172.29.7.237 stm[2015]: <501105> <NOTI> |AP enarson-1-18@172.29.7.237 stm|  Deauth from sta: 54:4e:90:33:40:e4: AP 172.29.7.237-94:b4:0f:02:ec:d0-enarson-1-18 Reason STA has roamed to another AP
Oct 23 12:52:53 socc-w3.net.ohio-state.edu stm[4027]: <501100> <NOTI> <socc-w3.net.ohio-state.edu 128.146.188.135>  Assoc success @ 12:52:53.604780: 54:4e:90:33:40:e4: AP 172.29.6.60-94:b4:0f:aa:03:e0-dreese-5-4
Oct 23 12:52:53 socc-w3.net.ohio-state.edu stm[4027]: <501080> <NOTI> <socc-w3.net.ohio-state.edu 128.146.188.135>  Deauth to sta: 54:4e:90:33:40:e4: Ageout AP 172.29.7.237-94:b4:0f:02:ec:d0-enarson-1-18 STA has roamed to another AP
Oct 23 12:52:53 172.29.6.60 stm[2007]: <501100> <NOTI> |AP dreese-5-4@172.29.6.60 stm|  Assoc success @ 12:52:53.601099: 54:4e:90:33:40:e4: AP 172.29.6.60-94:b4:0f:aa:03:e0-dreese-5-4
Oct 23 12:52:53 172.29.6.60 stm[2007]: <501095> <NOTI> |AP dreese-5-4@172.29.6.60 stm|  Assoc request @ 12:52:53.600150: 54:4e:90:33:40:e4 (SN 1336): AP 172.29.6.60-94:b4:0f:aa:03:e0-dreese-5-4
Oct 23 12:52:53 172.29.6.60 stm[2007]: <501093> <NOTI> |AP dreese-5-4@172.29.6.60 stm|  Auth success: 54:4e:90:33:40:e4: AP 172.29.6.60-94:b4:0f:aa:03:e0-dreese-5-4
Oct 23 12:52:53 172.29.9.169 stm[2015]: <501080> <NOTI> |AP maintenance-g-1@172.29.9.169 stm|  Deauth to sta: 54:4e:90:33:40:e4: Ageout AP 172.29.9.169-94:b4:0f:03:5e:80-maintenance-g-1 Sapcp Ageout (internal ageout) 
Oct 23 12:52:53 172.29.9.169 stm[2015]: <501106> <NOTI> |AP maintenance-g-1@172.29.9.169 stm|  Deauth to sta: 54:4e:90:33:40:e4: Ageout AP 172.29.9.169-94:b4:0f:03:5e:80-maintenance-g-1 handle_sapcp
Oct 23 12:52:53 172.29.6.60 stm[2007]: <501093> <NOTI> |AP dreese-5-4@172.29.6.60 stm|  Auth success: 54:4e:90:33:40:e4: AP 172.29.6.60-94:b4:0f:aa:03:e0-dreese-5-4
Oct 23 12:52:52 172.29.6.60 stm[2007]: <501093> <NOTI> |AP dreese-5-4@172.29.6.60 stm|  Auth success: 54:4e:90:33:40:e4: AP 172.29.6.60-94:b4:0f:aa:03:e0-dreese-5-4
Oct 23 12:52:30 socc-w3.net.ohio-state.edu authmgr[3995]: <522008> <NOTI> <socc-w3.net.ohio-state.edu 128.146.188.135>  User Authentication Successful: username=kundu.24 MAC=54:4e:90:33:40:e4 IP=140.254.213.116 role=osu-employee-mobile VLAN=3001 AP=enarson-1-18 SSID=osuwireless AAA profile=osuwireless-socc-a auth method=802.1x auth server=cppm-tc4
Oct 23 12:52:30 socc-w3.net.ohio-state.edu authmgr[3995]: <522008> <NOTI> <socc-w3.net.ohio-state.edu 128.146.188.135>  User Authentication Successful: username=kundu.24 MAC=54:4e:90:33:40:e4 IP=fe80::148d:e271:6120:eb69 role=osu-employee-mobile VLAN=3001 AP=enarson-1-18 SSID=osuwireless AAA profile=osuwireless-socc-a auth method=802.1x auth server=cppm-tc4
Oct 23 12:52:29 172.29.7.142 stm[837]: <501105> <NOTI> |AP centralclassroom-2-14@172.29.7.142 stm|  Deauth from sta: 54:4e:90:33:40:e4: AP 172.29.7.142-6c:f3:7f:96:dd:80-centralclassroom-2-14 Reason STA has roamed to another AP
Oct 23 12:52:29 socc-w3.net.ohio-state.edu stm[4027]: <501100> <NOTI> <socc-w3.net.ohio-state.edu 128.146.188.135>  Assoc success @ 12:52:29.971865: 54:4e:90:33:40:e4: AP 172.29.7.237-94:b4:0f:02:ec:d0-enarson-1-18
Oct 23 12:52:29 socc-w3.net.ohio-state.edu stm[4027]: <501080> <NOTI> <socc-w3.net.ohio-state.edu 128.146.188.135>  Deauth to sta: 54:4e:90:33:40:e4: Ageout AP 172.29.7.142-6c:f3:7f:96:dd:80-centralclassroom-2-14 STA has roamed to another AP
Oct 23 12:52:29 172.29.7.237 stm[2015]: <501100> <NOTI> |AP enarson-1-18@172.29.7.237 stm|  Assoc success @ 12:52:29.962496: 54:4e:90:33:40:e4: AP 172.29.7.237-94:b4:0f:02:ec:d0-enarson-1-18
Oct 23 12:52:29 172.29.7.237 stm[2015]: <501095> <NOTI> |AP enarson-1-18@172.29.7.237 stm|  Assoc request @ 12:52:29.961520: 54:4e:90:33:40:e4 (SN 1099): AP 172.29.7.237-94:b4:0f:02:ec:d0-enarson-1-18
Oct 23 12:52:29 172.29.7.237 stm[2015]: <501093> <NOTI> |AP enarson-1-18@172.29.7.237 stm|  Auth success: 54:4e:90:33:40:e4: AP 172.29.7.237-94:b4:0f:02:ec:d0-enarson-1-18
Oct 23 12:52:12 socc-w3.net.ohio-state.edu authmgr[3995]: <522008> <NOTI> <socc-w3.net.ohio-state.edu 128.146.188.135>  User Authentication Successful: username=kundu.24 MAC=54:4e:90:33:40:e4 IP=fe80::148d:e271:6120:eb69 role=osu-employee-mobile VLAN=3001 AP=centralclassroom-2-14 SSID=osuwireless AAA profile=osuwireless-socc-a auth method=802.1x auth server=cppm-tc4
Oct 23 12:52:11 172.29.7.142 stm[837]: <501100> <NOTI> |AP centralclassroom-2-14@172.29.7.142 stm|  Assoc success @ 12:52:11.872429: 54:4e:90:33:40:e4: AP 172.29.7.142-6c:f3:7f:96:dd:80-centralclassroom-2-14
Oct 23 12:52:11 172.29.7.142 stm[837]: <501095> <NOTI> |AP centralclassroom-2-14@172.29.7.142 stm|  Assoc request @ 12:52:11.871018: 54:4e:90:33:40:e4 (SN 933): AP 172.29.7.142-6c:f3:7f:96:dd:80-centralclassroom-2-14
Oct 23 12:52:11 172.29.8.54 stm[836]: <501105> <NOTI> |AP centralservices-1-1@172.29.8.54 stm|  Deauth from sta: 54:4e:90:33:40:e4: AP 172.29.8.54-d8:c7:c8:6c:9e:70-centralservices-1-1 Reason STA has roamed to another AP
Oct 23 12:52:11 socc-w3.net.ohio-state.edu stm[4027]: <501100> <NOTI> <socc-w3.net.ohio-state.edu 128.146.188.135>  Assoc success @ 12:52:11.877651: 54:4e:90:33:40:e4: AP 172.29.7.142-6c:f3:7f:96:dd:80-centralclassroom-2-14
Oct 23 12:52:11 socc-w3.net.ohio-state.edu stm[4027]: <501080> <NOTI> <socc-w3.net.ohio-state.edu 128.146.188.135>  Deauth to sta: 54:4e:90:33:40:e4: Ageout AP 172.29.8.54-d8:c7:c8:6c:9e:70-centralservices-1-1 STA has roamed to another AP
Oct 23 12:52:11 172.29.7.142 stm[837]: <501093> <NOTI> |AP centralclassroom-2-14@172.29.7.142 stm|  Auth success: 54:4e:90:33:40:e4: AP 172.29.7.142-6c:f3:7f:96:dd:80-centralclassroom-2-14
Oct 23 12:52:11 172.29.7.142 stm[837]: <501109> <NOTI> |AP centralclassroom-2-14@172.29.7.142 stm|  Auth request: 54:4e:90:33:40:e4: AP 172.29.7.142-6c:f3:7f:96:dd:80-centralclassroom-2-14 auth_alg 0
Oct 23 12:52:10 socc-w3.net.ohio-state.edu stm[4027]: <501100> <NOTI> <socc-w3.net.ohio-state.edu 128.146.188.135>  Assoc success @ 12:52:10.382929: 54:4e:90:33:40:e4: AP 172.29.8.54-d8:c7:c8:6c:9e:70-centralservices-1-1
Oct 23 12:52:10 172.29.8.54 stm[836]: <501100> <NOTI> |AP centralservices-1-1@172.29.8.54 stm|  Assoc success @ 12:52:10.376971: 54:4e:90:33:40:e4: AP 172.29.8.54-d8:c7:c8:6c:9e:70-centralservices-1-1
Oct 23 12:52:10 172.29.8.54 stm[836]: <501095> <NOTI> |AP centralservices-1-1@172.29.8.54 stm|  Assoc request @ 12:52:10.375784: 54:4e:90:33:40:e4 (SN 922): AP 172.29.8.54-d8:c7:c8:6c:9e:70-centralservices-1-1
Oct 23 12:52:10 172.29.8.54 stm[836]: <501093> <NOTI> |AP centralservices-1-1@172.29.8.54 stm|  Auth success: 54:4e:90:33:40:e4: AP 172.29.8.54-d8:c7:c8:6c:9e:70-centralservices-1-1
Oct 23 12:52:10 172.29.8.54 stm[836]: <501109> <NOTI> |AP centralservices-1-1@172.29.8.54 stm|  Auth request: 54:4e:90:33:40:e4: AP 172.29.8.54-d8:c7:c8:6c:9e:70-centralservices-1-1 auth_alg 0
Oct 23 12:52:08 socc-w3.net.ohio-state.edu authmgr[3995]: <132053> <ERRS> <socc-w3.net.ohio-state.edu 128.146.188.135>  Dropping the radius packet for Station 54:4e:90:33:40:e4 94:b4:0f:03:5e:80 doing 802.1x
Oct 23 12:52:08 socc-w3.net.ohio-state.edu authmgr[3995]: <522275> <ERRS> <socc-w3.net.ohio-state.edu 128.146.188.135>  User Authentication failed. username=kundu.24 userip=0.0.0.0 usermac=54:4e:90:33:40:e4 authmethod=802.1x servername=cppm-tc2 serverip=140.254.20.27 apname=N/A bssid=94:b4:0f:03:5e:80 
Oct 23 12:52:08 172.29.9.169 stm[2015]: <501102> <NOTI> |AP maintenance-g-1@172.29.9.169 stm|  Disassoc from sta: 54:4e:90:33:40:e4: AP 172.29.9.169-94:b4:0f:03:5e:80-maintenance-g-1 Reason STA has left and is disassociated
Oct 23 12:52:06 socc-w3.net.ohio-state.edu stm[4027]: <501100> <NOTI> <socc-w3.net.ohio-state.edu 128.146.188.135>  Assoc success @ 12:52:06.443440: 54:4e:90:33:40:e4: AP 172.29.9.169-94:b4:0f:03:5e:80-maintenance-g-1
Oct 23 12:52:06 172.29.9.169 stm[2015]: <501100> <NOTI> |AP maintenance-g-1@172.29.9.169 stm|  Assoc success @ 12:52:06.440366: 54:4e:90:33:40:e4: AP 172.29.9.169-94:b4:0f:03:5e:80-maintenance-g-1
Oct 23 12:52:06 172.29.9.169 stm[2015]: <501095> <NOTI> |AP maintenance-g-1@172.29.9.169 stm|  Assoc request @ 12:52:06.439122: 54:4e:90:33:40:e4 (SN 911): AP 172.29.9.169-94:b4:0f:03:5e:80-maintenance-g-1
Oct 23 12:52:06 172.29.9.169 stm[2015]: <501093> <NOTI> |AP maintenance-g-1@172.29.9.169 stm|  Auth success: 54:4e:90:33:40:e4: AP 172.29.9.169-94:b4:0f:03:5e:80-maintenance-g-1
Oct 23 12:49:55 cppm-tc2 2016-10-23 12:49:55,74 140.254.20.27 CPPM_Session_Detail 2579084005 1 0 id=26848201487,session_id=R02844a26-12-580ce9bb,type=INTERNAL_IN,attr_name=Connection:Client-Mac-Address-Colon,attr_value=54:4e:90:33:40:e4,timestamp=2016-10-23 12:48:55.99408-04
Oct 23 12:49:25 172.29.9.134 stm[2009]: <501105> <NOTI> |AP watts-1-1@172.29.9.134 stm|  Deauth from sta: 54:4e:90:33:40:e4: AP 172.29.9.134-94:b4:0f:ab:58:b0-watts-1-1 Reason APAE Disconnect
Oct 23 12:49:25 socc-w5.net.ohio-state.edu stm[3998]: <501080> <NOTI> <socc-w5.net.ohio-state.edu 128.146.188.137>  Deauth to sta: 54:4e:90:33:40:e4: Ageout AP 172.29.9.134-94:b4:0f:ab:58:b0-watts-1-1 APAE Disconnect
Oct 23 12:49:25 socc-w5.net.ohio-state.edu stm[3998]: <501106> <NOTI> <socc-w5.net.ohio-state.edu 128.146.188.137>  Deauth to sta: 54:4e:90:33:40:e4: Ageout AP 172.29.9.134-94:b4:0f:ab:58:b0-watts-1-1 wifi_deauth_sta
Oct 23 12:49:25 socc-w5.net.ohio-state.edu authmgr[3966]: <132197> <ERRS> <socc-w5.net.ohio-state.edu 128.146.188.137>  Maximum number of retries was attempted for station kundu.24 54:4e:90:33:40:e4 94:b4:0f:ab:58:b0, deauthenticating the station
Oct 23 12:47:55 172.29.9.134 stm[2009]: <501100> <NOTI> |AP watts-1-1@172.29.9.134 stm|  Assoc success @ 12:47:55.042176: 54:4e:90:33:40:e4: AP 172.29.9.134-94:b4:0f:ab:58:b0-watts-1-1
Oct 23 12:47:55 172.29.9.134 stm[2009]: <501095> <NOTI> |AP watts-1-1@172.29.9.134 stm|  Assoc request @ 12:47:55.040927: 54:4e:90:33:40:e4 (SN 712): AP 172.29.9.134-94:b4:0f:ab:58:b0-watts-1-1
Oct 23 12:47:55 socc-w5.net.ohio-state.edu stm[3998]: <501100> <NOTI> <socc-w5.net.ohio-state.edu 128.146.188.137>  Assoc success @ 12:47:55.048254: 54:4e:90:33:40:e4: AP 172.29.9.134-94:b4:0f:ab:58:b0-watts-1-1
Oct 23 12:47:55 172.29.9.134 stm[2009]: <501093> <NOTI> |AP watts-1-1@172.29.9.134 stm|  Auth success: 54:4e:90:33:40:e4: AP 172.29.9.134-94:b4:0f:ab:58:b0-watts-1-1
Oct 23 11:56:58 cppm-tc1 2016-10-23 11:56:58,446 140.254.20.26 CPPM_Session_Detail 1916578072 1 0 id=21330003790,session_id=R01e09507-09-580cdd04,type=INTERNAL_IN,attr_name=Connection:Client-Mac-Address-Colon,attr_value=e0:b5:2d:2d:89:a0,timestamp=2016-10-23 11:54:50.160674-04
Oct 23 11:53:46 172.29.52.88 stm[833]: <501102> <NOTI> |AP bvcuyahoga606-2-1@172.29.52.88 stm|  Disassoc from sta: e0:b5:2d:2d:89:a0: AP 172.29.52.88-d8:c7:c8:e2:ce:b0-bvcuyahoga606-2-1 Reason STA has left and is disassociated
Oct 23 11:53:40 tnc-w5.net.ohio-state.edu stm[3998]: <501100> <NOTI> <tnc-w5.net.ohio-state.edu 128.146.188.169>  Assoc success @ 11:53:40.321713: e0:b5:2d:2d:89:a0: AP 172.29.52.88-d8:c7:c8:e2:ce:b0-bvcuyahoga606-2-1
Oct 23 11:53:40 172.29.52.88 stm[833]: <501100> <NOTI> |AP bvcuyahoga606-2-1@172.29.52.88 stm|  Assoc success @ 11:53:40.313845: e0:b5:2d:2d:89:a0: AP 172.29.52.88-d8:c7:c8:e2:ce:b0-bvcuyahoga606-2-1
Oct 23 11:53:40 172.29.52.88 stm[833]: <501095> <NOTI> |AP bvcuyahoga606-2-1@172.29.52.88 stm|  Assoc request @ 11:53:40.312641: e0:b5:2d:2d:89:a0 (SN 3804): AP 172.29.52.88-d8:c7:c8:e2:ce:b0-bvcuyahoga606-2-1
Oct 23 11:53:40 172.29.52.88 stm[833]: <501093> <NOTI> |AP bvcuyahoga606-2-1@172.29.52.88 stm|  Auth success: e0:b5:2d:2d:89:a0: AP 172.29.52.88-d8:c7:c8:e2:ce:b0-bvcuyahoga606-2-1
Oct 23 11:53:40 172.29.52.88 stm[833]: <501109> <NOTI> |AP bvcuyahoga606-2-1@172.29.52.88 stm|  Auth request: e0:b5:2d:2d:89:a0: AP 172.29.52.88-d8:c7:c8:e2:ce:b0-bvcuyahoga606-2-1 auth_alg 0
Oct 23 11:32:31 tnc-w0 wms[3846]: <126053> <WARN> <tnc-w0 128.146.188.164> |ids| AP(d8:c7:c8:e2:cd:60@bvstark600-2-1): 802.11n 40MHZ Intolerance: An AP detected an HT 40MHZ Intolerance setting from a station (6c:40:08:9b:db:0e) on CHANNEL 1. SNR is 12 and FrameType is ASSOC_REQ. Additional Info: Src-MAC:6c:40:08:9b:db:0e; Dst-MAC:d8:15:0d:2a:ba:ce; BSSID:d8:15:0d:2a:ba:ce. Associated WVE ID(s): WVE-2008-0004.
Oct 23 10:50:04 tnc-w0 wms[3846]: <126053> <WARN> <tnc-w0 128.146.188.164> |ids| AP(00:0b:86:7d:cd:e0@bvmahoning513-2-1): 802.11n 40MHZ Intolerance: An AP detected an HT 40MHZ Intolerance setting from a station (6c:40:08:9b:db:0e) on CHANNEL 1. SNR is 50 and FrameType is ASSOC_REQ. Additional Info: Src-MAC:6c:40:08:9b:db:0e; Dst-MAC:d8:15:0d:2a:ba:ce; BSSID:d8:15:0d:2a:ba:ce. Associated WVE ID(s): WVE-2008-0004.
Oct 23 09:48:31 tnc-w0 wms[3846]: <126053> <WARN> <tnc-w0 128.146.188.164> |ids| AP(00:0b:86:7d:cd:e0@bvmahoning513-2-1): 802.11n 40MHZ Intolerance: An AP detected an HT 40MHZ Intolerance setting from a station (6c:40:08:9b:db:0e) on CHANNEL 1. SNR is 43 and FrameType is ASSOC_REQ. Additional Info: Src-MAC:6c:40:08:9b:db:0e; Dst-MAC:d8:15:0d:2a:ba:ce; BSSID:d8:15:0d:2a:ba:ce. Associated WVE ID(s): WVE-2008-0004.
Oct 23 07:10:26 tnc-w0 wms[3846]: <126075> <WARN> <tnc-w0 128.146.188.164> |ids| AP(d8:c7:c8:a0:c9:f0@bvmahoning505-1-2): Valid Client Misassociation: An AP detected a misassociation between valid client e0:b5:2d:2d:89:a0 and access point (BSSID d8:15:0d:2a:ba:ce and SSID UV599 on CHANNEL 1). Association type is (Association To External AP), SNR of client is 0.
Oct 23 00:31:51 tnc-w0 wms[3846]: <126075> <WARN> <tnc-w0 128.146.188.164> |ids| AP(d8:c7:c8:a4:33:b0@bvmahoning556-2-4): Valid Client Misassociation: An AP detected a misassociation between valid client e0:b5:2d:2d:89:a0 and access point (BSSID d8:15:0d:2a:ba:ce and SSID UV599 on CHANNEL 1). Association type is (Association To External AP), SNR of client is 0.
Oct 23 00:12:30 cppm-tc3 2016-10-23 00:12:30,628 140.254.20.28 CPPM_Session_Detail 2913774847 1 0 id=12806845619,session_id=R03b0d784-11-580c3815,type=INTERNAL_IN,attr_name=Connection:Client-Mac-Address-Colon,attr_value=e0:b5:2d:2d:89:a0,timestamp=2016-10-23 00:09:57.603505-04
Oct 23 00:04:52 tnc-w0 wms[3846]: <126075> <WARN> <tnc-w0 128.146.188.164> |ids| AP(00:0b:86:7d:cd:e0@bvmahoning513-2-1): Valid Client Misassociation: An AP detected a misassociation between valid client e0:b5:2d:2d:89:a0 and access point (BSSID d8:15:0d:2a:ba:ce and SSID UV599 on CHANNEL 1). Association type is (Association To External AP), SNR of client is 0.
Oct 23 00:04:51 172.29.52.21 stm[842]: <501102> <NOTI> |AP bvmahoning505-1-2@172.29.52.21 stm|  Disassoc from sta: e0:b5:2d:2d:89:a0: AP 172.29.52.21-d8:c7:c8:a0:c9:f0-bvmahoning505-1-2 Reason STA has left and is disassociated
Oct 23 00:04:43 tnc-w1.net.ohio-state.edu dhcpdwrap[4005]: <202536> <DBUG> <tnc-w1.net.ohio-state.edu 128.146.188.165> |dhcp| Datapath vlan3214: REQUEST e0:b5:2d:2d:89:a0 Transaction ID:0x867ff3f0 reqIP=140.254.80.187 Options 37:017903060f77fc 39:05dc 3d:01e0b52d2d89a0 33:0076a700 0c:4a69617368616e67736950686f6e65
Oct 23 00:04:43 tnc-w1.net.ohio-state.edu dhcpdwrap[4005]: <202541> <DBUG> <tnc-w1.net.ohio-state.edu 128.146.188.165> |dhcp| Received DHCP packet from Datpath, sos msg hdr flags 0x42 opcode 0x5a ingress 0x10001 vlan 3214 egress 0xc8e src mac e0:b5:2d:2d:89:a0
Oct 23 00:04:43 tnc-w5.net.ohio-state.edu authmgr[3966]: <522008> <NOTI> <tnc-w5.net.ohio-state.edu 128.146.188.169>  User Authentication Successful: username=liu.3992 MAC=e0:b5:2d:2d:89:a0 IP=140.254.80.187 role=osu-employee-mobile VLAN=3214 AP=bvmahoning505-1-2 SSID=osuwireless AAA profile=osuwireless-tnc-a auth method=802.1x auth server=cppm-kc2
Oct 23 00:04:43 tnc-w5.net.ohio-state.edu authmgr[3966]: <522008> <NOTI> <tnc-w5.net.ohio-state.edu 128.146.188.169>  User Authentication Successful: username=liu.3992 MAC=e0:b5:2d:2d:89:a0 IP=fe80::87b:c89:bf40:9941 role=osu-employee-mobile VLAN=3214 AP=bvmahoning505-1-2 SSID=osuwireless AAA profile=osuwireless-tnc-a auth method=802.1x auth server=cppm-kc2
Oct 23 00:04:39 172.29.52.21 stm[842]: <501100> <NOTI> |AP bvmahoning505-1-2@172.29.52.21 stm|  Assoc success @ 00:04:39.121540: e0:b5:2d:2d:89:a0: AP 172.29.52.21-d8:c7:c8:a0:c9:f0-bvmahoning505-1-2
Oct 23 00:04:39 tnc-w5.net.ohio-state.edu stm[3998]: <501100> <NOTI> <tnc-w5.net.ohio-state.edu 128.146.188.169>  Assoc success @ 00:04:39.129502: e0:b5:2d:2d:89:a0: AP 172.29.52.21-d8:c7:c8:a0:c9:f0-bvmahoning505-1-2
Oct 23 00:04:39 172.29.52.21 stm[842]: <501095> <NOTI> |AP bvmahoning505-1-2@172.29.52.21 stm|  Assoc request @ 00:04:39.120300: e0:b5:2d:2d:89:a0 (SN 1449): AP 172.29.52.21-d8:c7:c8:a0:c9:f0-bvmahoning505-1-2
Oct 23 00:04:39 172.29.52.21 stm[842]: <501093> <NOTI> |AP bvmahoning505-1-2@172.29.52.21 stm|  Auth success: e0:b5:2d:2d:89:a0: AP 172.29.52.21-d8:c7:c8:a0:c9:f0-bvmahoning505-1-2
Oct 23 00:04:39 172.29.52.21 stm[842]: <501109> <NOTI> |AP bvmahoning505-1-2@172.29.52.21 stm|  Auth request: e0:b5:2d:2d:89:a0: AP 172.29.52.21-d8:c7:c8:a0:c9:f0-bvmahoning505-1-2 auth_alg 0
Oct 23 00:04:05 172.29.52.21 stm[842]: <501102> <NOTI> |AP bvmahoning505-1-2@172.29.52.21 stm|  Disassoc from sta: e0:b5:2d:2d:89:a0: AP 172.29.52.21-d8:c7:c8:a0:c9:f0-bvmahoning505-1-2 Reason STA has left and is disassociated
Oct 22 23:42:08 tnc-w0 wms[3846]: <126053> <WARN> <tnc-w0 128.146.188.164> |ids| AP(d8:c7:c8:a4:36:40@bvmontgomery537-2-2): 802.11n 40MHZ Intolerance: An AP detected an HT 40MHZ Intolerance setting from a station (6c:40:08:9b:db:0e) on CHANNEL 1. SNR is 9 and FrameType is ASSOC_REQ. Additional Info: Src-MAC:6c:40:08:9b:db:0e; Dst-MAC:d8:15:0d:2a:ba:ce; BSSID:d8:15:0d:2a:ba:ce. Associated WVE ID(s): WVE-2008-0004.
Oct 22 23:25:22 tnc-w1.net.ohio-state.edu dhcpdwrap[4005]: <202536> <DBUG> <tnc-w1.net.ohio-state.edu 128.146.188.165> |dhcp| Datapath vlan3214: REQUEST e0:b5:2d:2d:89:a0 Transaction ID:0x867ff3e7 reqIP=140.254.80.187 Options 37:017903060f77fc 39:05dc 3d:01e0b52d2d89a0 33:0076a700 0c:4a69617368616e67736950686f6e65
