Oct 23 20:29:35 tnc-w1.net.ohio-state.edu dhcpdwrap[4005]: <202534> <DBUG> <tnc-w1.net.ohio-state.edu 128.146.188.165> |dhcp| Datapath vlan3201: DISCOVER e0:b5:2d:2d:89:a0 Transaction ID:0xb7969410 Options 37:017903060f77fc 39:05dc 3d:01e0b52d2d89a0 33:0076a700 0c:4a69617368616e67736950686f6e65
Oct 23 20:29:35 tnc-w1.net.ohio-state.edu dhcpdwrap[4005]: <202541> <DBUG> <tnc-w1.net.ohio-state.edu 128.146.188.165> |dhcp| Received DHCP packet from Datpath, sos msg hdr flags 0x42 opcode 0x5a ingress 0x10001 vlan 3201 egress 0xc81 src mac e0:b5:2d:2d:89:a0
Oct 23 20:29:30 172.29.52.21 stm[842]: <501100> <NOTI> |AP bvmahoning505-1-2@172.29.52.21 stm|  Assoc success @ 20:29:30.239354: e0:b5:2d:2d:89:a0: AP 172.29.52.21-d8:c7:c8:a0:c9:f0-bvmahoning505-1-2
Oct 23 20:29:30 172.29.52.21 stm[842]: <501095> <NOTI> |AP bvmahoning505-1-2@172.29.52.21 stm|  Assoc request @ 20:29:30.238191: e0:b5:2d:2d:89:a0 (SN 3559): AP 172.29.52.21-d8:c7:c8:a0:c9:f0-bvmahoning505-1-2
Oct 23 20:29:30 172.29.52.21 stm[842]: <501093> <NOTI> |AP bvmahoning505-1-2@172.29.52.21 stm|  Auth success: e0:b5:2d:2d:89:a0: AP 172.29.52.21-d8:c7:c8:a0:c9:f0-bvmahoning505-1-2
Oct 23 20:28:34 172.29.52.21 stm[842]: <501102> <NOTI> |AP bvmahoning505-1-2@172.29.52.21 stm|  Disassoc from sta: e0:b5:2d:2d:89:a0: AP 172.29.52.21-d8:c7:c8:a0:c9:f0-bvmahoning505-1-2 Reason STA has left and is disassociated
Oct 23 20:28:29 tnc-w5.net.ohio-state.edu stm[3998]: <501100> <NOTI> <tnc-w5.net.ohio-state.edu 128.146.188.169>  Assoc success @ 20:28:29.585185: e0:b5:2d:2d:89:a0: AP 172.29.52.21-d8:c7:c8:a0:c9:f0-bvmahoning505-1-2
Oct 23 20:28:29 172.29.52.21 stm[842]: <501100> <NOTI> |AP bvmahoning505-1-2@172.29.52.21 stm|  Assoc success @ 20:28:29.581902: e0:b5:2d:2d:89:a0: AP 172.29.52.21-d8:c7:c8:a0:c9:f0-bvmahoning505-1-2
Oct 23 20:28:29 172.29.52.21 stm[842]: <501095> <NOTI> |AP bvmahoning505-1-2@172.29.52.21 stm|  Assoc request @ 20:28:29.580695: e0:b5:2d:2d:89:a0 (SN 3553): AP 172.29.52.21-d8:c7:c8:a0:c9:f0-bvmahoning505-1-2
Oct 23 20:28:29 172.29.52.21 stm[842]: <501093> <NOTI> |AP bvmahoning505-1-2@172.29.52.21 stm|  Auth success: e0:b5:2d:2d:89:a0: AP 172.29.52.21-d8:c7:c8:a0:c9:f0-bvmahoning505-1-2
Oct 23 20:28:29 172.29.52.21 stm[842]: <501109> <NOTI> |AP bvmahoning505-1-2@172.29.52.21 stm|  Auth request: e0:b5:2d:2d:89:a0: AP 172.29.52.21-d8:c7:c8:a0:c9:f0-bvmahoning505-1-2 auth_alg 0
Oct 23 20:14:38 172.29.52.21 stm[842]: <501102> <NOTI> |AP bvmahoning505-1-2@172.29.52.21 stm|  Disassoc from sta: e0:b5:2d:2d:89:a0: AP 172.29.52.21-d8:c7:c8:a0:c9:f0-bvmahoning505-1-2 Reason STA has left and is disassociated
Oct 23 20:14:22 tnc-w1.net.ohio-state.edu dhcpdwrap[4005]: <202536> <DBUG> <tnc-w1.net.ohio-state.edu 128.146.188.165> |dhcp| Datapath vlan3201: REQUEST e0:b5:2d:2d:89:a0 Transaction ID:0xb796940b reqIP=128.146.63.190 Options 37:017903060f77fc 39:05dc 3d:01e0b52d2d89a0 33:0076a700 0c:4a69617368616e67736950686f6e65
Oct 23 20:14:22 tnc-w1.net.ohio-state.edu dhcpdwrap[4005]: <202541> <DBUG> <tnc-w1.net.ohio-state.edu 128.146.188.165> |dhcp| Received DHCP packet from Datpath, sos msg hdr flags 0x42 opcode 0x5a ingress 0x10001 vlan 3201 egress 0xc81 src mac e0:b5:2d:2d:89:a0
Oct 23 20:14:22 tnc-w5.net.ohio-state.edu authmgr[3966]: <522008> <NOTI> <tnc-w5.net.ohio-state.edu 128.146.188.169>  User Authentication Successful: username=liu.3992 MAC=e0:b5:2d:2d:89:a0 IP=128.146.63.190 role=osu-employee-mobile VLAN=3201 AP=bvmahoning505-1-2 SSID=osuwireless AAA profile=osuwireless-tnc-a auth method=802.1x auth server=cppm-socc4
Oct 23 20:14:22 tnc-w5.net.ohio-state.edu authmgr[3966]: <522008> <NOTI> <tnc-w5.net.ohio-state.edu 128.146.188.169>  User Authentication Successful: username=liu.3992 MAC=e0:b5:2d:2d:89:a0 IP=fe80::87b:c89:bf40:9941 role=osu-employee-mobile VLAN=3201 AP=bvmahoning505-1-2 SSID=osuwireless AAA profile=osuwireless-tnc-a auth method=802.1x auth server=cppm-socc4
Oct 23 20:14:22 tnc-w5.net.ohio-state.edu stm[3998]: <501100> <NOTI> <tnc-w5.net.ohio-state.edu 128.146.188.169>  Assoc success @ 20:14:22.474143: e0:b5:2d:2d:89:a0: AP 172.29.52.21-d8:c7:c8:a0:c9:f0-bvmahoning505-1-2
Oct 23 20:14:22 172.29.52.21 stm[842]: <501100> <NOTI> |AP bvmahoning505-1-2@172.29.52.21 stm|  Assoc success @ 20:14:22.466300: e0:b5:2d:2d:89:a0: AP 172.29.52.21-d8:c7:c8:a0:c9:f0-bvmahoning505-1-2
Oct 23 20:14:22 172.29.52.21 stm[842]: <501095> <NOTI> |AP bvmahoning505-1-2@172.29.52.21 stm|  Assoc request @ 20:14:22.465085: e0:b5:2d:2d:89:a0 (SN 3468): AP 172.29.52.21-d8:c7:c8:a0:c9:f0-bvmahoning505-1-2
Oct 23 20:14:22 172.29.52.21 stm[842]: <501093> <NOTI> |AP bvmahoning505-1-2@172.29.52.21 stm|  Auth success: e0:b5:2d:2d:89:a0: AP 172.29.52.21-d8:c7:c8:a0:c9:f0-bvmahoning505-1-2
Oct 23 20:14:22 172.29.52.21 stm[842]: <501109> <NOTI> |AP bvmahoning505-1-2@172.29.52.21 stm|  Auth request: e0:b5:2d:2d:89:a0: AP 172.29.52.21-d8:c7:c8:a0:c9:f0-bvmahoning505-1-2 auth_alg 0
Oct 23 20:14:17 cppm-tc3 2016-10-23 20:14:17,784 140.254.20.28 CPPM_Session_Detail 2937532145 1 0 id=12830627354,session_id=R03bb2b81-11-580d5227,type=INTERNAL_IN,attr_name=Connection:Client-Mac-Address-Colon,attr_value=e0:b5:2d:2d:89:a0,timestamp=2016-10-23 20:13:27.506709-04
Oct 23 20:13:43 172.29.52.21 stm[842]: <501102> <NOTI> |AP bvmahoning505-1-2@172.29.52.21 stm|  Disassoc from sta: e0:b5:2d:2d:89:a0: AP 172.29.52.21-d8:c7:c8:a0:c9:f0-bvmahoning505-1-2 Reason STA has left and is disassociated
Oct 23 20:13:40 tnc-w5.net.ohio-state.edu stm[3998]: <501100> <NOTI> <tnc-w5.net.ohio-state.edu 128.146.188.169>  Assoc success @ 20:13:40.233487: e0:b5:2d:2d:89:a0: AP 172.29.52.21-d8:c7:c8:a0:c9:f0-bvmahoning505-1-2
Oct 23 20:13:40 172.29.52.21 stm[842]: <501100> <NOTI> |AP bvmahoning505-1-2@172.29.52.21 stm|  Assoc success @ 20:13:40.226009: e0:b5:2d:2d:89:a0: AP 172.29.52.21-d8:c7:c8:a0:c9:f0-bvmahoning505-1-2
Oct 23 20:13:40 172.29.52.21 stm[842]: <501095> <NOTI> |AP bvmahoning505-1-2@172.29.52.21 stm|  Assoc request @ 20:13:40.224819: e0:b5:2d:2d:89:a0 (SN 3461): AP 172.29.52.21-d8:c7:c8:a0:c9:f0-bvmahoning505-1-2
Oct 23 20:13:40 172.29.52.21 stm[842]: <501109> <NOTI> |AP bvmahoning505-1-2@172.29.52.21 stm|  Auth request: e0:b5:2d:2d:89:a0: AP 172.29.52.21-d8:c7:c8:a0:c9:f0-bvmahoning505-1-2 auth_alg 0
Oct 23 20:13:37 172.29.52.21 stm[842]: <501102> <NOTI> |AP bvmahoning505-1-2@172.29.52.21 stm|  Disassoc from sta: e0:b5:2d:2d:89:a0: AP 172.29.52.21-d8:c7:c8:a0:c9:f0-bvmahoning505-1-2 Reason STA has left and is disassociated
Oct 23 20:13:21 tnc-w1.net.ohio-state.edu dhcpdwrap[4005]: <202536> <DBUG> <tnc-w1.net.ohio-state.edu 128.146.188.165> |dhcp| Datapath vlan3201: REQUEST e0:b5:2d:2d:89:a0 Transaction ID:0xb7969408 reqIP=128.146.63.190 Options 37:017903060f77fc 39:05dc 3d:01e0b52d2d89a0 0c:4a69617368616e67736950686f6e65
Oct 23 20:13:21 tnc-w1.net.ohio-state.edu dhcpdwrap[4005]: <202541> <DBUG> <tnc-w1.net.ohio-state.edu 128.146.188.165> |dhcp| Received DHCP packet from Datpath, sos msg hdr flags 0x42 opcode 0x5a ingress 0x10001 vlan 3201 egress 0xc81 src mac e0:b5:2d:2d:89:a0
Oct 23 20:13:20 tnc-w5.net.ohio-state.edu authmgr[3966]: <522008> <NOTI> <tnc-w5.net.ohio-state.edu 128.146.188.169>  User Authentication Successful: username=liu.3992 MAC=e0:b5:2d:2d:89:a0 IP=fe80::87b:c89:bf40:9941 role=osu-employee-mobile VLAN=3201 AP=bvmahoning505-1-2 SSID=osuwireless AAA profile=osuwireless-tnc-a auth method=802.1x auth server=cppm-socc4
Oct 23 20:13:20 tnc-w5.net.ohio-state.edu stm[3998]: <501100> <NOTI> <tnc-w5.net.ohio-state.edu 128.146.188.169>  Assoc success @ 20:13:20.316948: e0:b5:2d:2d:89:a0: AP 172.29.52.21-d8:c7:c8:a0:c9:f0-bvmahoning505-1-2
Oct 23 20:13:20 172.29.52.21 stm[842]: <501100> <NOTI> |AP bvmahoning505-1-2@172.29.52.21 stm|  Assoc success @ 20:13:20.309859: e0:b5:2d:2d:89:a0: AP 172.29.52.21-d8:c7:c8:a0:c9:f0-bvmahoning505-1-2
Oct 23 20:13:20 172.29.52.21 stm[842]: <501095> <NOTI> |AP bvmahoning505-1-2@172.29.52.21 stm|  Assoc request @ 20:13:20.308653: e0:b5:2d:2d:89:a0 (SN 3381): AP 172.29.52.21-d8:c7:c8:a0:c9:f0-bvmahoning505-1-2
Oct 23 20:13:20 172.29.52.21 stm[842]: <501093> <NOTI> |AP bvmahoning505-1-2@172.29.52.21 stm|  Auth success: e0:b5:2d:2d:89:a0: AP 172.29.52.21-d8:c7:c8:a0:c9:f0-bvmahoning505-1-2
Oct 23 20:13:20 172.29.52.21 stm[842]: <501109> <NOTI> |AP bvmahoning505-1-2@172.29.52.21 stm|  Auth request: e0:b5:2d:2d:89:a0: AP 172.29.52.21-d8:c7:c8:a0:c9:f0-bvmahoning505-1-2 auth_alg 0
Oct 23 20:11:55 tnc-w1.net.ohio-state.edu dhcpdwrap[4005]: <202541> <DBUG> <tnc-w1.net.ohio-state.edu 128.146.188.165> |dhcp| Received DHCP packet from Datpath, sos msg hdr flags 0x42 opcode 0x5a ingress 0x10001 vlan 3201 egress 0xc81 src mac e0:b5:2d:2d:89:a0
Oct 23 20:11:54 tnc-w1.net.ohio-state.edu dhcpdwrap[4005]: <202534> <DBUG> <tnc-w1.net.ohio-state.edu 128.146.188.165> |dhcp| Datapath vlan3201: DISCOVER e0:b5:2d:2d:89:a0 Transaction ID:0xb7969405 Options 37:017903060f77fc 39:05dc 3d:01e0b52d2d89a0 33:0076a700 0c:4a69617368616e67736950686f6e65
Oct 23 20:11:54 tnc-w1.net.ohio-state.edu dhcpdwrap[4005]: <202541> <DBUG> <tnc-w1.net.ohio-state.edu 128.146.188.165> |dhcp| Received DHCP packet from Datpath, sos msg hdr flags 0x42 opcode 0x5a ingress 0x10001 vlan 3201 egress 0xc81 src mac e0:b5:2d:2d:89:a0
Oct 23 20:11:54 tnc-w1.net.ohio-state.edu dhcpdwrap[4005]: <202534> <DBUG> <tnc-w1.net.ohio-state.edu 128.146.188.165> |dhcp| Datapath vlan3201: DISCOVER e0:b5:2d:2d:89:a0 Transaction ID:0xb7969404 Options 37:017903060f77fc 39:05dc 3d:01e0b52d2d89a0 33:0076a700 0c:4a69617368616e67736950686f6e65
Oct 23 20:11:54 tnc-w1.net.ohio-state.edu dhcpdwrap[4005]: <202541> <DBUG> <tnc-w1.net.ohio-state.edu 128.146.188.165> |dhcp| Received DHCP packet from Datpath, sos msg hdr flags 0x42 opcode 0x5a ingress 0x10001 vlan 3201 egress 0xc81 src mac e0:b5:2d:2d:89:a0
Oct 23 20:11:53 tnc-w5.net.ohio-state.edu stm[3998]: <501100> <NOTI> <tnc-w5.net.ohio-state.edu 128.146.188.169>  Assoc success @ 20:11:53.141546: e0:b5:2d:2d:89:a0: AP 172.29.52.21-d8:c7:c8:a0:c9:f0-bvmahoning505-1-2
Oct 23 20:11:53 172.29.52.21 stm[842]: <501100> <NOTI> |AP bvmahoning505-1-2@172.29.52.21 stm|  Assoc success @ 20:11:53.134080: e0:b5:2d:2d:89:a0: AP 172.29.52.21-d8:c7:c8:a0:c9:f0-bvmahoning505-1-2
Oct 23 20:11:53 172.29.52.21 stm[842]: <501095> <NOTI> |AP bvmahoning505-1-2@172.29.52.21 stm|  Assoc request @ 20:11:53.132841: e0:b5:2d:2d:89:a0 (SN 3373): AP 172.29.52.21-d8:c7:c8:a0:c9:f0-bvmahoning505-1-2
Oct 23 20:11:53 172.29.52.21 stm[842]: <501093> <NOTI> |AP bvmahoning505-1-2@172.29.52.21 stm|  Auth success: e0:b5:2d:2d:89:a0: AP 172.29.52.21-d8:c7:c8:a0:c9:f0-bvmahoning505-1-2
Oct 23 20:11:53 172.29.52.21 stm[842]: <501109> <NOTI> |AP bvmahoning505-1-2@172.29.52.21 stm|  Auth request: e0:b5:2d:2d:89:a0: AP 172.29.52.21-d8:c7:c8:a0:c9:f0-bvmahoning505-1-2 auth_alg 0
Oct 23 20:08:44 172.29.52.21 stm[842]: <501102> <NOTI> |AP bvmahoning505-1-2@172.29.52.21 stm|  Disassoc from sta: e0:b5:2d:2d:89:a0: AP 172.29.52.21-d8:c7:c8:a0:c9:f0-bvmahoning505-1-2 Reason STA has left and is disassociated
Oct 23 20:08:39 tnc-w5.net.ohio-state.edu stm[3998]: <501100> <NOTI> <tnc-w5.net.ohio-state.edu 128.146.188.169>  Assoc success @ 20:08:39.339674: e0:b5:2d:2d:89:a0: AP 172.29.52.21-d8:c7:c8:a0:c9:f0-bvmahoning505-1-2
Oct 23 20:08:39 172.29.52.21 stm[842]: <501100> <NOTI> |AP bvmahoning505-1-2@172.29.52.21 stm|  Assoc success @ 20:08:39.336096: e0:b5:2d:2d:89:a0: AP 172.29.52.21-d8:c7:c8:a0:c9:f0-bvmahoning505-1-2
Oct 23 20:08:39 172.29.52.21 stm[842]: <501095> <NOTI> |AP bvmahoning505-1-2@172.29.52.21 stm|  Assoc request @ 20:08:39.334606: e0:b5:2d:2d:89:a0 (SN 3366): AP 172.29.52.21-d8:c7:c8:a0:c9:f0-bvmahoning505-1-2
Oct 23 20:08:39 172.29.52.21 stm[842]: <501093> <NOTI> |AP bvmahoning505-1-2@172.29.52.21 stm|  Auth success: e0:b5:2d:2d:89:a0: AP 172.29.52.21-d8:c7:c8:a0:c9:f0-bvmahoning505-1-2
Oct 23 20:08:39 172.29.52.21 stm[842]: <501109> <NOTI> |AP bvmahoning505-1-2@172.29.52.21 stm|  Auth request: e0:b5:2d:2d:89:a0: AP 172.29.52.21-d8:c7:c8:a0:c9:f0-bvmahoning505-1-2 auth_alg 0
Oct 23 20:03:23 socc-w3.net.ohio-state.edu authmgr[3995]: <522008> <NOTI> <socc-w3.net.ohio-state.edu 128.146.188.135>  User Authentication Successful: username=das.167 MAC=bc:cf:cc:ca:b8:f5 IP=164.107.233.95 role=osu-employee-mobile VLAN=3034 AP=dreese-2-7 SSID=osuwireless AAA profile=osuwireless-socc-a auth method=802.1x auth server=cppm-tc4
Oct 23 20:03:23 socc-w3.net.ohio-state.edu authmgr[3995]: <522008> <NOTI> <socc-w3.net.ohio-state.edu 128.146.188.135>  User Authentication Successful: username=das.167 MAC=bc:cf:cc:ca:b8:f5 IP=fe80::bc39:50fa:7d07:12ba role=osu-employee-mobile VLAN=3034 AP=dreese-2-7 SSID=osuwireless AAA profile=osuwireless-socc-a auth method=802.1x auth server=cppm-tc4
Oct 23 20:03:23 socc-w3.net.ohio-state.edu authmgr[3995]: <522008> <NOTI> <socc-w3.net.ohio-state.edu 128.146.188.135>  User Authentication Successful: username=das.167 MAC=bc:cf:cc:ca:b8:f5 IP=164.107.233.95 role=osu-employee-mobile VLAN=3034 AP=dreese-2-7 SSID=osuwireless AAA profile=osuwireless-socc-a auth method=802.1x auth server=cppm-tc4
Oct 23 20:03:23 socc-w3.net.ohio-state.edu authmgr[3995]: <522008> <NOTI> <socc-w3.net.ohio-state.edu 128.146.188.135>  User Authentication Successful: username=das.167 MAC=bc:cf:cc:ca:b8:f5 IP=fe80::bc39:50fa:7d07:12ba role=osu-employee-mobile VLAN=3034 AP=dreese-2-7 SSID=osuwireless AAA profile=osuwireless-socc-a auth method=802.1x auth server=cppm-tc4
Oct 23 20:03:23 172.29.6.14 stm[2007]: <501100> <NOTI> |AP dreese-2-7@172.29.6.14 stm|  Assoc success @ 20:03:23.317662: bc:cf:cc:ca:b8:f5: AP 172.29.6.14-94:b4:0f:ad:ee:70-dreese-2-7
Oct 23 20:03:23 172.29.6.14 stm[2007]: <501095> <NOTI> |AP dreese-2-7@172.29.6.14 stm|  Assoc request @ 20:03:23.316475: bc:cf:cc:ca:b8:f5 (SN 3696): AP 172.29.6.14-94:b4:0f:ad:ee:70-dreese-2-7
Oct 23 20:03:20 172.29.6.14 stm[2007]: <501102> <NOTI> |AP dreese-2-7@172.29.6.14 stm|  Disassoc from sta: bc:cf:cc:ca:b8:f5: AP 172.29.6.14-94:b4:0f:ad:ee:70-dreese-2-7 Reason Unspecified Failure
Oct 23 20:02:33 cppm-tc3 2016-10-23 20:02:33,528 140.254.20.28 CPPM_Session_Detail 2937219111 1 0 id=12830314310,session_id=R03bb0894-11-580d4f2f,type=INTERNAL_IN,attr_name=Connection:Client-Mac-Address-Colon,attr_value=e0:b5:2d:2d:89:a0,timestamp=2016-10-23 20:00:48.996869-04
Oct 23 19:56:30 cppm-socc4 2016-10-23 19:56:30,415 128.146.178.145 CPPM_Session_Detail 4072621079 1 0 id=4082041995,session_id=R006833d3-16-580d4df0,type=INTERNAL_IN,attr_name=Connection:Client-Mac-Address-Colon,attr_value=e0:b5:2d:2d:89:a0,timestamp=2016-10-23 19:55:31.100442-04
Oct 23 19:56:29 cppm-socc4 2016-10-23 19:56:29,720 128.146.178.145 CPPM_Session_Detail 4072561237 1 0 id=4081982154,session_id=R0068301e-16-580d4dbc,type=INTERNAL_IN,attr_name=Connection:Client-Mac-Address-Colon,attr_value=e0:b5:2d:2d:89:a0,timestamp=2016-10-23 19:54:36.648794-04
Oct 23 19:55:36 tnc-w5.net.ohio-state.edu stm[3998]: <501100> <NOTI> <tnc-w5.net.ohio-state.edu 128.146.188.169>  Assoc success @ 19:55:36.683655: e0:b5:2d:2d:89:a0: AP 172.29.52.21-d8:c7:c8:a0:c9:f0-bvmahoning505-1-2
Oct 23 19:55:36 172.29.52.21 stm[842]: <501100> <NOTI> |AP bvmahoning505-1-2@172.29.52.21 stm|  Assoc success @ 19:55:36.673783: e0:b5:2d:2d:89:a0: AP 172.29.52.21-d8:c7:c8:a0:c9:f0-bvmahoning505-1-2
Oct 23 19:55:36 172.29.52.21 stm[842]: <501095> <NOTI> |AP bvmahoning505-1-2@172.29.52.21 stm|  Assoc request @ 19:55:36.672470: e0:b5:2d:2d:89:a0 (SN 3358): AP 172.29.52.21-d8:c7:c8:a0:c9:f0-bvmahoning505-1-2
Oct 23 19:55:36 172.29.52.21 stm[842]: <501093> <NOTI> |AP bvmahoning505-1-2@172.29.52.21 stm|  Auth success: e0:b5:2d:2d:89:a0: AP 172.29.52.21-d8:c7:c8:a0:c9:f0-bvmahoning505-1-2
Oct 23 19:55:36 172.29.52.21 stm[842]: <501109> <NOTI> |AP bvmahoning505-1-2@172.29.52.21 stm|  Auth request: e0:b5:2d:2d:89:a0: AP 172.29.52.21-d8:c7:c8:a0:c9:f0-bvmahoning505-1-2 auth_alg 0
Oct 23 19:55:30 tnc-w1.net.ohio-state.edu dhcpdwrap[4005]: <202536> <DBUG> <tnc-w1.net.ohio-state.edu 128.146.188.165> |dhcp| Datapath vlan3201: REQUEST e0:b5:2d:2d:89:a0 Transaction ID:0xb7969401 reqIP=128.146.63.190 Options 37:017903060f77fc 39:05dc 3d:01e0b52d2d89a0 33:0076a700 0c:4a69617368616e67736950686f6e65
Oct 23 19:55:30 tnc-w5.net.ohio-state.edu authmgr[3966]: <522008> <NOTI> <tnc-w5.net.ohio-state.edu 128.146.188.169>  User Authentication Successful: username=liu.3992 MAC=e0:b5:2d:2d:89:a0 IP=fe80::87b:c89:bf40:9941 role=osu-employee-mobile VLAN=3201 AP=bvmahoning505-1-2 SSID=osuwireless AAA profile=osuwireless-tnc-a auth method=802.1x auth server=cppm-socc4
Oct 23 19:55:28 tnc-w5.net.ohio-state.edu stm[3998]: <501100> <NOTI> <tnc-w5.net.ohio-state.edu 128.146.188.169>  Assoc success @ 19:55:28.690395: e0:b5:2d:2d:89:a0: AP 172.29.52.21-d8:c7:c8:a0:c9:f0-bvmahoning505-1-2
Oct 23 19:55:28 172.29.52.21 stm[842]: <501100> <NOTI> |AP bvmahoning505-1-2@172.29.52.21 stm|  Assoc success @ 19:55:28.681663: e0:b5:2d:2d:89:a0: AP 172.29.52.21-d8:c7:c8:a0:c9:f0-bvmahoning505-1-2
Oct 23 19:55:28 172.29.52.21 stm[842]: <501095> <NOTI> |AP bvmahoning505-1-2@172.29.52.21 stm|  Assoc request @ 19:55:28.680014: e0:b5:2d:2d:89:a0 (SN 3296): AP 172.29.52.21-d8:c7:c8:a0:c9:f0-bvmahoning505-1-2
Oct 23 19:55:28 172.29.52.21 stm[842]: <501093> <NOTI> |AP bvmahoning505-1-2@172.29.52.21 stm|  Auth success: e0:b5:2d:2d:89:a0: AP 172.29.52.21-d8:c7:c8:a0:c9:f0-bvmahoning505-1-2
Oct 23 19:55:28 172.29.52.21 stm[842]: <501109> <NOTI> |AP bvmahoning505-1-2@172.29.52.21 stm|  Auth request: e0:b5:2d:2d:89:a0: AP 172.29.52.21-d8:c7:c8:a0:c9:f0-bvmahoning505-1-2 auth_alg 0
Oct 23 19:54:45 172.29.52.21 stm[842]: <501102> <NOTI> |AP bvmahoning505-1-2@172.29.52.21 stm|  Disassoc from sta: e0:b5:2d:2d:89:a0: AP 172.29.52.21-d8:c7:c8:a0:c9:f0-bvmahoning505-1-2 Reason STA has left and is disassociated
Oct 23 19:54:37 tnc-w1.net.ohio-state.edu dhcpdwrap[4005]: <202536> <DBUG> <tnc-w1.net.ohio-state.edu 128.146.188.165> |dhcp| Datapath vlan3201: REQUEST e0:b5:2d:2d:89:a0 Transaction ID:0xb79693ff reqIP=128.146.63.190 Options 37:017903060f77fc 39:05dc 3d:01e0b52d2d89a0 0c:4a69617368616e67736950686f6e65
Oct 23 19:54:37 tnc-w1.net.ohio-state.edu dhcpdwrap[4005]: <202541> <DBUG> <tnc-w1.net.ohio-state.edu 128.146.188.165> |dhcp| Received DHCP packet from Datpath, sos msg hdr flags 0x42 opcode 0x5a ingress 0x10001 vlan 3201 egress 0xc81 src mac e0:b5:2d:2d:89:a0
Oct 23 19:54:36 tnc-w1.net.ohio-state.edu dhcpdwrap[4005]: <202534> <DBUG> <tnc-w1.net.ohio-state.edu 128.146.188.165> |dhcp| Datapath vlan3201: DISCOVER e0:b5:2d:2d:89:a0 Transaction ID:0xb79693ff Options 37:017903060f77fc 39:05dc 3d:01e0b52d2d89a0 33:0076a700 0c:4a69617368616e67736950686f6e65
Oct 23 19:54:36 tnc-w1.net.ohio-state.edu dhcpdwrap[4005]: <202541> <DBUG> <tnc-w1.net.ohio-state.edu 128.146.188.165> |dhcp| Received DHCP packet from Datpath, sos msg hdr flags 0x42 opcode 0x5a ingress 0x10001 vlan 3201 egress 0xc81 src mac e0:b5:2d:2d:89:a0
Oct 23 19:54:36 tnc-w1.net.ohio-state.edu dhcpdwrap[4005]: <202534> <DBUG> <tnc-w1.net.ohio-state.edu 128.146.188.165> |dhcp| Datapath vlan3201: DISCOVER e0:b5:2d:2d:89:a0 Transaction ID:0xb79693fe Options 37:017903060f77fc 39:05dc 3d:01e0b52d2d89a0 33:0076a700 0c:4a69617368616e67736950686f6e65
Oct 23 19:54:36 tnc-w1.net.ohio-state.edu dhcpdwrap[4005]: <202541> <DBUG> <tnc-w1.net.ohio-state.edu 128.146.188.165> |dhcp| Received DHCP packet from Datpath, sos msg hdr flags 0x42 opcode 0x5a ingress 0x10001 vlan 3201 egress 0xc81 src mac e0:b5:2d:2d:89:a0
Oct 23 19:54:36 tnc-w5.net.ohio-state.edu stm[3998]: <501100> <NOTI> <tnc-w5.net.ohio-state.edu 128.146.188.169>  Assoc success @ 19:54:36.282981: e0:b5:2d:2d:89:a0: AP 172.29.52.21-d8:c7:c8:a0:c9:f0-bvmahoning505-1-2
Oct 23 19:54:36 172.29.52.21 stm[842]: <501100> <NOTI> |AP bvmahoning505-1-2@172.29.52.21 stm|  Assoc success @ 19:54:36.273109: e0:b5:2d:2d:89:a0: AP 172.29.52.21-d8:c7:c8:a0:c9:f0-bvmahoning505-1-2
Oct 23 19:54:36 172.29.52.21 stm[842]: <501095> <NOTI> |AP bvmahoning505-1-2@172.29.52.21 stm|  Assoc request @ 19:54:36.271717: e0:b5:2d:2d:89:a0 (SN 3197): AP 172.29.52.21-d8:c7:c8:a0:c9:f0-bvmahoning505-1-2
Oct 23 19:54:36 172.29.52.21 stm[842]: <501093> <NOTI> |AP bvmahoning505-1-2@172.29.52.21 stm|  Auth success: e0:b5:2d:2d:89:a0: AP 172.29.52.21-d8:c7:c8:a0:c9:f0-bvmahoning505-1-2
Oct 23 19:54:36 172.29.52.21 stm[842]: <501109> <NOTI> |AP bvmahoning505-1-2@172.29.52.21 stm|  Auth request: e0:b5:2d:2d:89:a0: AP 172.29.52.21-d8:c7:c8:a0:c9:f0-bvmahoning505-1-2 auth_alg 0
Oct 23 19:50:49 cppm-tc3 2016-10-23 19:50:49,985 140.254.20.28 CPPM_Session_Detail 2936913908 1 0 id=12830009110,session_id=R03bae693-11-580d4c70,type=INTERNAL_IN,attr_name=Connection:Client-Mac-Address-Colon,attr_value=e0:b5:2d:2d:89:a0,timestamp=2016-10-23 19:49:05.511317-04
Oct 23 19:46:34 cppm-kc1 2016-10-23 19:46:34,303 140.254.22.25 CPPM_Session_Detail 1826576072 1 0 id=25751426770,session_id=R01ca422c-14-580d4b3b,type=INTERNAL_IN,attr_name=Connection:Client-Mac-Address-Colon,attr_value=e0:b5:2d:2d:89:a0,timestamp=2016-10-23 19:44:53.299382-04
Oct 23 19:43:58 172.29.52.21 stm[842]: <501102> <NOTI> |AP bvmahoning505-1-2@172.29.52.21 stm|  Disassoc from sta: e0:b5:2d:2d:89:a0: AP 172.29.52.21-d8:c7:c8:a0:c9:f0-bvmahoning505-1-2 Reason STA has left and is disassociated
Oct 23 19:43:55 172.29.52.21 stm[842]: <501100> <NOTI> |AP bvmahoning505-1-2@172.29.52.21 stm|  Assoc success @ 19:43:55.479624: e0:b5:2d:2d:89:a0: AP 172.29.52.21-d8:c7:c8:a0:c9:f0-bvmahoning505-1-2
Oct 23 19:43:55 tnc-w5.net.ohio-state.edu stm[3998]: <501100> <NOTI> <tnc-w5.net.ohio-state.edu 128.146.188.169>  Assoc success @ 19:43:55.487185: e0:b5:2d:2d:89:a0: AP 172.29.52.21-d8:c7:c8:a0:c9:f0-bvmahoning505-1-2
Oct 23 19:43:55 172.29.52.21 stm[842]: <501095> <NOTI> |AP bvmahoning505-1-2@172.29.52.21 stm|  Assoc request @ 19:43:55.478393: e0:b5:2d:2d:89:a0 (SN 3188): AP 172.29.52.21-d8:c7:c8:a0:c9:f0-bvmahoning505-1-2
Oct 23 19:43:55 172.29.52.21 stm[842]: <501093> <NOTI> |AP bvmahoning505-1-2@172.29.52.21 stm|  Auth success: e0:b5:2d:2d:89:a0: AP 172.29.52.21-d8:c7:c8:a0:c9:f0-bvmahoning505-1-2
Oct 23 19:43:55 172.29.52.21 stm[842]: <501109> <NOTI> |AP bvmahoning505-1-2@172.29.52.21 stm|  Auth request: e0:b5:2d:2d:89:a0: AP 172.29.52.21-d8:c7:c8:a0:c9:f0-bvmahoning505-1-2 auth_alg 0
Oct 23 19:42:53 cppm-tc4 2016-10-23 19:42:53,67 128.146.67.199 CPPM_Session_Detail 4023552962 1 0 id=4032569177,session_id=R0065b3e5-15-580d4a7c,type=INTERNAL_IN,attr_name=Connection:Client-Mac-Address-Colon,attr_value=e0:b5:2d:2d:89:a0,timestamp=2016-10-23 19:41:54.696771-04
Oct 23 19:40:47 172.29.52.21 stm[842]: <501102> <NOTI> |AP bvmahoning505-1-2@172.29.52.21 stm|  Disassoc from sta: e0:b5:2d:2d:89:a0: AP 172.29.52.21-d8:c7:c8:a0:c9:f0-bvmahoning505-1-2 Reason STA has left and is disassociated
Oct 23 19:40:44 172.29.52.21 stm[842]: <501100> <NOTI> |AP bvmahoning505-1-2@172.29.52.21 stm|  Assoc success @ 19:40:44.706315: e0:b5:2d:2d:89:a0: AP 172.29.52.21-d8:c7:c8:a0:c9:f0-bvmahoning505-1-2
Oct 23 19:40:44 tnc-w5.net.ohio-state.edu stm[3998]: <501100> <NOTI> <tnc-w5.net.ohio-state.edu 128.146.188.169>  Assoc success @ 19:40:44.711954: e0:b5:2d:2d:89:a0: AP 172.29.52.21-d8:c7:c8:a0:c9:f0-bvmahoning505-1-2
Oct 23 19:40:44 172.29.52.21 stm[842]: <501095> <NOTI> |AP bvmahoning505-1-2@172.29.52.21 stm|  Assoc request @ 19:40:44.704988: e0:b5:2d:2d:89:a0 (SN 3179): AP 172.29.52.21-d8:c7:c8:a0:c9:f0-bvmahoning505-1-2
Oct 23 19:40:44 172.29.52.21 stm[842]: <501093> <NOTI> |AP bvmahoning505-1-2@172.29.52.21 stm|  Auth success: e0:b5:2d:2d:89:a0: AP 172.29.52.21-d8:c7:c8:a0:c9:f0-bvmahoning505-1-2
Oct 23 19:40:30 tnc-w1.net.ohio-state.edu dhcpdwrap[4005]: <202536> <DBUG> <tnc-w1.net.ohio-state.edu 128.146.188.165> |dhcp| Datapath vlan3201: REQUEST e0:b5:2d:2d:89:a0 Transaction ID:0xb79693fa reqIP=128.146.63.190 Options 37:017903060f77fc 39:05dc 3d:01e0b52d2d89a0 33:0076a700 0c:4a69617368616e67736950686f6e65
Oct 23 19:40:30 tnc-w1.net.ohio-state.edu dhcpdwrap[4005]: <202541> <DBUG> <tnc-w1.net.ohio-state.edu 128.146.188.165> |dhcp| Received DHCP packet from Datpath, sos msg hdr flags 0x42 opcode 0x5a ingress 0x10001 vlan 3201 egress 0xc81 src mac e0:b5:2d:2d:89:a0
Oct 23 19:34:25 cppm-tc3 2016-10-23 19:34:25,46 140.254.20.28 CPPM_Session_Detail 2936466447 1 0 id=12829560516,session_id=R03bab49a-11-580d4867,type=INTERNAL_IN,attr_name=Connection:Client-Mac-Address-Colon,attr_value=e0:b5:2d:2d:89:a0,timestamp=2016-10-23 19:31:52.002579-04
Oct 23 19:31:45 tnc-w1.net.ohio-state.edu dhcpdwrap[4005]: <202536> <DBUG> <tnc-w1.net.ohio-state.edu 128.146.188.165> |dhcp| Datapath vlan3201: REQUEST e0:b5:2d:2d:89:a0 Transaction ID:0xb79693f9 reqIP=128.146.63.190 Options 37:017903060f77fc 39:05dc 3d:01e0b52d2d89a0 0c:4a69617368616e67736950686f6e65
Oct 23 19:31:45 tnc-w1.net.ohio-state.edu dhcpdwrap[4005]: <202541> <DBUG> <tnc-w1.net.ohio-state.edu 128.146.188.165> |dhcp| Received DHCP packet from Datpath, sos msg hdr flags 0x42 opcode 0x5a ingress 0x10001 vlan 3201 egress 0xc81 src mac e0:b5:2d:2d:89:a0
Oct 23 19:31:44 tnc-w1.net.ohio-state.edu dhcpdwrap[4005]: <202541> <DBUG> <tnc-w1.net.ohio-state.edu 128.146.188.165> |dhcp| Received DHCP packet from Datpath, sos msg hdr flags 0x42 opcode 0x5a ingress 0x10001 vlan 3201 egress 0xc81 src mac e0:b5:2d:2d:89:a0
Oct 23 19:31:43 172.29.52.21 stm[842]: <501100> <NOTI> |AP bvmahoning505-1-2@172.29.52.21 stm|  Assoc success @ 19:31:43.189198: e0:b5:2d:2d:89:a0: AP 172.29.52.21-d8:c7:c8:a0:c9:f0-bvmahoning505-1-2
Oct 23 19:31:43 172.29.52.21 stm[842]: <501095> <NOTI> |AP bvmahoning505-1-2@172.29.52.21 stm|  Assoc request @ 19:31:43.187723: e0:b5:2d:2d:89:a0 (SN 3017): AP 172.29.52.21-d8:c7:c8:a0:c9:f0-bvmahoning505-1-2
Oct 23 19:31:43 tnc-w5.net.ohio-state.edu stm[3998]: <501100> <NOTI> <tnc-w5.net.ohio-state.edu 128.146.188.169>  Assoc success @ 19:31:43.195655: e0:b5:2d:2d:89:a0: AP 172.29.52.21-d8:c7:c8:a0:c9:f0-bvmahoning505-1-2
Oct 23 19:31:43 172.29.52.21 stm[842]: <501093> <NOTI> |AP bvmahoning505-1-2@172.29.52.21 stm|  Auth success: e0:b5:2d:2d:89:a0: AP 172.29.52.21-d8:c7:c8:a0:c9:f0-bvmahoning505-1-2
Oct 23 19:31:43 172.29.52.21 stm[842]: <501109> <NOTI> |AP bvmahoning505-1-2@172.29.52.21 stm|  Auth request: e0:b5:2d:2d:89:a0: AP 172.29.52.21-d8:c7:c8:a0:c9:f0-bvmahoning505-1-2 auth_alg 0
Oct 23 19:27:24 cppm-tc3 2016-10-23 19:27:24,257 140.254.20.28 CPPM_Session_Detail 2936320345 1 0 id=12829414416,session_id=R03baa467-11-580d4725,type=INTERNAL_IN,attr_name=Connection:Client-Mac-Address-Colon,attr_value=e0:b5:2d:2d:89:a0,timestamp=2016-10-23 19:26:29.827085-04
Oct 23 19:21:23 172.29.52.21 stm[842]: <501102> <NOTI> |AP bvmahoning505-1-2@172.29.52.21 stm|  Disassoc from sta: e0:b5:2d:2d:89:a0: AP 172.29.52.21-d8:c7:c8:a0:c9:f0-bvmahoning505-1-2 Reason STA has left and is disassociated
Oct 23 19:20:43 socc-w2.net.ohio-state.edu stm[3989]: <501100> <NOTI> <socc-w2.net.ohio-state.edu 128.146.188.134>  Assoc success @ 19:20:43.383653: 90:c7:d8:9a:cd:82: AP 172.29.61.38-94:b4:0f:aa:e5:20-paes-g-5
Oct 23 19:20:43 172.29.61.38 stm[2015]: <501100> <NOTI> |AP paes-g-5@172.29.61.38 stm|  Assoc success @ 19:20:43.378144: 90:c7:d8:9a:cd:82: AP 172.29.61.38-94:b4:0f:aa:e5:20-paes-g-5
Oct 23 19:20:43 172.29.61.38 stm[2015]: <501093> <NOTI> |AP paes-g-5@172.29.61.38 stm|  Auth success: 90:c7:d8:9a:cd:82: AP 172.29.61.38-94:b4:0f:aa:e5:20-paes-g-5
Oct 23 19:04:14 tnc-w5.net.ohio-state.edu authmgr[3966]: <522008> <NOTI> <tnc-w5.net.ohio-state.edu 128.146.188.169>  User Authentication Successful: username=liu.3992 MAC=e0:b5:2d:2d:89:a0 IP=128.146.63.190 role=osu-employee-mobile VLAN=3201 AP=bvmahoning505-1-2 SSID=osuwireless AAA profile=osuwireless-tnc-a auth method=802.1x auth server=cppm-socc4
Oct 23 19:04:14 tnc-w5.net.ohio-state.edu authmgr[3966]: <522008> <NOTI> <tnc-w5.net.ohio-state.edu 128.146.188.169>  User Authentication Successful: username=liu.3992 MAC=e0:b5:2d:2d:89:a0 IP=fe80::87b:c89:bf40:9941 role=osu-employee-mobile VLAN=3201 AP=bvmahoning505-1-2 SSID=osuwireless AAA profile=osuwireless-tnc-a auth method=802.1x auth server=cppm-socc4
Oct 23 19:04:13 172.29.52.13 stm[839]: <501105> <NOTI> |AP bvmahoning513-2-1@172.29.52.13 stm|  Deauth from sta: e0:b5:2d:2d:89:a0: AP 172.29.52.13-00:0b:86:7d:cd:e0-bvmahoning513-2-1 Reason STA has roamed to another AP
Oct 23 19:04:13 tnc-w5.net.ohio-state.edu stm[3998]: <501100> <NOTI> <tnc-w5.net.ohio-state.edu 128.146.188.169>  Assoc success @ 19:04:13.764473: e0:b5:2d:2d:89:a0: AP 172.29.52.21-d8:c7:c8:a0:c9:f0-bvmahoning505-1-2
Oct 23 19:04:13 172.29.52.21 stm[842]: <501100> <NOTI> |AP bvmahoning505-1-2@172.29.52.21 stm|  Assoc success @ 19:04:13.755645: e0:b5:2d:2d:89:a0: AP 172.29.52.21-d8:c7:c8:a0:c9:f0-bvmahoning505-1-2
Oct 23 19:04:13 tnc-w5.net.ohio-state.edu stm[3998]: <501080> <NOTI> <tnc-w5.net.ohio-state.edu 128.146.188.169>  Deauth to sta: e0:b5:2d:2d:89:a0: Ageout AP 172.29.52.13-00:0b:86:7d:cd:e0-bvmahoning513-2-1 STA has roamed to another AP
Oct 23 19:04:13 172.29.52.21 stm[842]: <501109> <NOTI> |AP bvmahoning505-1-2@172.29.52.21 stm|  Auth request: e0:b5:2d:2d:89:a0: AP 172.29.52.21-d8:c7:c8:a0:c9:f0-bvmahoning505-1-2 auth_alg 0
Oct 23 18:58:57 tnc-w1.net.ohio-state.edu dhcpdwrap[4005]: <202536> <DBUG> <tnc-w1.net.ohio-state.edu 128.146.188.165> |dhcp| Datapath vlan3201: REQUEST e0:b5:2d:2d:89:a0 Transaction ID:0xb79693f2 reqIP=128.146.63.190 Options 37:017903060f77fc 39:05dc 3d:01e0b52d2d89a0 33:0076a700 0c:4a69617368616e67736950686f6e65
Oct 23 18:58:57 tnc-w1.net.ohio-state.edu dhcpdwrap[4005]: <202541> <DBUG> <tnc-w1.net.ohio-state.edu 128.146.188.165> |dhcp| Received DHCP packet from Datpath, sos msg hdr flags 0x42 opcode 0x5a ingress 0x10001 vlan 3201 egress 0xc81 src mac e0:b5:2d:2d:89:a0
Oct 23 18:58:57 tnc-w5.net.ohio-state.edu authmgr[3966]: <522008> <NOTI> <tnc-w5.net.ohio-state.edu 128.146.188.169>  User Authentication Successful: username=liu.3992 MAC=e0:b5:2d:2d:89:a0 IP=128.146.63.190 role=osu-employee-mobile VLAN=3201 AP=bvmahoning513-2-1 SSID=osuwireless AAA profile=osuwireless-tnc-a auth method=802.1x auth server=cppm-socc4
Oct 23 18:58:57 tnc-w5.net.ohio-state.edu authmgr[3966]: <522008> <NOTI> <tnc-w5.net.ohio-state.edu 128.146.188.169>  User Authentication Successful: username=liu.3992 MAC=e0:b5:2d:2d:89:a0 IP=fe80::87b:c89:bf40:9941 role=osu-employee-mobile VLAN=3201 AP=bvmahoning513-2-1 SSID=osuwireless AAA profile=osuwireless-tnc-a auth method=802.1x auth server=cppm-socc4
Oct 23 18:58:52 172.29.52.13 stm[839]: <501100> <NOTI> |AP bvmahoning513-2-1@172.29.52.13 stm|  Assoc success @ 18:58:52.566002: e0:b5:2d:2d:89:a0: AP 172.29.52.13-00:0b:86:7d:cd:e0-bvmahoning513-2-1
Oct 23 18:58:52 172.29.52.13 stm[839]: <501095> <NOTI> |AP bvmahoning513-2-1@172.29.52.13 stm|  Assoc request @ 18:58:52.564770: e0:b5:2d:2d:89:a0 (SN 961): AP 172.29.52.13-00:0b:86:7d:cd:e0-bvmahoning513-2-1
Oct 23 18:58:52 172.29.52.13 stm[839]: <501093> <NOTI> |AP bvmahoning513-2-1@172.29.52.13 stm|  Auth success: e0:b5:2d:2d:89:a0: AP 172.29.52.13-00:0b:86:7d:cd:e0-bvmahoning513-2-1
Oct 23 18:58:14 172.29.52.13 stm[839]: <501102> <NOTI> |AP bvmahoning513-2-1@172.29.52.13 stm|  Disassoc from sta: e0:b5:2d:2d:89:a0: AP 172.29.52.13-00:0b:86:7d:cd:e0-bvmahoning513-2-1 Reason STA has left and is disassociated
Oct 23 18:50:23 tnc-w1.net.ohio-state.edu dhcpdwrap[4005]: <202536> <DBUG> <tnc-w1.net.ohio-state.edu 128.146.188.165> |dhcp| Datapath vlan3201: REQUEST e0:b5:2d:2d:89:a0 Transaction ID:0xb79693ef reqIP=128.146.63.190 Options 37:017903060f77fc 39:05dc 3d:01e0b52d2d89a0 33:0076a700 0c:4a69617368616e67736950686f6e65
Oct 23 18:50:23 tnc-w1.net.ohio-state.edu dhcpdwrap[4005]: <202541> <DBUG> <tnc-w1.net.ohio-state.edu 128.146.188.165> |dhcp| Received DHCP packet from Datpath, sos msg hdr flags 0x42 opcode 0x5a ingress 0x10001 vlan 3201 egress 0xc81 src mac e0:b5:2d:2d:89:a0
Oct 23 18:50:23 tnc-w5.net.ohio-state.edu authmgr[3966]: <522008> <NOTI> <tnc-w5.net.ohio-state.edu 128.146.188.169>  User Authentication Successful: username=liu.3992 MAC=e0:b5:2d:2d:89:a0 IP=128.146.63.190 role=osu-employee-mobile VLAN=3201 AP=bvmahoning513-2-1 SSID=osuwireless AAA profile=osuwireless-tnc-a auth method=802.1x auth server=cppm-socc4
Oct 23 18:50:23 tnc-w5.net.ohio-state.edu authmgr[3966]: <522008> <NOTI> <tnc-w5.net.ohio-state.edu 128.146.188.169>  User Authentication Successful: username=liu.3992 MAC=e0:b5:2d:2d:89:a0 IP=fe80::87b:c89:bf40:9941 role=osu-employee-mobile VLAN=3201 AP=bvmahoning513-2-1 SSID=osuwireless AAA profile=osuwireless-tnc-a auth method=802.1x auth server=cppm-socc4
Oct 23 18:50:22 tnc-w5.net.ohio-state.edu stm[3998]: <501100> <NOTI> <tnc-w5.net.ohio-state.edu 128.146.188.169>  Assoc success @ 18:50:22.441085: e0:b5:2d:2d:89:a0: AP 172.29.52.13-00:0b:86:7d:cd:e0-bvmahoning513-2-1
Oct 23 18:50:22 172.29.52.13 stm[839]: <501100> <NOTI> |AP bvmahoning513-2-1@172.29.52.13 stm|  Assoc success @ 18:50:22.338170: e0:b5:2d:2d:89:a0: AP 172.29.52.13-00:0b:86:7d:cd:e0-bvmahoning513-2-1
Oct 23 18:50:22 172.29.52.13 stm[839]: <501095> <NOTI> |AP bvmahoning513-2-1@172.29.52.13 stm|  Assoc request @ 18:50:22.336812: e0:b5:2d:2d:89:a0 (SN 739): AP 172.29.52.13-00:0b:86:7d:cd:e0-bvmahoning513-2-1
Oct 23 18:50:22 172.29.52.13 stm[839]: <501093> <NOTI> |AP bvmahoning513-2-1@172.29.52.13 stm|  Auth success: e0:b5:2d:2d:89:a0: AP 172.29.52.13-00:0b:86:7d:cd:e0-bvmahoning513-2-1
Oct 23 18:50:22 172.29.52.13 stm[839]: <501109> <NOTI> |AP bvmahoning513-2-1@172.29.52.13 stm|  Auth request: e0:b5:2d:2d:89:a0: AP 172.29.52.13-00:0b:86:7d:cd:e0-bvmahoning513-2-1 auth_alg 0
Oct 23 18:47:25 172.29.52.13 stm[839]: <501102> <NOTI> |AP bvmahoning513-2-1@172.29.52.13 stm|  Disassoc from sta: e0:b5:2d:2d:89:a0: AP 172.29.52.13-00:0b:86:7d:cd:e0-bvmahoning513-2-1 Reason STA has left and is disassociated
Oct 23 18:41:45 172.29.52.13 stm[839]: <501100> <NOTI> |AP bvmahoning513-2-1@172.29.52.13 stm|  Assoc success @ 18:41:45.401250: e0:b5:2d:2d:89:a0: AP 172.29.52.13-00:0b:86:7d:cd:e0-bvmahoning513-2-1
Oct 23 18:41:45 tnc-w5.net.ohio-state.edu stm[3998]: <501100> <NOTI> <tnc-w5.net.ohio-state.edu 128.146.188.169>  Assoc success @ 18:41:45.412239: e0:b5:2d:2d:89:a0: AP 172.29.52.13-00:0b:86:7d:cd:e0-bvmahoning513-2-1
Oct 23 18:41:45 172.29.52.13 stm[839]: <501095> <NOTI> |AP bvmahoning513-2-1@172.29.52.13 stm|  Assoc request @ 18:41:45.400000: e0:b5:2d:2d:89:a0 (SN 568): AP 172.29.52.13-00:0b:86:7d:cd:e0-bvmahoning513-2-1
Oct 23 18:41:45 172.29.52.13 stm[839]: <501093> <NOTI> |AP bvmahoning513-2-1@172.29.52.13 stm|  Auth success: e0:b5:2d:2d:89:a0: AP 172.29.52.13-00:0b:86:7d:cd:e0-bvmahoning513-2-1
Oct 23 18:41:45 172.29.52.13 stm[839]: <501109> <NOTI> |AP bvmahoning513-2-1@172.29.52.13 stm|  Auth request: e0:b5:2d:2d:89:a0: AP 172.29.52.13-00:0b:86:7d:cd:e0-bvmahoning513-2-1 auth_alg 0
Oct 23 18:38:35 172.29.52.13 stm[839]: <501102> <NOTI> |AP bvmahoning513-2-1@172.29.52.13 stm|  Disassoc from sta: e0:b5:2d:2d:89:a0: AP 172.29.52.13-00:0b:86:7d:cd:e0-bvmahoning513-2-1 Reason STA has left and is disassociated
Oct 23 18:31:19 tnc-w1.net.ohio-state.edu dhcpdwrap[4005]: <202536> <DBUG> <tnc-w1.net.ohio-state.edu 128.146.188.165> |dhcp| Datapath vlan3201: REQUEST e0:b5:2d:2d:89:a0 Transaction ID:0xb79693e9 reqIP=128.146.63.190 Options 37:017903060f77fc 39:05dc 3d:01e0b52d2d89a0 33:0076a700 0c:4a69617368616e67736950686f6e65
Oct 23 18:31:19 tnc-w1.net.ohio-state.edu dhcpdwrap[4005]: <202541> <DBUG> <tnc-w1.net.ohio-state.edu 128.146.188.165> |dhcp| Received DHCP packet from Datpath, sos msg hdr flags 0x42 opcode 0x5a ingress 0x10001 vlan 3201 egress 0xc81 src mac e0:b5:2d:2d:89:a0
Oct 23 18:31:19 tnc-w5.net.ohio-state.edu authmgr[3966]: <522008> <NOTI> <tnc-w5.net.ohio-state.edu 128.146.188.169>  User Authentication Successful: username=liu.3992 MAC=e0:b5:2d:2d:89:a0 IP=128.146.63.190 role=osu-employee-mobile VLAN=3201 AP=bvmahoning513-2-1 SSID=osuwireless AAA profile=osuwireless-tnc-a auth method=802.1x auth server=cppm-socc4
Oct 23 18:31:19 tnc-w5.net.ohio-state.edu authmgr[3966]: <522008> <NOTI> <tnc-w5.net.ohio-state.edu 128.146.188.169>  User Authentication Successful: username=liu.3992 MAC=e0:b5:2d:2d:89:a0 IP=fe80::87b:c89:bf40:9941 role=osu-employee-mobile VLAN=3201 AP=bvmahoning513-2-1 SSID=osuwireless AAA profile=osuwireless-tnc-a auth method=802.1x auth server=cppm-socc4
Oct 23 18:31:18 172.29.52.13 stm[839]: <501100> <NOTI> |AP bvmahoning513-2-1@172.29.52.13 stm|  Assoc success @ 18:31:18.480259: e0:b5:2d:2d:89:a0: AP 172.29.52.13-00:0b:86:7d:cd:e0-bvmahoning513-2-1
Oct 23 18:31:18 172.29.52.13 stm[839]: <501095> <NOTI> |AP bvmahoning513-2-1@172.29.52.13 stm|  Assoc request @ 18:31:18.479052: e0:b5:2d:2d:89:a0 (SN 380): AP 172.29.52.13-00:0b:86:7d:cd:e0-bvmahoning513-2-1
Oct 23 18:31:18 tnc-w5.net.ohio-state.edu stm[3998]: <501100> <NOTI> <tnc-w5.net.ohio-state.edu 128.146.188.169>  Assoc success @ 18:31:18.486024: e0:b5:2d:2d:89:a0: AP 172.29.52.13-00:0b:86:7d:cd:e0-bvmahoning513-2-1
Oct 23 18:31:18 172.29.52.13 stm[839]: <501093> <NOTI> |AP bvmahoning513-2-1@172.29.52.13 stm|  Auth success: e0:b5:2d:2d:89:a0: AP 172.29.52.13-00:0b:86:7d:cd:e0-bvmahoning513-2-1
Oct 23 18:31:18 172.29.52.13 stm[839]: <501109> <NOTI> |AP bvmahoning513-2-1@172.29.52.13 stm|  Auth request: e0:b5:2d:2d:89:a0: AP 172.29.52.13-00:0b:86:7d:cd:e0-bvmahoning513-2-1 auth_alg 0
Oct 23 18:29:08 172.29.52.13 stm[839]: <501102> <NOTI> |AP bvmahoning513-2-1@172.29.52.13 stm|  Disassoc from sta: e0:b5:2d:2d:89:a0: AP 172.29.52.13-00:0b:86:7d:cd:e0-bvmahoning513-2-1 Reason STA has left and is disassociated
Oct 23 18:24:43 cppm-socc4 2016-10-23 18:24:43,559 128.146.178.145 CPPM_Session_Detail 4066385156 1 0 id=4075796790,session_id=R0066a4b3-16-580d3851,type=INTERNAL_IN,attr_name=Connection:Client-Mac-Address-Colon,attr_value=e0:b5:2d:2d:89:a0,timestamp=2016-10-23 18:23:13.914678-04
Oct 23 18:23:41 cppm-kc3 2016-10-23 18:23:41,801 140.254.22.27 CPPM_Session_Detail 3690489923 1 0 id=18041106966,session_id=R02c3601a-08-580d3829,type=INTERNAL_IN,attr_name=Connection:Client-Mac-Address-Colon,attr_value=e0:b5:2d:2d:89:a0,timestamp=2016-10-23 18:22:33.151475-04
Oct 23 18:23:18 tnc-w5.net.ohio-state.edu authmgr[3966]: <522008> <NOTI> <tnc-w5.net.ohio-state.edu 128.146.188.169>  User Authentication Successful: username=liu.3992 MAC=e0:b5:2d:2d:89:a0 IP=128.146.63.190 role=osu-employee-mobile VLAN=3201 AP=bvmahoning513-2-1 SSID=osuwireless AAA profile=osuwireless-tnc-a auth method=802.1x auth server=cppm-socc4
Oct 23 18:23:18 tnc-w5.net.ohio-state.edu authmgr[3966]: <522008> <NOTI> <tnc-w5.net.ohio-state.edu 128.146.188.169>  User Authentication Successful: username=liu.3992 MAC=e0:b5:2d:2d:89:a0 IP=fe80::87b:c89:bf40:9941 role=osu-employee-mobile VLAN=3201 AP=bvmahoning513-2-1 SSID=osuwireless AAA profile=osuwireless-tnc-a auth method=802.1x auth server=cppm-socc4
Oct 23 18:23:17 172.29.52.21 stm[842]: <501105> <NOTI> |AP bvmahoning505-1-2@172.29.52.21 stm|  Deauth from sta: e0:b5:2d:2d:89:a0: AP 172.29.52.21-d8:c7:c8:a0:c9:f0-bvmahoning505-1-2 Reason STA has roamed to another AP
Oct 23 18:23:17 172.29.52.13 stm[839]: <501100> <NOTI> |AP bvmahoning513-2-1@172.29.52.13 stm|  Assoc success @ 18:23:17.715172: e0:b5:2d:2d:89:a0: AP 172.29.52.13-00:0b:86:7d:cd:e0-bvmahoning513-2-1
Oct 23 18:23:17 172.29.52.13 stm[839]: <501095> <NOTI> |AP bvmahoning513-2-1@172.29.52.13 stm|  Assoc request @ 18:23:17.713929: e0:b5:2d:2d:89:a0 (SN 310): AP 172.29.52.13-00:0b:86:7d:cd:e0-bvmahoning513-2-1
Oct 23 18:23:17 tnc-w5.net.ohio-state.edu stm[3998]: <501100> <NOTI> <tnc-w5.net.ohio-state.edu 128.146.188.169>  Assoc success @ 18:23:17.727392: e0:b5:2d:2d:89:a0: AP 172.29.52.13-00:0b:86:7d:cd:e0-bvmahoning513-2-1
Oct 23 18:23:17 tnc-w5.net.ohio-state.edu stm[3998]: <501080> <NOTI> <tnc-w5.net.ohio-state.edu 128.146.188.169>  Deauth to sta: e0:b5:2d:2d:89:a0: Ageout AP 172.29.52.21-d8:c7:c8:a0:c9:f0-bvmahoning505-1-2 STA has roamed to another AP
Oct 23 18:23:17 172.29.52.13 stm[839]: <501093> <NOTI> |AP bvmahoning513-2-1@172.29.52.13 stm|  Auth success: e0:b5:2d:2d:89:a0: AP 172.29.52.13-00:0b:86:7d:cd:e0-bvmahoning513-2-1
Oct 23 18:23:17 172.29.52.13 stm[839]: <501109> <NOTI> |AP bvmahoning513-2-1@172.29.52.13 stm|  Auth request: e0:b5:2d:2d:89:a0: AP 172.29.52.13-00:0b:86:7d:cd:e0-bvmahoning513-2-1 auth_alg 0
Oct 23 18:23:14 tnc-w1.net.ohio-state.edu dhcpdwrap[4005]: <202536> <DBUG> <tnc-w1.net.ohio-state.edu 128.146.188.165> |dhcp| Datapath vlan3201: REQUEST e0:b5:2d:2d:89:a0 Transaction ID:0xb79693e6 reqIP=128.146.63.190 Options 37:017903060f77fc 39:05dc 3d:01e0b52d2d89a0 33:0076a700 0c:4a69617368616e67736950686f6e65
Oct 23 18:23:14 tnc-w1.net.ohio-state.edu dhcpdwrap[4005]: <202541> <DBUG> <tnc-w1.net.ohio-state.edu 128.146.188.165> |dhcp| Received DHCP packet from Datpath, sos msg hdr flags 0x42 opcode 0x5a ingress 0x10001 vlan 3201 egress 0xc81 src mac e0:b5:2d:2d:89:a0
Oct 23 18:23:13 172.29.52.21 stm[842]: <501100> <NOTI> |AP bvmahoning505-1-2@172.29.52.21 stm|  Assoc success @ 18:23:13.512861: e0:b5:2d:2d:89:a0: AP 172.29.52.21-d8:c7:c8:a0:c9:f0-bvmahoning505-1-2
Oct 23 18:23:13 tnc-w5.net.ohio-state.edu stm[3998]: <501100> <NOTI> <tnc-w5.net.ohio-state.edu 128.146.188.169>  Assoc success @ 18:23:13.519980: e0:b5:2d:2d:89:a0: AP 172.29.52.21-d8:c7:c8:a0:c9:f0-bvmahoning505-1-2
Oct 23 18:23:13 172.29.52.21 stm[842]: <501095> <NOTI> |AP bvmahoning505-1-2@172.29.52.21 stm|  Assoc request @ 18:23:13.511311: e0:b5:2d:2d:89:a0 (SN 219): AP 172.29.52.21-d8:c7:c8:a0:c9:f0-bvmahoning505-1-2
Oct 23 18:23:13 172.29.52.21 stm[842]: <501093> <NOTI> |AP bvmahoning505-1-2@172.29.52.21 stm|  Auth success: e0:b5:2d:2d:89:a0: AP 172.29.52.21-d8:c7:c8:a0:c9:f0-bvmahoning505-1-2
Oct 23 18:23:13 172.29.52.21 stm[842]: <501109> <NOTI> |AP bvmahoning505-1-2@172.29.52.21 stm|  Auth request: e0:b5:2d:2d:89:a0: AP 172.29.52.21-d8:c7:c8:a0:c9:f0-bvmahoning505-1-2 auth_alg 0
Oct 23 18:17:26 172.29.52.21 stm[842]: <501102> <NOTI> |AP bvmahoning505-1-2@172.29.52.21 stm|  Disassoc from sta: e0:b5:2d:2d:89:a0: AP 172.29.52.21-d8:c7:c8:a0:c9:f0-bvmahoning505-1-2 Reason STA has left and is disassociated
Oct 23 18:14:03 172.29.6.14 stm[2007]: <501080> <NOTI> |AP dreese-2-7@172.29.6.14 stm|  Deauth to sta: d8:5d:e2:99:a0:a1: Ageout AP 172.29.6.14-94:b4:0f:ad:ee:60-dreese-2-7 Sapcp Ageout (internal ageout) 
Oct 23 18:14:03 172.29.6.14 stm[2007]: <501106> <NOTI> |AP dreese-2-7@172.29.6.14 stm|  Deauth to sta: d8:5d:e2:99:a0:a1: Ageout AP 172.29.6.14-94:b4:0f:ad:ee:60-dreese-2-7 handle_sapcp
Oct 23 18:13:25 172.29.6.14 stm[2007]: <501102> <NOTI> |AP dreese-2-7@172.29.6.14 stm|  Disassoc from sta: d8:5d:e2:99:a0:a1: AP 172.29.6.14-94:b4:0f:ad:ee:60-dreese-2-7 Reason STA has left and is disassociated
Oct 23 18:10:52 172.29.52.21 stm[842]: <501100> <NOTI> |AP bvmahoning505-1-2@172.29.52.21 stm|  Assoc success @ 18:10:52.279452: e0:b5:2d:2d:89:a0: AP 172.29.52.21-d8:c7:c8:a0:c9:f0-bvmahoning505-1-2
Oct 23 18:10:52 172.29.52.21 stm[842]: <501095> <NOTI> |AP bvmahoning505-1-2@172.29.52.21 stm|  Assoc request @ 18:10:52.276845: e0:b5:2d:2d:89:a0 (SN 87): AP 172.29.52.21-d8:c7:c8:a0:c9:f0-bvmahoning505-1-2
Oct 23 18:10:52 172.29.52.13 stm[839]: <501105> <NOTI> |AP bvmahoning513-2-1@172.29.52.13 stm|  Deauth from sta: e0:b5:2d:2d:89:a0: AP 172.29.52.13-00:0b:86:7d:cd:e8-bvmahoning513-2-1 Reason STA has roamed to another AP
Oct 23 18:10:52 tnc-w5.net.ohio-state.edu authmgr[3966]: <522008> <NOTI> <tnc-w5.net.ohio-state.edu 128.146.188.169>  User Authentication Successful: username=liu.3992 MAC=e0:b5:2d:2d:89:a0 IP=128.146.63.190 role=osu-employee-mobile VLAN=3201 AP=bvmahoning505-1-2 SSID=osuwireless AAA profile=osuwireless-tnc-a auth method=802.1x auth server=cppm-socc4
Oct 23 18:10:52 tnc-w5.net.ohio-state.edu authmgr[3966]: <522008> <NOTI> <tnc-w5.net.ohio-state.edu 128.146.188.169>  User Authentication Successful: username=liu.3992 MAC=e0:b5:2d:2d:89:a0 IP=fe80::87b:c89:bf40:9941 role=osu-employee-mobile VLAN=3201 AP=bvmahoning505-1-2 SSID=osuwireless AAA profile=osuwireless-tnc-a auth method=802.1x auth server=cppm-socc4
Oct 23 18:10:52 tnc-w5.net.ohio-state.edu stm[3998]: <501100> <NOTI> <tnc-w5.net.ohio-state.edu 128.146.188.169>  Assoc success @ 18:10:52.289402: e0:b5:2d:2d:89:a0: AP 172.29.52.21-d8:c7:c8:a0:c9:f0-bvmahoning505-1-2
Oct 23 18:10:52 tnc-w5.net.ohio-state.edu stm[3998]: <501080> <NOTI> <tnc-w5.net.ohio-state.edu 128.146.188.169>  Deauth to sta: e0:b5:2d:2d:89:a0: Ageout AP 172.29.52.13-00:0b:86:7d:cd:e8-bvmahoning513-2-1 STA has roamed to another AP
Oct 23 18:10:52 172.29.52.21 stm[842]: <501093> <NOTI> |AP bvmahoning505-1-2@172.29.52.21 stm|  Auth success: e0:b5:2d:2d:89:a0: AP 172.29.52.21-d8:c7:c8:a0:c9:f0-bvmahoning505-1-2
Oct 23 18:10:52 172.29.52.21 stm[842]: <501109> <NOTI> |AP bvmahoning505-1-2@172.29.52.21 stm|  Auth request: e0:b5:2d:2d:89:a0: AP 172.29.52.21-d8:c7:c8:a0:c9:f0-bvmahoning505-1-2 auth_alg 0
Oct 23 18:10:44 tnc-w5.net.ohio-state.edu authmgr[3966]: <522008> <NOTI> <tnc-w5.net.ohio-state.edu 128.146.188.169>  User Authentication Successful: username=liu.3992 MAC=e0:b5:2d:2d:89:a0 IP=128.146.63.190 role=osu-employee-mobile VLAN=3201 AP=bvmahoning513-2-1 SSID=osuwireless AAA profile=osuwireless-tnc-a auth method=802.1x auth server=cppm-socc4
Oct 23 18:10:44 tnc-w5.net.ohio-state.edu authmgr[3966]: <522008> <NOTI> <tnc-w5.net.ohio-state.edu 128.146.188.169>  User Authentication Successful: username=liu.3992 MAC=e0:b5:2d:2d:89:a0 IP=fe80::87b:c89:bf40:9941 role=osu-employee-mobile VLAN=3201 AP=bvmahoning513-2-1 SSID=osuwireless AAA profile=osuwireless-tnc-a auth method=802.1x auth server=cppm-socc4
Oct 23 18:10:44 172.29.52.21 stm[842]: <501105> <NOTI> |AP bvmahoning505-1-2@172.29.52.21 stm|  Deauth from sta: e0:b5:2d:2d:89:a0: AP 172.29.52.21-d8:c7:c8:a0:c9:f0-bvmahoning505-1-2 Reason STA has roamed to another AP
Oct 23 18:10:44 tnc-w5.net.ohio-state.edu stm[3998]: <501100> <NOTI> <tnc-w5.net.ohio-state.edu 128.146.188.169>  Assoc success @ 18:10:44.660255: e0:b5:2d:2d:89:a0: AP 172.29.52.13-00:0b:86:7d:cd:e8-bvmahoning513-2-1
Oct 23 18:10:44 tnc-w5.net.ohio-state.edu stm[3998]: <501080> <NOTI> <tnc-w5.net.ohio-state.edu 128.146.188.169>  Deauth to sta: e0:b5:2d:2d:89:a0: Ageout AP 172.29.52.21-d8:c7:c8:a0:c9:f0-bvmahoning505-1-2 STA has roamed to another AP
Oct 23 18:10:44 172.29.52.13 stm[839]: <501093> <NOTI> |AP bvmahoning513-2-1@172.29.52.13 stm|  Auth success: e0:b5:2d:2d:89:a0: AP 172.29.52.13-00:0b:86:7d:cd:e8-bvmahoning513-2-1
Oct 23 18:10:44 172.29.52.13 stm[839]: <501109> <NOTI> |AP bvmahoning513-2-1@172.29.52.13 stm|  Auth request: e0:b5:2d:2d:89:a0: AP 172.29.52.13-00:0b:86:7d:cd:e8-bvmahoning513-2-1 auth_alg 0
Oct 23 18:10:44 172.29.52.13 stm[839]: <501093> <NOTI> |AP bvmahoning513-2-1@172.29.52.13 stm|  Auth success: e0:b5:2d:2d:89:a0: AP 172.29.52.13-00:0b:86:7d:cd:e8-bvmahoning513-2-1
Oct 23 18:10:44 172.29.52.13 stm[839]: <501109> <NOTI> |AP bvmahoning513-2-1@172.29.52.13 stm|  Auth request: e0:b5:2d:2d:89:a0: AP 172.29.52.13-00:0b:86:7d:cd:e8-bvmahoning513-2-1 auth_alg 0
Oct 23 18:10:39 tnc-w1.net.ohio-state.edu dhcpdwrap[4005]: <202536> <DBUG> <tnc-w1.net.ohio-state.edu 128.146.188.165> |dhcp| Datapath vlan3201: REQUEST e0:b5:2d:2d:89:a0 Transaction ID:0xb79693e2 reqIP=128.146.63.190 Options 37:017903060f77fc 39:05dc 3d:01e0b52d2d89a0 33:0076a700 0c:4a69617368616e67736950686f6e65
Oct 23 18:10:39 tnc-w1.net.ohio-state.edu dhcpdwrap[4005]: <202541> <DBUG> <tnc-w1.net.ohio-state.edu 128.146.188.165> |dhcp| Received DHCP packet from Datpath, sos msg hdr flags 0x42 opcode 0x5a ingress 0x10001 vlan 3201 egress 0xc81 src mac e0:b5:2d:2d:89:a0
Oct 23 18:10:39 tnc-w5.net.ohio-state.edu authmgr[3966]: <522008> <NOTI> <tnc-w5.net.ohio-state.edu 128.146.188.169>  User Authentication Successful: username=liu.3992 MAC=e0:b5:2d:2d:89:a0 IP=128.146.63.190 role=osu-employee-mobile VLAN=3201 AP=bvmahoning505-1-2 SSID=osuwireless AAA profile=osuwireless-tnc-a auth method=802.1x auth server=cppm-socc4
Oct 23 18:10:39 tnc-w5.net.ohio-state.edu authmgr[3966]: <522008> <NOTI> <tnc-w5.net.ohio-state.edu 128.146.188.169>  User Authentication Successful: username=liu.3992 MAC=e0:b5:2d:2d:89:a0 IP=fe80::87b:c89:bf40:9941 role=osu-employee-mobile VLAN=3201 AP=bvmahoning505-1-2 SSID=osuwireless AAA profile=osuwireless-tnc-a auth method=802.1x auth server=cppm-socc4
Oct 23 18:10:34 172.29.52.21 stm[842]: <501100> <NOTI> |AP bvmahoning505-1-2@172.29.52.21 stm|  Assoc success @ 18:10:33.979674: e0:b5:2d:2d:89:a0: AP 172.29.52.21-d8:c7:c8:a0:c9:f0-bvmahoning505-1-2
Oct 23 18:10:34 172.29.52.21 stm[842]: <501095> <NOTI> |AP bvmahoning505-1-2@172.29.52.21 stm|  Assoc request @ 18:10:33.978462: e0:b5:2d:2d:89:a0 (SN 4047): AP 172.29.52.21-d8:c7:c8:a0:c9:f0-bvmahoning505-1-2
Oct 23 18:10:33 tnc-w5.net.ohio-state.edu stm[3998]: <501100> <NOTI> <tnc-w5.net.ohio-state.edu 128.146.188.169>  Assoc success @ 18:10:33.992027: e0:b5:2d:2d:89:a0: AP 172.29.52.21-d8:c7:c8:a0:c9:f0-bvmahoning505-1-2
Oct 23 18:10:33 172.29.52.21 stm[842]: <501093> <NOTI> |AP bvmahoning505-1-2@172.29.52.21 stm|  Auth success: e0:b5:2d:2d:89:a0: AP 172.29.52.21-d8:c7:c8:a0:c9:f0-bvmahoning505-1-2
Oct 23 18:10:33 172.29.52.21 stm[842]: <501109> <NOTI> |AP bvmahoning505-1-2@172.29.52.21 stm|  Auth request: e0:b5:2d:2d:89:a0: AP 172.29.52.21-d8:c7:c8:a0:c9:f0-bvmahoning505-1-2 auth_alg 0
Oct 23 18:10:13 172.29.52.21 stm[842]: <501102> <NOTI> |AP bvmahoning505-1-2@172.29.52.21 stm|  Disassoc from sta: e0:b5:2d:2d:89:a0: AP 172.29.52.21-d8:c7:c8:a0:c9:f0-bvmahoning505-1-2 Reason STA has left and is disassociated
Oct 23 18:10:09 tnc-w1.net.ohio-state.edu dhcpdwrap[4005]: <202536> <DBUG> <tnc-w1.net.ohio-state.edu 128.146.188.165> |dhcp| Datapath vlan3201: REQUEST e0:b5:2d:2d:89:a0 Transaction ID:0xb79693e0 reqIP=128.146.63.190 Options 37:017903060f77fc 39:05dc 3d:01e0b52d2d89a0 33:0076a700 0c:4a69617368616e67736950686f6e65
Oct 23 18:01:24 tnc-w1.net.ohio-state.edu dhcpdwrap[4005]: <202536> <DBUG> <tnc-w1.net.ohio-state.edu 128.146.188.165> |dhcp| Datapath vlan3201: REQUEST e0:b5:2d:2d:89:a0 Transaction ID:0xb79693df reqIP=128.146.63.190 Options 37:017903060f77fc 39:05dc 3d:01e0b52d2d89a0 33:0076a700 0c:4a69617368616e67736950686f6e65
